Component: ARM Compiler 6.7 Tool: armlink [5c9ef700]

==============================================================================

Section Cross References

    startup_stm32f405xx.o(STACK) refers (Special) to heapauxi.o(.text) for __use_two_region_memory
    startup_stm32f405xx.o(HEAP) refers (Special) to heapauxi.o(.text) for __use_two_region_memory
    startup_stm32f405xx.o(RESET) refers (Special) to heapauxi.o(.text) for __use_two_region_memory
    startup_stm32f405xx.o(RESET) refers to startup_stm32f405xx.o(STACK) for __initial_sp
    startup_stm32f405xx.o(RESET) refers to startup_stm32f405xx.o(.text) for Reset_Handler
    startup_stm32f405xx.o(RESET) refers to stm32f4xx_it.o(.text.NMI_Handler) for NMI_Handler
    startup_stm32f405xx.o(RESET) refers to stm32f4xx_it.o(.text.HardFault_Handler) for HardFault_Handler
    startup_stm32f405xx.o(RESET) refers to stm32f4xx_it.o(.text.MemManage_Handler) for MemManage_Handler
    startup_stm32f405xx.o(RESET) refers to stm32f4xx_it.o(.text.BusFault_Handler) for BusFault_Handler
    startup_stm32f405xx.o(RESET) refers to stm32f4xx_it.o(.text.UsageFault_Handler) for UsageFault_Handler
    startup_stm32f405xx.o(RESET) refers to stm32f4xx_it.o(.text.SVC_Handler) for SVC_Handler
    startup_stm32f405xx.o(RESET) refers to stm32f4xx_it.o(.text.DebugMon_Handler) for DebugMon_Handler
    startup_stm32f405xx.o(RESET) refers to stm32f4xx_it.o(.text.PendSV_Handler) for PendSV_Handler
    startup_stm32f405xx.o(RESET) refers to stm32f4xx_it.o(.text.SysTick_Handler) for SysTick_Handler
    startup_stm32f405xx.o(.text) refers (Special) to heapauxi.o(.text) for __use_two_region_memory
    startup_stm32f405xx.o(.text) refers to system_stm32f4xx.o(.text.SystemInit) for SystemInit
    startup_stm32f405xx.o(.text) refers to __main.o(!!!main) for __main
    startup_stm32f405xx.o(.text) refers to startup_stm32f405xx.o(HEAP) for Heap_Mem
    startup_stm32f405xx.o(.text) refers to startup_stm32f405xx.o(STACK) for Stack_Mem
    maincpp.o(.text.main_cpp) refers to maincpp.o(.text._ZN5Motor16MotorInterface_t11Motor_startEv) for Motor::MotorInterface_t::Motor_start()
    maincpp.o(.text.main_cpp) refers to tim.o(.bss.htim8) for htim8
    maincpp.o(.ARM.exidx.text.main_cpp) refers to Unwind-EHABI.cpp.o(.text.__aeabi_unwind_cpp_pr0) for __aeabi_unwind_cpp_pr0
    maincpp.o(.ARM.exidx.text.main_cpp) refers to maincpp.o(.text.main_cpp) for [Anonymous Symbol]
    main.o(.text.main) refers to stm32f4xx_hal.o(.text.HAL_Init) for HAL_Init
    main.o(.text.main) refers to main.o(.text.SystemClock_Config) for SystemClock_Config
    main.o(.text.main) refers to gpio.o(.text.MX_GPIO_Init) for MX_GPIO_Init
    main.o(.text.main) refers to tim.o(.text.MX_TIM8_Init) for MX_TIM8_Init
    main.o(.text.main) refers to tim.o(.text.MX_TIM1_Init) for MX_TIM1_Init
    main.o(.text.main) refers to maincpp.o(.text.main_cpp) for main_cpp
    main.o(.text.main) refers to stm32f4xx_hal_tim.o(.text.HAL_TIM_Encoder_Start) for HAL_TIM_Encoder_Start
    main.o(.text.main) refers to tim.o(.bss.htim1) for htim1
    main.o(.text.main) refers to main.o(.bss.encoder_count) for encoder_count
    main.o(.ARM.exidx.text.main) refers to main.o(.text.main) for [Anonymous Symbol]
    main.o(.text.SystemClock_Config) refers to rt_memclr_w.o(.text) for __aeabi_memclr4
    main.o(.text.SystemClock_Config) refers to stm32f4xx_hal_rcc.o(.text.HAL_RCC_OscConfig) for HAL_RCC_OscConfig
    main.o(.text.SystemClock_Config) refers to stm32f4xx_hal_rcc.o(.text.HAL_RCC_ClockConfig) for HAL_RCC_ClockConfig
    main.o(.ARM.exidx.text.SystemClock_Config) refers to main.o(.text.SystemClock_Config) for [Anonymous Symbol]
    main.o(.ARM.exidx.text.Error_Handler) refers to main.o(.text.Error_Handler) for [Anonymous Symbol]
    gpio.o(.text.MX_GPIO_Init) refers to stm32f4xx_hal_gpio.o(.text.HAL_GPIO_WritePin) for HAL_GPIO_WritePin
    gpio.o(.text.MX_GPIO_Init) refers to stm32f4xx_hal_gpio.o(.text.HAL_GPIO_Init) for HAL_GPIO_Init
    gpio.o(.ARM.exidx.text.MX_GPIO_Init) refers to gpio.o(.text.MX_GPIO_Init) for [Anonymous Symbol]
    tim.o(.text.MX_TIM1_Init) refers to stm32f4xx_hal_tim.o(.text.HAL_TIM_Encoder_Init) for HAL_TIM_Encoder_Init
    tim.o(.text.MX_TIM1_Init) refers to main.o(.text.Error_Handler) for Error_Handler
    tim.o(.text.MX_TIM1_Init) refers to stm32f4xx_hal_tim_ex.o(.text.HAL_TIMEx_MasterConfigSynchronization) for HAL_TIMEx_MasterConfigSynchronization
    tim.o(.text.MX_TIM1_Init) refers to tim.o(.bss.htim1) for htim1
    tim.o(.ARM.exidx.text.MX_TIM1_Init) refers to tim.o(.text.MX_TIM1_Init) for [Anonymous Symbol]
    tim.o(.text.MX_TIM8_Init) refers to rt_memclr_w.o(.text) for __aeabi_memclr4
    tim.o(.text.MX_TIM8_Init) refers to stm32f4xx_hal_tim.o(.text.HAL_TIM_Base_Init) for HAL_TIM_Base_Init
    tim.o(.text.MX_TIM8_Init) refers to main.o(.text.Error_Handler) for Error_Handler
    tim.o(.text.MX_TIM8_Init) refers to stm32f4xx_hal_tim.o(.text.HAL_TIM_ConfigClockSource) for HAL_TIM_ConfigClockSource
[...]
    Removing stm32f4xx_hal_cortex.o(.text.HAL_MPU_ConfigRegion), (84 bytes).
    Removing stm32f4xx_hal_cortex.o(.ARM.exidx.text.HAL_MPU_ConfigRegion), (8 bytes).
    Removing stm32f4xx_hal_cortex.o(.text.HAL_CORTEX_ClearEvent), (6 bytes).
    Removing stm32f4xx_hal_cortex.o(.ARM.exidx.text.HAL_CORTEX_ClearEvent), (8 bytes).
    Removing stm32f4xx_hal_cortex.o(.text.HAL_NVIC_GetPriorityGrouping), (16 bytes).
    Removing stm32f4xx_hal_cortex.o(.ARM.exidx.text.HAL_NVIC_GetPriorityGrouping), (8 bytes).
    Removing stm32f4xx_hal_cortex.o(.text.HAL_NVIC_GetPriority), (88 bytes).
    Removing stm32f4xx_hal_cortex.o(.ARM.exidx.text.HAL_NVIC_GetPriority), (8 bytes).
    Removing stm32f4xx_hal_cortex.o(.text.HAL_NVIC_SetPendingIRQ), (28 bytes).
    Removing stm32f4xx_hal_cortex.o(.ARM.exidx.text.HAL_NVIC_SetPendingIRQ), (8 bytes).
    Removing stm32f4xx_hal_cortex.o(.text.HAL_NVIC_GetPendingIRQ), (40 bytes).
    Removing stm32f4xx_hal_cortex.o(.ARM.exidx.text.HAL_NVIC_GetPendingIRQ), (8 bytes).
    Removing stm32f4xx_hal_cortex.o(.text.HAL_NVIC_ClearPendingIRQ), (28 bytes).
    Removing stm32f4xx_hal_cortex.o(.ARM.exidx.text.HAL_NVIC_ClearPendingIRQ), (8 bytes).
    Removing stm32f4xx_hal_cortex.o(.text.HAL_NVIC_GetActive), (40 bytes).
    Removing stm32f4xx_hal_cortex.o(.ARM.exidx.text.HAL_NVIC_GetActive), (8 bytes).
    Removing stm32f4xx_hal_cortex.o(.text.HAL_SYSTICK_CLKSourceConfig), (24 bytes).
    Removing stm32f4xx_hal_cortex.o(.ARM.exidx.text.HAL_SYSTICK_CLKSourceConfig), (8 bytes).
    Removing stm32f4xx_hal_cortex.o(.text.HAL_SYSTICK_IRQHandler), (4 bytes).
    Removing stm32f4xx_hal_cortex.o(.ARM.exidx.text.HAL_SYSTICK_IRQHandler), (8 bytes).
    Removing stm32f4xx_hal_cortex.o(.text.HAL_SYSTICK_Callback), (2 bytes).
    Removing stm32f4xx_hal_cortex.o(.ARM.exidx.text.HAL_SYSTICK_Callback), (8 bytes).
    Removing stm32f4xx_hal.o(.text), (0 bytes).
    Removing stm32f4xx_hal.o(.ARM.exidx.text.HAL_Init), (8 bytes).
    Removing stm32f4xx_hal.o(.ARM.exidx.text.HAL_InitTick), (8 bytes).
    Removing stm32f4xx_hal.o(.text.HAL_MspInit), (2 bytes).
    Removing stm32f4xx_hal.o(.ARM.exidx.text.HAL_MspInit), (8 bytes).
    Removing stm32f4xx_hal.o(.text.HAL_DeInit), (60 bytes).
    Removing stm32f4xx_hal.o(.ARM.exidx.text.HAL_DeInit), (8 bytes).
    Removing stm32f4xx_hal.o(.text.HAL_MspDeInit), (2 bytes).
    Removing stm32f4xx_hal.o(.ARM.exidx.text.HAL_MspDeInit), (8 bytes).
    Removing stm32f4xx_hal.o(.ARM.exidx.text.HAL_IncTick), (8 bytes).
    Removing stm32f4xx_hal.o(.ARM.exidx.text.HAL_GetTick), (8 bytes).
    Removing stm32f4xx_hal.o(.text.HAL_GetTickPrio), (12 bytes).
    Removing stm32f4xx_hal.o(.ARM.exidx.text.HAL_GetTickPrio), (8 bytes).
    Removing stm32f4xx_hal.o(.text.HAL_SetTickFreq), (32 bytes).
    Removing stm32f4xx_hal.o(.ARM.exidx.text.HAL_SetTickFreq), (8 bytes).
    Removing stm32f4xx_hal.o(.text.HAL_GetTickFreq), (12 bytes).
    Removing stm32f4xx_hal.o(.ARM.exidx.text.HAL_GetTickFreq), (8 bytes).
    Removing stm32f4xx_hal.o(.text.HAL_Delay), (44 bytes).
    Removing stm32f4xx_hal.o(.ARM.exidx.text.HAL_Delay), (8 bytes).
    Removing stm32f4xx_hal.o(.text.HAL_SuspendTick), (16 bytes).
    Removing stm32f4xx_hal.o(.ARM.exidx.text.HAL_SuspendTick), (8 bytes).
    Removing stm32f4xx_hal.o(.text.HAL_ResumeTick), (16 bytes).
    Removing stm32f4xx_hal.o(.ARM.exidx.text.HAL_ResumeTick), (8 bytes).
    Removing stm32f4xx_hal.o(.text.HAL_GetHalVersion), (8 bytes).
    Removing stm32f4xx_hal.o(.ARM.exidx.text.HAL_GetHalVersion), (8 bytes).
    Removing stm32f4xx_hal.o(.text.HAL_GetREVID), (12 bytes).
    Removing stm32f4xx_hal.o(.ARM.exidx.text.HAL_GetREVID), (8 bytes).
    Removing stm32f4xx_hal.o(.text.HAL_GetDEVID), (16 bytes).
    Removing stm32f4xx_hal.o(.ARM.exidx.text.HAL_GetDEVID), (8 bytes).
    Removing stm32f4xx_hal.o(.text.HAL_DBGMCU_EnableDBGSleepMode), (16 bytes).
    Removing stm32f4xx_hal.o(.ARM.exidx.text.HAL_DBGMCU_EnableDBGSleepMode), (8 bytes).
    Removing stm32f4xx_hal.o(.text.HAL_DBGMCU_DisableDBGSleepMode), (16 bytes).
    Removing stm32f4xx_hal.o(.ARM.exidx.text.HAL_DBGMCU_DisableDBGSleepMode), (8 bytes).
    Removing stm32f4xx_hal.o(.text.HAL_DBGMCU_EnableDBGStopMode), (16 bytes).
    Removing stm32f4xx_hal.o(.ARM.exidx.text.HAL_DBGMCU_EnableDBGStopMode), (8 bytes).
    Removing stm32f4xx_hal.o(.text.HAL_DBGMCU_DisableDBGStopMode), (16 bytes).
    Removing stm32f4xx_hal.o(.ARM.exidx.text.HAL_DBGMCU_DisableDBGStopMode), (8 bytes).
    Removing stm32f4xx_hal.o(.text.HAL_DBGMCU_EnableDBGStandbyMode), (16 bytes).
    Removing stm32f4xx_hal.o(.ARM.exidx.text.HAL_DBGMCU_EnableDBGStandbyMode), (8 bytes).
    Removing stm32f4xx_hal.o(.text.HAL_DBGMCU_DisableDBGStandbyMode), (16 bytes).
    Removing stm32f4xx_hal.o(.ARM.exidx.text.HAL_DBGMCU_DisableDBGStandbyMode), (8 bytes).
    Removing stm32f4xx_hal.o(.text.HAL_EnableCompensationCell), (12 bytes).
    Removing stm32f4xx_hal.o(.ARM.exidx.text.HAL_EnableCompensationCell), (8 bytes).
    Removing stm32f4xx_hal.o(.text.HAL_DisableCompensationCell), (12 bytes).
    Removing stm32f4xx_hal.o(.ARM.exidx.text.HAL_DisableCompensationCell), (8 bytes).
    Removing stm32f4xx_hal.o(.text.HAL_GetUIDw0), (12 bytes).
    Removing stm32f4xx_hal.o(.ARM.exidx.text.HAL_GetUIDw0), (8 bytes).
    Removing stm32f4xx_hal.o(.text.HAL_GetUIDw1), (12 bytes).
    Removing stm32f4xx_hal.o(.ARM.exidx.text.HAL_GetUIDw1), (8 bytes).
    Removing stm32f4xx_hal.o(.text.HAL_GetUIDw2), (12 bytes).
    Removing stm32f4xx_hal.o(.ARM.exidx.text.HAL_GetUIDw2), (8 bytes).
    Removing stm32f4xx_hal_exti.o(.text), (0 bytes).
    Removing stm32f4xx_hal_exti.o(.text.HAL_EXTI_SetConfigLine), (164 bytes).
    Removing stm32f4xx_hal_exti.o(.ARM.exidx.text.HAL_EXTI_SetConfigLine), (8 bytes).
    Removing stm32f4xx_hal_exti.o(.text.HAL_EXTI_GetConfigLine), (136 bytes).
    Removing stm32f4xx_hal_exti.o(.ARM.exidx.text.HAL_EXTI_GetConfigLine), (8 bytes).
    Removing stm32f4xx_hal_exti.o(.text.HAL_EXTI_ClearConfigLine), (128 bytes).
    Removing stm32f4xx_hal_exti.o(.ARM.exidx.text.HAL_EXTI_ClearConfigLine), (8 bytes).
    Removing stm32f4xx_hal_exti.o(.text.HAL_EXTI_RegisterCallback), (12 bytes).
    Removing stm32f4xx_hal_exti.o(.ARM.exidx.text.HAL_EXTI_RegisterCallback), (8 bytes).
    Removing stm32f4xx_hal_exti.o(.text.HAL_EXTI_GetHandle), (12 bytes).
    Removing stm32f4xx_hal_exti.o(.ARM.exidx.text.HAL_EXTI_GetHandle), (8 bytes).
    Removing stm32f4xx_hal_exti.o(.text.HAL_EXTI_IRQHandler), (36 bytes).
    Removing stm32f4xx_hal_exti.o(.ARM.exidx.text.HAL_EXTI_IRQHandler), (8 bytes).
    Removing stm32f4xx_hal_exti.o(.text.HAL_EXTI_GetPending), (28 bytes).
    Removing stm32f4xx_hal_exti.o(.ARM.exidx.text.HAL_EXTI_GetPending), (8 bytes).
    Removing stm32f4xx_hal_exti.o(.text.HAL_EXTI_ClearPending), (24 bytes).
    Removing stm32f4xx_hal_exti.o(.ARM.exidx.text.HAL_EXTI_ClearPending), (8 bytes).
    Removing stm32f4xx_hal_exti.o(.text.HAL_EXTI_GenerateSWI), (24 bytes).
    Removing stm32f4xx_hal_exti.o(.ARM.exidx.text.HAL_EXTI_GenerateSWI), (8 bytes).
    Removing system_stm32f4xx.o(.text), (0 bytes).
    Removing system_stm32f4xx.o(.ARM.exidx.text.SystemInit), (8 bytes).
    Removing system_stm32f4xx.o(.text.SystemCoreClockUpdate), (116 bytes).
    Removing system_stm32f4xx.o(.ARM.exidx.text.SystemCoreClockUpdate), (8 bytes).
    Removing system_stm32f4xx.o(.rodata.APBPrescTable), (8 bytes).
    Removing motor.o(.text), (0 bytes).
    Removing Unwind-EHABI.cpp.o(.text), (0 bytes).
    Removing Unwind-EHABI.cpp.o(.text.decode_eht_entry), (82 bytes).
    Removing Unwind-EHABI.cpp.o(.ARM.exidx.text.decode_eht_entry), (8 bytes).
    Removing Unwind-EHABI.cpp.o(.text._Unwind_VRS_Interpret), (562 bytes).
    Removing Unwind-EHABI.cpp.o(.ARM.exidx.text._Unwind_VRS_Interpret), (8 bytes).
    Removing Unwind-EHABI.cpp.o(.text._Unwind_VRS_Get), (88 bytes).
    Removing Unwind-EHABI.cpp.o(.ARM.exidx.text._Unwind_VRS_Get), (8 bytes).
    Removing Unwind-EHABI.cpp.o(.text._Unwind_VRS_Set), (90 bytes).
    Removing Unwind-EHABI.cpp.o(.ARM.exidx.text._Unwind_VRS_Set), (8 bytes).
    Removing Unwind-EHABI.cpp.o(.text._Unwind_VRS_Pop), (232 bytes).
    Removing Unwind-EHABI.cpp.o(.ARM.exidx.text._Unwind_VRS_Pop), (8 bytes).
    Removing Unwind-EHABI.cpp.o(.text.__aeabi_unwind_cpp_pr0), (8 bytes).
    Removing Unwind-EHABI.cpp.o(.ARM.exidx.text.__aeabi_unwind_cpp_pr0), (8 bytes).
    Removing Unwind-EHABI.cpp.o(.text._ZN12_GLOBAL__N_1L14unwindOneFrameEjP21_Unwind_Control_BlockP15_Unwind_Context), (54 bytes).
    Removing Unwind-EHABI.cpp.o(.ARM.exidx.text._ZN12_GLOBAL__N_1L14unwindOneFrameEjP21_Unwind_Control_BlockP15_Unwind_Context), (8 bytes).
    Removing Unwind-EHABI.cpp.o(.text.__aeabi_unwind_cpp_pr1), (8 bytes).
    Removing Unwind-EHABI.cpp.o(.ARM.exidx.text.__aeabi_unwind_cpp_pr1), (8 bytes).
    Removing Unwind-EHABI.cpp.o(.text.__aeabi_unwind_cpp_pr2), (8 bytes).
    Removing Unwind-EHABI.cpp.o(.ARM.exidx.text.__aeabi_unwind_cpp_pr2), (8 bytes).
    Removing Unwind-EHABI.cpp.o(.text._Unwind_RaiseException), (122 bytes).
    Removing Unwind-EHABI.cpp.o(.ARM.exidx.text._Unwind_RaiseException), (8 bytes).
    Removing Unwind-EHABI.cpp.o(.text._ZL13unwind_phase2P13unw_context_tP12unw_cursor_tP21_Unwind_Control_Blockb), (166 bytes).
    Removing Unwind-EHABI.cpp.o(.ARM.exidx.text._ZL13unwind_phase2P13unw_context_tP12unw_cursor_tP21_Unwind_Control_Blockb), (8 bytes).
    Removing Unwind-EHABI.cpp.o(.text._Unwind_Complete), (2 bytes).
    Removing Unwind-EHABI.cpp.o(.ARM.exidx.text._Unwind_Complete), (8 bytes).
    Removing Unwind-EHABI.cpp.o(.text._Unwind_Resume), (32 bytes).
    Removing Unwind-EHABI.cpp.o(.ARM.extab.text._Unwind_Resume), (12 bytes).
    Removing Unwind-EHABI.cpp.o(.ARM.exidx.text._Unwind_Resume), (8 bytes).
    Removing Unwind-EHABI.cpp.o(.text._Unwind_GetLanguageSpecificData), (24 bytes).
    Removing Unwind-EHABI.cpp.o(.ARM.exidx.text._Unwind_GetLanguageSpecificData), (8 bytes).
    Removing Unwind-EHABI.cpp.o(.text._Unwind_GetRegionStart), (24 bytes).
    Removing Unwind-EHABI.cpp.o(.ARM.exidx.text._Unwind_GetRegionStart), (8 bytes).
    Removing Unwind-EHABI.cpp.o(.text._Unwind_DeleteException), (12 bytes).
    Removing Unwind-EHABI.cpp.o(.ARM.exidx.text._Unwind_DeleteException), (8 bytes).
    Removing Unwind-EHABI.cpp.o(.text.__gnu_unwind_frame), (20 bytes).
    Removing Unwind-EHABI.cpp.o(.ARM.exidx.text.__gnu_unwind_frame), (8 bytes).
    Removing libunwind.cpp.o(.text), (0 bytes).
    Removing libunwind.cpp.o(.text.unw_init_local), (70 bytes).
    Removing libunwind.cpp.o(.ARM.exidx.text.unw_init_local), (8 bytes).
    Removing libunwind.cpp.o(.text.unw_get_reg), (46 bytes).
    Removing libunwind.cpp.o(.ARM.exidx.text.unw_get_reg), (8 bytes).
    Removing libunwind.cpp.o(.text.unw_set_reg), (66 bytes).
    Removing libunwind.cpp.o(.ARM.exidx.text.unw_set_reg), (8 bytes).
    Removing libunwind.cpp.o(.text.unw_get_fpreg), (48 bytes).
    Removing libunwind.cpp.o(.ARM.exidx.text.unw_get_fpreg), (8 bytes).
    Removing libunwind.cpp.o(.text.unw_set_fpreg), (56 bytes).
    Removing libunwind.cpp.o(.ARM.exidx.text.unw_set_fpreg), (8 bytes).
    Removing libunwind.cpp.o(.text.unw_step), (6 bytes).
    Removing libunwind.cpp.o(.ARM.exidx.text.unw_step), (8 bytes).
    Removing libunwind.cpp.o(.text.unw_get_proc_info), (30 bytes).
    Removing libunwind.cpp.o(.ARM.exidx.text.unw_get_proc_info), (8 bytes).
    Removing libunwind.cpp.o(.text.unw_resume), (18 bytes).
    Removing libunwind.cpp.o(.ARM.exidx.text.unw_resume), (8 bytes).
    Removing libunwind.cpp.o(.text.unw_get_proc_name), (30 bytes).
    Removing libunwind.cpp.o(.ARM.exidx.text.unw_get_proc_name), (8 bytes).
    Removing libunwind.cpp.o(.text.unw_is_fpreg), (10 bytes).
    Removing libunwind.cpp.o(.ARM.exidx.text.unw_is_fpreg), (8 bytes).
    Removing libunwind.cpp.o(.text.unw_regname), (6 bytes).
    Removing libunwind.cpp.o(.ARM.exidx.text.unw_regname), (8 bytes).
    Removing libunwind.cpp.o(.text.unw_is_signal_frame), (10 bytes).
    Removing libunwind.cpp.o(.ARM.exidx.text.unw_is_signal_frame), (8 bytes).
    Removing libunwind.cpp.o(.text.unw_save_vfp_as_X), (6 bytes).
    Removing libunwind.cpp.o(.ARM.exidx.text.unw_save_vfp_as_X), (8 bytes).
    Removing libunwind.cpp.o(.bss._ZN9libunwind17LocalAddressSpace17sThisAddressSpaceE), (1 bytes).
    Removing libunwind.cpp.o(.data.unw_local_addr_space), (4 bytes).
    Removing UnwindRegistersSave.S.o(.text), (46 bytes).
    Removing UnwindRegistersRestore.S.o(.text), (38 bytes).
    Removing maincpp.o(.ARM.exidx.text._ZN5Motor16MotorInterface_t11Motor_startEv), (8 bytes).
    Removing libunwind.cpp.o(.text._ZN9libunwind20AbstractUnwindCursorD2Ev), (2 bytes).
    Removing libunwind.cpp.o(.ARM.exidx.text._ZN9libunwind20AbstractUnwindCursorD2Ev), (8 bytes).
    Removing libunwind.cpp.o(.text._ZN9libunwind12UnwindCursorINS_17LocalAddressSpaceENS_13Registers_armEED0Ev), (2 bytes).
    Removing libunwind.cpp.o(.ARM.exidx.text._ZN9libunwind12UnwindCursorINS_17LocalAddressSpaceENS_13Registers_armEED0Ev), (8 bytes).
    Removing libunwind.cpp.o(.text._ZN9libunwind12UnwindCursorINS_17LocalAddressSpaceENS_13Registers_armEE8validRegEi), (14 bytes).
    Removing libunwind.cpp.o(.ARM.exidx.text._ZN9libunwind12UnwindCursorINS_17LocalAddressSpaceENS_13Registers_armEE8validRegEi), (8 bytes).
    Removing libunwind.cpp.o(.text._ZN9libunwind12UnwindCursorINS_17LocalAddressSpaceENS_13Registers_armEE6getRegEi), (58 bytes).
    Removing libunwind.cpp.o(.ARM.exidx.text._ZN9libunwind12UnwindCursorINS_17LocalAddressSpaceENS_13Registers_armEE6getRegEi), (8 bytes).
    Removing libunwind.cpp.o(.text._ZN9libunwind12UnwindCursorINS_17LocalAddressSpaceENS_13Registers_armEE6setRegEij), (56 bytes).
    Removing libunwind.cpp.o(.ARM.exidx.text._ZN9libunwind12UnwindCursorINS_17LocalAddressSpaceENS_13Registers_armEE6setRegEij), (8 bytes).
    Removing libunwind.cpp.o(.text._ZN9libunwind12UnwindCursorINS_17LocalAddressSpaceENS_13Registers_armEE13validFloatRegEi), (16 bytes).
    Removing libunwind.cpp.o(.ARM.exidx.text._ZN9libunwind12UnwindCursorINS_17LocalAddressSpaceENS_13Registers_armEE13validFloatRegEi), (8 bytes).
    Removing libunwind.cpp.o(.text._ZN9libunwind12UnwindCursorINS_17LocalAddressSpaceENS_13Registers_armEE11getFloatRegEi), (100 bytes).
    Removing libunwind.cpp.o(.ARM.exidx.text._ZN9libunwind12UnwindCursorINS_17LocalAddressSpaceENS_13Registers_armEE11getFloatRegEi), (8 bytes).
    Removing libunwind.cpp.o(.text._ZN9libunwind12UnwindCursorINS_17LocalAddressSpaceENS_13Registers_armEE11setFloatRegEiy), (110 bytes).
    Removing libunwind.cpp.o(.ARM.exidx.text._ZN9libunwind12UnwindCursorINS_17LocalAddressSpaceENS_13Registers_armEE11setFloatRegEiy), (8 bytes).
    Removing libunwind.cpp.o(.text._ZN9libunwind12UnwindCursorINS_17LocalAddressSpaceENS_13Registers_armEE4stepEv), (80 bytes).
    Removing libunwind.cpp.o(.ARM.exidx.text._ZN9libunwind12UnwindCursorINS_17LocalAddressSpaceENS_13Registers_armEE4stepEv), (8 bytes).
    Removing libunwind.cpp.o(.text._ZN9libunwind12UnwindCursorINS_17LocalAddressSpaceENS_13Registers_armEE7getInfoEP15unw_proc_info_t), (42 bytes).
    Removing libunwind.cpp.o(.ARM.exidx.text._ZN9libunwind12UnwindCursorINS_17LocalAddressSpaceENS_13Registers_armEE7getInfoEP15unw_proc_info_t), (8 bytes).
    Removing libunwind.cpp.o(.text._ZN9libunwind12UnwindCursorINS_17LocalAddressSpaceENS_13Registers_armEE6jumptoEv), (22 bytes).
    Removing libunwind.cpp.o(.ARM.exidx.text._ZN9libunwind12UnwindCursorINS_17LocalAddressSpaceENS_13Registers_armEE6jumptoEv), (8 bytes).
    Removing libunwind.cpp.o(.text._ZN9libunwind12UnwindCursorINS_17LocalAddressSpaceENS_13Registers_armEE13isSignalFrameEv), (6 bytes).
    Removing libunwind.cpp.o(.ARM.exidx.text._ZN9libunwind12UnwindCursorINS_17LocalAddressSpaceENS_13Registers_armEE13isSignalFrameEv), (8 bytes).
    Removing libunwind.cpp.o(.text._ZN9libunwind12UnwindCursorINS_17LocalAddressSpaceENS_13Registers_armEE15getFunctionNameEPcjPj), (16 bytes).
    Removing libunwind.cpp.o(.ARM.exidx.text._ZN9libunwind12UnwindCursorINS_17LocalAddressSpaceENS_13Registers_armEE15getFunctionNameEPcjPj), (8 bytes).
    Removing libunwind.cpp.o(.text._ZN9libunwind12UnwindCursorINS_17LocalAddressSpaceENS_13Registers_armEE24setInfoBasedOnIPRegisterEb), (84 bytes).
    Removing libunwind.cpp.o(.ARM.exidx.text._ZN9libunwind12UnwindCursorINS_17LocalAddressSpaceENS_13Registers_armEE24setInfoBasedOnIPRegisterEb), (8 bytes).
    Removing libunwind.cpp.o(.text._ZN9libunwind12UnwindCursorINS_17LocalAddressSpaceENS_13Registers_armEE15getRegisterNameEi), (6 bytes).
    Removing libunwind.cpp.o(.ARM.exidx.text._ZN9libunwind12UnwindCursorINS_17LocalAddressSpaceENS_13Registers_armEE15getRegisterNameEi), (8 bytes).
    Removing libunwind.cpp.o(.text._ZN9libunwind12UnwindCursorINS_17LocalAddressSpaceENS_13Registers_armEE10saveVFPAsXEv), (8 bytes).
    Removing libunwind.cpp.o(.ARM.exidx.text._ZN9libunwind12UnwindCursorINS_17LocalAddressSpaceENS_13Registers_armEE10saveVFPAsXEv), (8 bytes).
    Removing libunwind.cpp.o(.text._ZN9libunwind12UnwindCursorINS_17LocalAddressSpaceENS_13Registers_armEE13stepWithEHABIEv), (48 bytes).
    Removing libunwind.cpp.o(.ARM.exidx.text._ZN9libunwind12UnwindCursorINS_17LocalAddressSpaceENS_13Registers_armEE13stepWithEHABIEv), (8 bytes).
    Removing libunwind.cpp.o(.text._ZN9libunwind13Registers_arm26restoreSavedFloatRegistersEv), (50 bytes).
    Removing libunwind.cpp.o(.ARM.exidx.text._ZN9libunwind13Registers_arm26restoreSavedFloatRegistersEv), (8 bytes).
    Removing libunwind.cpp.o(.text._ZN9libunwind12UnwindCursorINS_17LocalAddressSpaceENS_13Registers_armEE23getInfoFromEHABISectionEjRKNS_18UnwindInfoSectionsE), (452 bytes).
    Removing libunwind.cpp.o(.ARM.exidx.text._ZN9libunwind12UnwindCursorINS_17LocalAddressSpaceENS_13Registers_armEE23getInfoFromEHABISectionEjRKNS_18UnwindInfoSectionsE), (8 bytes).
    Removing libunwind.cpp.o(.text._ZNSt3__113__upper_boundIRNS_6__lessIjjEEN9libunwind20EHABISectionIteratorINS4_17LocalAddressSpaceEEEjEET0_S8_S8_RKT1_T_), (90 bytes).
    Removing libunwind.cpp.o(.ARM.exidx.text._ZNSt3__113__upper_boundIRNS_6__lessIjjEEN9libunwind20EHABISectionIteratorINS4_17LocalAddressSpaceEEEjEET0_S8_S8_RKT1_T_), (8 bytes).
    Removing libunwind.cpp.o(.text._ZN9libunwind13Registers_arm15getRegisterNameEi), (916 bytes).
    Removing libunwind.cpp.o(.ARM.exidx.text._ZN9libunwind13Registers_arm15getRegisterNameEi), (8 bytes).
    Removing libunwind.cpp.o(.rodata._ZTVN9libunwind12UnwindCursorINS_17LocalAddressSpaceENS_13Registers_armEEE), (72 bytes).

744 unused section(s) (total 31763 bytes) removed from the image.

==============================================================================

Image Symbol Table

    Local Symbols

    Symbol Name                              Value     Ov Type        Size  Object(Section)

    ../Core/Src/gpio.c                       0x00000000   Number         0  gpio.o ABSOLUTE
    ../Core/Src/main.c                       0x00000000   Number         0  main.o ABSOLUTE
    ../Core/Src/maincpp.cpp                  0x00000000   Number         0  maincpp.o ABSOLUTE
    ../Core/Src/stm32f4xx_hal_msp.c          0x00000000   Number         0  stm32f4xx_hal_msp.o ABSOLUTE
    ../Core/Src/stm32f4xx_it.c               0x00000000   Number         0  stm32f4xx_it.o ABSOLUTE
    ../Core/Src/system_stm32f4xx.c           0x00000000   Number         0  system_stm32f4xx.o ABSOLUTE
    ../Core/Src/tim.c                        0x00000000   Number         0  tim.o ABSOLUTE
    ../Drivers/STM32F4xx_HAL_Driver/Src/stm32f4xx_hal.c 0x00000000   Number         0  stm32f4xx_hal.o ABSOLUTE
    ../Drivers/STM32F4xx_HAL_Driver/Src/stm32f4xx_hal_cortex.c 0x00000000   Number         0  stm32f4xx_hal_cortex.o ABSOLUTE
    ../Drivers/STM32F4xx_HAL_Driver/Src/stm32f4xx_hal_dma.c 0x00000000   Number         0  stm32f4xx_hal_dma.o ABSOLUTE
    ../Drivers/STM32F4xx_HAL_Driver/Src/stm32f4xx_hal_dma_ex.c 0x00000000   Number         0  stm32f4xx_hal_dma_ex.o ABSOLUTE
    ../Drivers/STM32F4xx_HAL_Driver/Src/stm32f4xx_hal_exti.c 0x00000000   Number         0  stm32f4xx_hal_exti.o ABSOLUTE
    ../Drivers/STM32F4xx_HAL_Driver/Src/stm32f4xx_hal_flash.c 0x00000000   Number         0  stm32f4xx_hal_flash.o ABSOLUTE
    ../Drivers/STM32F4xx_HAL_Driver/Src/stm32f4xx_hal_flash_ex.c 0x00000000   Number         0  stm32f4xx_hal_flash_ex.o ABSOLUTE
    ../Drivers/STM32F4xx_HAL_Driver/Src/stm32f4xx_hal_flash_ramfunc.c 0x00000000   Number         0  stm32f4xx_hal_flash_ramfunc.o ABSOLUTE
    ../Drivers/STM32F4xx_HAL_Driver/Src/stm32f4xx_hal_gpio.c 0x00000000   Number         0  stm32f4xx_hal_gpio.o ABSOLUTE
    ../Drivers/STM32F4xx_HAL_Driver/Src/stm32f4xx_hal_pwr.c 0x00000000   Number         0  stm32f4xx_hal_pwr.o ABSOLUTE
    ../Drivers/STM32F4xx_HAL_Driver/Src/stm32f4xx_hal_pwr_ex.c 0x00000000   Number         0  stm32f4xx_hal_pwr_ex.o ABSOLUTE
    ../Drivers/STM32F4xx_HAL_Driver/Src/stm32f4xx_hal_rcc.c 0x00000000   Number         0  stm32f4xx_hal_rcc.o ABSOLUTE
    ../Drivers/STM32F4xx_HAL_Driver/Src/stm32f4xx_hal_rcc_ex.c 0x00000000   Number         0  stm32f4xx_hal_rcc_ex.o ABSOLUTE
    ../Drivers/STM32F4xx_HAL_Driver/Src/stm32f4xx_hal_tim.c 0x00000000   Number         0  stm32f4xx_hal_tim.o ABSOLUTE
    ../Drivers/STM32F4xx_HAL_Driver/Src/stm32f4xx_hal_tim_ex.c 0x00000000   Number         0  stm32f4xx_hal_tim_ex.o ABSOLUTE
    ../Hardware/motor.cpp                    0x00000000   Number         0  motor.o ABSOLUTE
    ../clib/angel/boardlib.s                 0x00000000   Number         0  boardshut.o ABSOLUTE
    ../clib/angel/boardlib.s                 0x00000000   Number         0  boardinit1.o ABSOLUTE
    ../clib/angel/boardlib.s                 0x00000000   Number         0  boardinit2.o ABSOLUTE
    ../clib/angel/boardlib.s                 0x00000000   Number         0  boardinit3.o ABSOLUTE
    ../clib/angel/handlers.s                 0x00000000   Number         0  __scatter_copy.o ABSOLUTE
    ../clib/angel/handlers.s                 0x00000000   Number         0  __scatter_zi.o ABSOLUTE
    ../clib/angel/kernel.s                   0x00000000   Number         0  rtexit2.o ABSOLUTE
    ../clib/angel/kernel.s                   0x00000000   Number         0  rtexit.o ABSOLUTE
    ../clib/angel/kernel.s                   0x00000000   Number         0  __rtentry4.o ABSOLUTE
    ../clib/angel/kernel.s                   0x00000000   Number         0  __rtentry.o ABSOLUTE
    ../clib/angel/kernel.s                   0x00000000   Number         0  __rtentry2.o ABSOLUTE
    ../clib/angel/rt.s                       0x00000000   Number         0  rt_raise.o ABSOLUTE
    ../clib/angel/rt.s                       0x00000000   Number         0  rt_div0.o ABSOLUTE
    ../clib/angel/rt.s                       0x00000000   Number         0  aeabi_ldiv0_sigfpe.o ABSOLUTE
    ../clib/angel/rt.s                       0x00000000   Number         0  aeabi_ldiv0.o ABSOLUTE
    ../clib/angel/scatter.s                  0x00000000   Number         0  __scatter.o ABSOLUTE
    ../clib/angel/startup.s                  0x00000000   Number         0  __main.o ABSOLUTE
    ../clib/angel/sys.s                      0x00000000   Number         0  sys_stackheap_outer.o ABSOLUTE
    ../clib/angel/sys.s                      0x00000000   Number         0  libspace.o ABSOLUTE
    ../clib/angel/sys.s                      0x00000000   Number         0  use_no_semi.o ABSOLUTE
    ../clib/angel/sys.s                      0x00000000   Number         0  indicate_semi.o ABSOLUTE
    ../clib/angel/sysapp.c                   0x00000000   Number         0  sys_exit.o ABSOLUTE
    ../clib/angel/sysapp.c                   0x00000000   Number         0  sys_wrch_hlt.o ABSOLUTE
    ../clib/angel/sysapp.c                   0x00000000   Number         0  sys_wrch.o ABSOLUTE
    ../clib/angel/sysapp.c                   0x00000000   Number         0  sys_exit_hlt.o ABSOLUTE
    ../clib/angel/sysapp.c                   0x00000000   Number         0  sys_command.o ABSOLUTE
    ../clib/angel/sysapp.c                   0x00000000   Number         0  sys_command_hlt.o ABSOLUTE
    ../clib/armsys.c                         0x00000000   Number         0  argv_veneer.o ABSOLUTE
    ../clib/armsys.c                         0x00000000   Number         0  no_argv.o ABSOLUTE
    ../clib/armsys.c                         0x00000000   Number         0  _get_argv_nomalloc.o ABSOLUTE
    ../clib/armsys.c                         0x00000000   Number         0  argv_veneer.o ABSOLUTE
    ../clib/heapalloc.c                      0x00000000   Number         0  hrguard.o ABSOLUTE
    ../clib/heapaux.c                        0x00000000   Number         0  heapauxi.o ABSOLUTE
    ../clib/libinit.s                        0x00000000   Number         0  libinit.o ABSOLUTE
    ../clib/libinit.s                        0x00000000   Number         0  libinit2.o ABSOLUTE
    ../clib/libinit.s                        0x00000000   Number         0  libshutdown2.o ABSOLUTE
    ../clib/libinit.s                        0x00000000   Number         0  libshutdown.o ABSOLUTE
    ../clib/longlong.s                       0x00000000   Number         0  lludivv7m.o ABSOLUTE
    ../clib/memcpset.s                       0x00000000   Number         0  rt_memclr_w.o ABSOLUTE
    ../clib/memcpset.s                       0x00000000   Number         0  rt_memcpy_v6.o ABSOLUTE
    ../clib/memcpset.s                       0x00000000   Number         0  rt_memcpy_w.o ABSOLUTE
    ../clib/signal.c                         0x00000000   Number         0  defsig_segv_inner.o ABSOLUTE
    ../clib/signal.c                         0x00000000   Number         0  defsig_fpe_outer.o ABSOLUTE
    ../clib/signal.c                         0x00000000   Number         0  defsig_abrt_inner.o ABSOLUTE
    ../clib/signal.c                         0x00000000   Number         0  defsig_exit.o ABSOLUTE
    ../clib/signal.c                         0x00000000   Number         0  defsig_fpe_formal.o ABSOLUTE
    ../clib/signal.c                         0x00000000   Number         0  defsig_abrt_formal.o ABSOLUTE
    ../clib/signal.c                         0x00000000   Number         0  defsig_cppl_inner.o ABSOLUTE
    ../clib/signal.c                         0x00000000   Number         0  defsig_pvfn_inner.o ABSOLUTE
    ../clib/signal.c                         0x00000000   Number         0  defsig_stak_inner.o ABSOLUTE
    ../clib/signal.c                         0x00000000   Number         0  defsig_rtmem_inner.o ABSOLUTE
    ../clib/signal.c                         0x00000000   Number         0  defsig_rtred_inner.o ABSOLUTE
    ../clib/signal.c                         0x00000000   Number         0  defsig_other.o ABSOLUTE
    ../clib/signal.c                         0x00000000   Number         0  defsig_abrt_outer.o ABSOLUTE
    ../clib/signal.c                         0x00000000   Number         0  defsig_rtmem_formal.o ABSOLUTE
    ../clib/signal.c                         0x00000000   Number         0  defsig_fpe_inner.o ABSOLUTE
    ../clib/signal.c                         0x00000000   Number         0  defsig_general.o ABSOLUTE
    ../clib/signal.c                         0x00000000   Number         0  __raise.o ABSOLUTE
    ../clib/signal.c                         0x00000000   Number         0  defsig_rtmem_outer.o ABSOLUTE
    ../clib/signal.s                         0x00000000   Number         0  defsig.o ABSOLUTE
    ../clib/stdlib.c                         0x00000000   Number         0  abort.o ABSOLUTE
    ../clib/stdlib.c                         0x00000000   Number         0  exit.o ABSOLUTE
    ../fplib/fpinit.s                        0x00000000   Number         0  fpinit.o ABSOLUTE
    /tmp/plgbuild/abs_build/597170_24667/BRA_RVCT_6.7/work/src/libunwind/src/Unwind-EHABI.cpp 0x00000000   Number         0  Unwind-EHABI.cpp.o ABSOLUTE
    /tmp/plgbuild/abs_build/597170_24667/BRA_RVCT_6.7/work/src/libunwind/src/libunwind.cpp 0x00000000   Number         0  libunwind.cpp.o ABSOLUTE
    dc.s                                     0x00000000   Number         0  dc.o ABSOLUTE
    startup_stm32f405xx.s                    0x00000000   Number         0  startup_stm32f405xx.o ABSOLUTE
    RESET                                    0x08000000   Section      392  startup_stm32f405xx.o(RESET)
    !!!main                                  0x08000188   Section        8  __main.o(!!!main)
    !!!scatter                               0x08000190   Section       52  __scatter.o(!!!scatter)
    !!handler_copy                           0x080001c4   Section       26  __scatter_copy.o(!!handler_copy)
    !!handler_zi                             0x080001e0   Section       28  __scatter_zi.o(!!handler_zi)
    .ARM.Collect$$libinit$$00000000          0x080001fc   Section        2  libinit.o(.ARM.Collect$$libinit$$00000000)
    .ARM.Collect$$libinit$$00000001          0x080001fe   Section        4  libinit2.o(.ARM.Collect$$libinit$$00000001)
    .ARM.Collect$$libinit$$00000004          0x08000202   Section        0  libinit2.o(.ARM.Collect$$libinit$$00000004)
    .ARM.Collect$$libinit$$0000000A          0x08000202   Section        0  libinit2.o(.ARM.Collect$$libinit$$0000000A)
    .ARM.Collect$$libinit$$0000000C          0x08000202   Section        0  libinit2.o(.ARM.Collect$$libinit$$0000000C)
    .ARM.Collect$$libinit$$0000000E          0x08000202   Section        0  libinit2.o(.ARM.Collect$$libinit$$0000000E)
    .ARM.Collect$$libinit$$00000011          0x08000202   Section        0  libinit2.o(.ARM.Collect$$libinit$$00000011)
    .ARM.Collect$$libinit$$00000013          0x08000202   Section        0  libinit2.o(.ARM.Collect$$libinit$$00000013)
    .ARM.Collect$$libinit$$00000015          0x08000202   Section        0  libinit2.o(.ARM.Collect$$libinit$$00000015)
    .ARM.Collect$$libinit$$00000017          0x08000202   Section        0  libinit2.o(.ARM.Collect$$libinit$$00000017)
    .ARM.Collect$$libinit$$00000019          0x08000202   Section        0  libinit2.o(.ARM.Collect$$libinit$$00000019)
    .ARM.Collect$$libinit$$0000001B          0x08000202   Section        0  libinit2.o(.ARM.Collect$$libinit$$0000001B)
    .ARM.Collect$$libinit$$0000001D          0x08000202   Section        0  libinit2.o(.ARM.Collect$$libinit$$0000001D)
    .ARM.Collect$$libinit$$0000001F          0x08000202   Section        0  libinit2.o(.ARM.Collect$$libinit$$0000001F)
    .ARM.Collect$$libinit$$00000021          0x08000202   Section        0  libinit2.o(.ARM.Collect$$libinit$$00000021)
    .ARM.Collect$$libinit$$00000023          0x08000202   Section        0  libinit2.o(.ARM.Collect$$libinit$$00000023)
    .ARM.Collect$$libinit$$00000025          0x08000202   Section        0  libinit2.o(.ARM.Collect$$libinit$$00000025)
    .ARM.Collect$$libinit$$0000002C          0x08000202   Section        0  libinit2.o(.ARM.Collect$$libinit$$0000002C)
    .ARM.Collect$$libinit$$0000002E          0x08000202   Section        0  libinit2.o(.ARM.Collect$$libinit$$0000002E)
    .ARM.Collect$$libinit$$00000030          0x08000202   Section        0  libinit2.o(.ARM.Collect$$libinit$$00000030)
    .ARM.Collect$$libinit$$00000032          0x08000202   Section        0  libinit2.o(.ARM.Collect$$libinit$$00000032)
    .ARM.Collect$$libinit$$00000033          0x08000202   Section        2  libinit2.o(.ARM.Collect$$libinit$$00000033)
    .ARM.Collect$$libshutdown$$00000000      0x08000204   Section        2  libshutdown.o(.ARM.Collect$$libshutdown$$00000000)
    .ARM.Collect$$libshutdown$$00000002      0x08000206   Section        0  libshutdown2.o(.ARM.Collect$$libshutdown$$00000002)
    .ARM.Collect$$libshutdown$$00000004      0x08000206   Section        0  libshutdown2.o(.ARM.Collect$$libshutdown$$00000004)
    .ARM.Collect$$libshutdown$$00000007      0x08000206   Section        0  libshutdown2.o(.ARM.Collect$$libshutdown$$00000007)
    .ARM.Collect$$libshutdown$$0000000A      0x08000206   Section        0  libshutdown2.o(.ARM.Collect$$libshutdown$$0000000A)
    .ARM.Collect$$libshutdown$$0000000C      0x08000206   Section        0  libshutdown2.o(.ARM.Collect$$libshutdown$$0000000C)
    .ARM.Collect$$libshutdown$$0000000F      0x08000206   Section        0  libshutdown2.o(.ARM.Collect$$libshutdown$$0000000F)
    .ARM.Collect$$libshutdown$$00000010      0x08000206   Section        2  libshutdown2.o(.ARM.Collect$$libshutdown$$00000010)
    .ARM.Collect$$rtentry$$00000000          0x08000208   Section        0  __rtentry.o(.ARM.Collect$$rtentry$$00000000)
    .ARM.Collect$$rtentry$$00000002          0x08000208   Section        0  __rtentry2.o(.ARM.Collect$$rtentry$$00000002)
    .ARM.Collect$$rtentry$$00000004          0x08000208   Section        6  __rtentry4.o(.ARM.Collect$$rtentry$$00000004)
    .ARM.Collect$$rtentry$$00000009          0x0800020e   Section        0  __rtentry2.o(.ARM.Collect$$rtentry$$00000009)
    .ARM.Collect$$rtentry$$0000000A          0x0800020e   Section        4  __rtentry2.o(.ARM.Collect$$rtentry$$0000000A)
    .ARM.Collect$$rtentry$$0000000C          0x08000212   Section        0  __rtentry2.o(.ARM.Collect$$rtentry$$0000000C)
    .ARM.Collect$$rtentry$$0000000D          0x08000212   Section        8  __rtentry2.o(.ARM.Collect$$rtentry$$0000000D)
    .ARM.Collect$$rtexit$$00000000           0x0800021a   Section        2  rtexit.o(.ARM.Collect$$rtexit$$00000000)
    .ARM.Collect$$rtexit$$00000002           0x0800021c   Section        0  rtexit2.o(.ARM.Collect$$rtexit$$00000002)
    .ARM.Collect$$rtexit$$00000003           0x0800021c   Section        4  rtexit2.o(.ARM.Collect$$rtexit$$00000003)
    .ARM.Collect$$rtexit$$00000004           0x08000220   Section        6  rtexit2.o(.ARM.Collect$$rtexit$$00000004)
    .text                                    0x08000228   Section       64  startup_stm32f405xx.o(.text)
    $v0                                      0x08000228   Number         0  startup_stm32f405xx.o(.text)
    .text                                    0x08000268   Section      238  lludivv7m.o(.text)
    .text                                    0x08000356   Section       78  rt_memclr_w.o(.text)
    .text                                    0x080003a4   Section        0  heapauxi.o(.text)
    .text                                    0x080003ac   Section        0  sys_exit.o(.text)
    .text                                    0x080003b8   Section        2  use_no_semi.o(.text)
    .text                                    0x080003ba   Section       74  sys_stackheap_outer.o(.text)
    .text                                    0x080003ba   Section        0  indicate_semi.o(.text)
    .text                                    0x08000404   Section        0  exit.o(.text)
    .text                                    0x08000418   Section        8  libspace.o(.text)
    [Anonymous Symbol]                       0x08000420   Section        0  stm32f4xx_it.o(.text.BusFault_Handler)
    [Anonymous Symbol]                       0x08000422   Section        0  stm32f4xx_it.o(.text.DebugMon_Handler)
    [Anonymous Symbol]                       0x08000424   Section        0  main.o(.text.Error_Handler)
    [Anonymous Symbol]                       0x08000428   Section        0  stm32f4xx_hal_gpio.o(.text.HAL_GPIO_Init)
    __arm_cp.0_0                             0x0800059c   Number         4  stm32f4xx_hal_gpio.o(.text.HAL_GPIO_Init)
    __arm_cp.0_1                             0x080005a0   Number         4  stm32f4xx_hal_gpio.o(.text.HAL_GPIO_Init)
    __arm_cp.0_2                             0x080005a4   Number         4  stm32f4xx_hal_gpio.o(.text.HAL_GPIO_Init)
    __arm_cp.0_3                             0x080005a8   Number         4  stm32f4xx_hal_gpio.o(.text.HAL_GPIO_Init)
    __arm_cp.0_4                             0x080005ac   Number         4  stm32f4xx_hal_gpio.o(.text.HAL_GPIO_Init)
    __arm_cp.0_5                             0x080005b0   Number         4  stm32f4xx_hal_gpio.o(.text.HAL_GPIO_Init)
    __arm_cp.0_6                             0x080005b4   Number         4  stm32f4xx_hal_gpio.o(.text.HAL_GPIO_Init)
    [Anonymous Symbol]                       0x080005b8   Section        0  stm32f4xx_hal_gpio.o(.text.HAL_GPIO_WritePin)
    [Anonymous Symbol]                       0x080005c4   Section        0  stm32f4xx_hal.o(.text.HAL_GetTick)
    [Anonymous Symbol]                       0x080005cc   Section        0  stm32f4xx_hal.o(.text.HAL_IncTick)
    [Anonymous Symbol]                       0x080005d8   Section        0  stm32f4xx_hal.o(.text.HAL_Init)
    __arm_cp.0_0                             0x08000608   Number         4  stm32f4xx_hal.o(.text.HAL_Init)
    [Anonymous Symbol]                       0x0800060c   Section        0  stm32f4xx_hal.o(.text.HAL_InitTick)
    __arm_cp.1_0                             0x08000644   Number         4  stm32f4xx_hal.o(.text.HAL_InitTick)
    [Anonymous Symbol]                       0x08000648   Section        0  stm32f4xx_hal_msp.o(.text.HAL_MspInit)
    __arm_cp.0_0                             0x0800067c   Number         4  stm32f4xx_hal_msp.o(.text.HAL_MspInit)
    [Anonymous Symbol]                       0x08000680   Section        0  stm32f4xx_hal_cortex.o(.text.HAL_NVIC_SetPriority)
    __arm_cp.1_0                             0x080006d4   Number         4  stm32f4xx_hal_cortex.o(.text.HAL_NVIC_SetPriority)
    [Anonymous Symbol]                       0x080006d8   Section        0  stm32f4xx_hal_cortex.o(.text.HAL_NVIC_SetPriorityGrouping)
    __arm_cp.0_0                             0x080006f0   Number         4  stm32f4xx_hal_cortex.o(.text.HAL_NVIC_SetPriorityGrouping)
    __arm_cp.0_1                             0x080006f4   Number         4  stm32f4xx_hal_cortex.o(.text.HAL_NVIC_SetPriorityGrouping)
    [Anonymous Symbol]                       0x080006f8   Section        0  stm32f4xx_hal_rcc.o(.text.HAL_RCC_ClockConfig)
    __arm_cp.2_0                             0x08000818   Number         4  stm32f4xx_hal_rcc.o(.text.HAL_RCC_ClockConfig)
    __arm_cp.2_1                             0x0800081c   Number         4  stm32f4xx_hal_rcc.o(.text.HAL_RCC_ClockConfig)
    __arm_cp.2_2                             0x08000820   Number         4  stm32f4xx_hal_rcc.o(.text.HAL_RCC_ClockConfig)
    __arm_cp.2_3                             0x08000824   Number         4  stm32f4xx_hal_rcc.o(.text.HAL_RCC_ClockConfig)
    [Anonymous Symbol]                       0x08000828   Section        0  stm32f4xx_hal_rcc.o(.text.HAL_RCC_GetSysClockFreq)
    __arm_cp.3_1                             0x0800087c   Number         4  stm32f4xx_hal_rcc.o(.text.HAL_RCC_GetSysClockFreq)
    __arm_cp.3_2                             0x08000880   Number         4  stm32f4xx_hal_rcc.o(.text.HAL_RCC_GetSysClockFreq)
    [Anonymous Symbol]                       0x08000884   Section        0  stm32f4xx_hal_rcc.o(.text.HAL_RCC_OscConfig)
    __arm_cp.1_0                             0x08000be8   Number         4  stm32f4xx_hal_rcc.o(.text.HAL_RCC_OscConfig)
    __arm_cp.1_1                             0x08000bec   Number         4  stm32f4xx_hal_rcc.o(.text.HAL_RCC_OscConfig)
    __arm_cp.1_2                             0x08000bf0   Number         4  stm32f4xx_hal_rcc.o(.text.HAL_RCC_OscConfig)
    __arm_cp.1_3                             0x08000bf4   Number         4  stm32f4xx_hal_rcc.o(.text.HAL_RCC_OscConfig)
    [Anonymous Symbol]                       0x08000bf8   Section        0  stm32f4xx_hal_cortex.o(.text.HAL_SYSTICK_Config)
    __arm_cp.5_0                             0x08000c18   Number         4  stm32f4xx_hal_cortex.o(.text.HAL_SYSTICK_Config)
    __arm_cp.5_1                             0x08000c1c   Number         4  stm32f4xx_hal_cortex.o(.text.HAL_SYSTICK_Config)
    [Anonymous Symbol]                       0x08000c20   Section        0  stm32f4xx_hal_tim_ex.o(.text.HAL_TIMEx_ConfigBreakDeadTime)
    [Anonymous Symbol]                       0x08000c70   Section        0  stm32f4xx_hal_tim_ex.o(.text.HAL_TIMEx_MasterConfigSynchronization)
    __arm_cp.33_0                            0x08000cec   Number         4  stm32f4xx_hal_tim_ex.o(.text.HAL_TIMEx_MasterConfigSynchronization)
    __arm_cp.33_1                            0x08000cf0   Number         4  stm32f4xx_hal_tim_ex.o(.text.HAL_TIMEx_MasterConfigSynchronization)
    __arm_cp.33_2                            0x08000cf4   Number         4  stm32f4xx_hal_tim_ex.o(.text.HAL_TIMEx_MasterConfigSynchronization)
    __arm_cp.33_3                            0x08000cf8   Number         4  stm32f4xx_hal_tim_ex.o(.text.HAL_TIMEx_MasterConfigSynchronization)
    __arm_cp.33_5                            0x08000cfc   Number         4  stm32f4xx_hal_tim_ex.o(.text.HAL_TIMEx_MasterConfigSynchronization)
    [Anonymous Symbol]                       0x08000d00   Section        0  stm32f4xx_hal_tim.o(.text.HAL_TIM_Base_Init)
    [Anonymous Symbol]                       0x08000d58   Section        0  tim.o(.text.HAL_TIM_Base_MspInit)
    __arm_cp.4_1                             0x08000d80   Number         4  tim.o(.text.HAL_TIM_Base_MspInit)
    [Anonymous Symbol]                       0x08000d84   Section        0  stm32f4xx_hal_tim.o(.text.HAL_TIM_ConfigClockSource)
    [Anonymous Symbol]                       0x08000e7c   Section        0  stm32f4xx_hal_tim.o(.text.HAL_TIM_Encoder_Init)
    [Anonymous Symbol]                       0x08000f2c   Section        0  tim.o(.text.HAL_TIM_Encoder_MspInit)
    __arm_cp.3_0                             0x08000f90   Number         4  tim.o(.text.HAL_TIM_Encoder_MspInit)
    [Anonymous Symbol]                       0x08000f94   Section        0  stm32f4xx_hal_tim.o(.text.HAL_TIM_Encoder_Start)
    [Anonymous Symbol]                       0x08001040   Section        0  tim.o(.text.HAL_TIM_MspPostInit)
    __arm_cp.2_0                             0x0800108c   Number         4  tim.o(.text.HAL_TIM_MspPostInit)
    [Anonymous Symbol]                       0x08001090   Section        0  stm32f4xx_hal_tim.o(.text.HAL_TIM_PWM_ConfigChannel)
    [Anonymous Symbol]                       0x0800112a   Section        0  stm32f4xx_hal_tim.o(.text.HAL_TIM_PWM_Init)
    [Anonymous Symbol]                       0x08001182   Section        0  stm32f4xx_hal_tim.o(.text.HAL_TIM_PWM_MspInit)
    [Anonymous Symbol]                       0x08001184   Section        0  stm32f4xx_hal_tim.o(.text.HAL_TIM_PWM_Start)
    __arm_cp.31_4                            0x08001260   Number         4  stm32f4xx_hal_tim.o(.text.HAL_TIM_PWM_Start)
    [Anonymous Symbol]                       0x08001264   Section        0  stm32f4xx_it.o(.text.HardFault_Handler)
    [Anonymous Symbol]                       0x08001268   Section        0  gpio.o(.text.MX_GPIO_Init)
    __arm_cp.0_0                             0x080012dc   Number         4  gpio.o(.text.MX_GPIO_Init)
    __arm_cp.0_1                             0x080012e0   Number         4  gpio.o(.text.MX_GPIO_Init)
    [Anonymous Symbol]                       0x080012e4   Section        0  tim.o(.text.MX_TIM1_Init)
    __arm_cp.0_0                             0x0800133c   Number         4  tim.o(.text.MX_TIM1_Init)
    [Anonymous Symbol]                       0x08001340   Section        0  tim.o(.text.MX_TIM8_Init)
    __arm_cp.1_0                             0x08001410   Number         4  tim.o(.text.MX_TIM8_Init)
    __arm_cp.1_1                             0x08001414   Number         4  tim.o(.text.MX_TIM8_Init)
    [Anonymous Symbol]                       0x08001418   Section        0  stm32f4xx_it.o(.text.MemManage_Handler)
    [Anonymous Symbol]                       0x0800141a   Section        0  stm32f4xx_it.o(.text.NMI_Handler)
    [Anonymous Symbol]                       0x0800141c   Section        0  stm32f4xx_it.o(.text.PendSV_Handler)
    [Anonymous Symbol]                       0x0800141e   Section        0  stm32f4xx_it.o(.text.SVC_Handler)
    [Anonymous Symbol]                       0x08001420   Section        0  stm32f4xx_it.o(.text.SysTick_Handler)
    [Anonymous Symbol]                       0x08001424   Section        0  main.o(.text.SystemClock_Config)
    __arm_cp.1_0                             0x080014b8   Number         4  main.o(.text.SystemClock_Config)
    __arm_cp.1_1                             0x080014bc   Number         4  main.o(.text.SystemClock_Config)
    [Anonymous Symbol]                       0x080014c0   Section        0  system_stm32f4xx.o(.text.SystemInit)
    __arm_cp.0_0                             0x080014cc   Number         4  system_stm32f4xx.o(.text.SystemInit)
    [Anonymous Symbol]                       0x080014d0   Section        0  stm32f4xx_hal_tim.o(.text.TIM_Base_SetConfig)
    __arm_cp.2_0                             0x08001584   Number         4  stm32f4xx_hal_tim.o(.text.TIM_Base_SetConfig)
    __arm_cp.2_1                             0x08001588   Number         4  stm32f4xx_hal_tim.o(.text.TIM_Base_SetConfig)
    __arm_cp.2_2                             0x0800158c   Number         4  stm32f4xx_hal_tim.o(.text.TIM_Base_SetConfig)
    __arm_cp.2_3                             0x08001590   Number         4  stm32f4xx_hal_tim.o(.text.TIM_Base_SetConfig)
    __arm_cp.2_4                             0x08001594   Number         4  stm32f4xx_hal_tim.o(.text.TIM_Base_SetConfig)
    __arm_cp.2_5                             0x08001598   Number         4  stm32f4xx_hal_tim.o(.text.TIM_Base_SetConfig)
    __arm_cp.2_6                             0x0800159c   Number         4  stm32f4xx_hal_tim.o(.text.TIM_Base_SetConfig)
    __arm_cp.2_7                             0x080015a0   Number         4  stm32f4xx_hal_tim.o(.text.TIM_Base_SetConfig)
    __arm_cp.2_8                             0x080015a4   Number         4  stm32f4xx_hal_tim.o(.text.TIM_Base_SetConfig)
    __arm_cp.2_9                             0x080015a8   Number         4  stm32f4xx_hal_tim.o(.text.TIM_Base_SetConfig)
    __arm_cp.2_10                            0x080015ac   Number         4  stm32f4xx_hal_tim.o(.text.TIM_Base_SetConfig)
    [Anonymous Symbol]                       0x080015b0   Section        0  stm32f4xx_hal_tim.o(.text.TIM_OC1_SetConfig)
    TIM_OC1_SetConfig                        0x080015b1   Thumb Code   100  stm32f4xx_hal_tim.o(.text.TIM_OC1_SetConfig)
    __arm_cp.74_0                            0x08001610   Number         4  stm32f4xx_hal_tim.o(.text.TIM_OC1_SetConfig)
    [Anonymous Symbol]                       0x08001614   Section        0  stm32f4xx_hal_tim.o(.text.TIM_OC2_SetConfig)
    [Anonymous Symbol]                       0x0800167c   Section        0  stm32f4xx_hal_tim.o(.text.TIM_OC3_SetConfig)
    TIM_OC3_SetConfig                        0x0800167d   Thumb Code   108  stm32f4xx_hal_tim.o(.text.TIM_OC3_SetConfig)
    [Anonymous Symbol]                       0x080016e4   Section        0  stm32f4xx_hal_tim.o(.text.TIM_OC4_SetConfig)
    TIM_OC4_SetConfig                        0x080016e5   Thumb Code    80  stm32f4xx_hal_tim.o(.text.TIM_OC4_SetConfig)
    __arm_cp.77_0                            0x08001730   Number         4  stm32f4xx_hal_tim.o(.text.TIM_OC4_SetConfig)
    [Anonymous Symbol]                       0x08001734   Section        0  stm32f4xx_hal_tim.o(.text.TIM_TI1_ConfigInputStage)
    TIM_TI1_ConfigInputStage                 0x08001735   Thumb Code    34  stm32f4xx_hal_tim.o(.text.TIM_TI1_ConfigInputStage)
    [Anonymous Symbol]                       0x08001756   Section        0  stm32f4xx_hal_tim.o(.text.TIM_TI2_ConfigInputStage)
    TIM_TI2_ConfigInputStage                 0x08001757   Thumb Code    36  stm32f4xx_hal_tim.o(.text.TIM_TI2_ConfigInputStage)
    [Anonymous Symbol]                       0x0800177a   Section        0  stm32f4xx_it.o(.text.UsageFault_Handler)
    [Anonymous Symbol]                       0x0800177c   Section        0  maincpp.o(.text._ZN5Motor16MotorInterface_t11Motor_startEv)
    [Anonymous Symbol]                       0x080017b4   Section        0  main.o(.text.main)
    __arm_cp.0_0                             0x080017e4   Number         4  main.o(.text.main)
    __arm_cp.0_1                             0x080017e8   Number         4  main.o(.text.main)
    [Anonymous Symbol]                       0x080017ec   Section        0  maincpp.o(.text.main_cpp)
    __arm_cp.0_0                             0x08001824   Number         4  maincpp.o(.text.main_cpp)
    x$fpl$fpinit                             0x08001828   Section       10  fpinit.o(x$fpl$fpinit)
    $v0                                      0x08001828   Number         0  fpinit.o(x$fpl$fpinit)
    [Anonymous Symbol]                       0x20000000   Section        0  stm32f4xx_hal.o(.data..L_MergedGlobals)
    .bss                                     0x20000010   Section       96  libspace.o(.bss)
    HEAP                                     0x20000108   Section      512  startup_stm32f405xx.o(HEAP)
    Heap_Mem                                 0x20000108   Data         512  startup_stm32f405xx.o(HEAP)
    STACK                                    0x20000308   Section     1024  startup_stm32f405xx.o(STACK)
    Stack_Mem                                0x20000308   Data        1024  startup_stm32f405xx.o(STACK)
    __initial_sp                             0x20000708   Data           0  startup_stm32f405xx.o(STACK)

    Global Symbols

    Symbol Name                              Value     Ov Type        Size  Object(Section)

    BuildAttributes$$THM_ISAv4$E$P$D$K$B$S$7EM$VFPi3$EXTD16$VFPS$VFMA$PE$A:L22UL41UL21$X:L11$S22US41US21$IEEE1$IW$~IW$USESV6$~STKCKD$USESV7$~SHL$OSPACE$ROPI$EBA8$UX$STANDARDLIB$REQ8$PRES8$EABIv2 0x00000000   Number         0  anon$$obj.o ABSOLUTE
    SHT$$ARM_EXIDX$$Base                      - Undefined Reference
    SHT$$ARM_EXIDX$$Limit                     - Undefined Reference
    __ARM_exceptions_init                     - Undefined Weak Reference
    __alloca_initialize                       - Undefined Weak Reference
    __arm_preinit_                            - Undefined Weak Reference
    __cpp_initialize__aeabi_                  - Undefined Weak Reference
    __cxa_finalize                            - Undefined Weak Reference
    __rt_locale                               - Undefined Weak Reference
    __sigvec_lookup                           - Undefined Weak Reference
    _atexit_init                              - Undefined Weak Reference
    _call_atexit_fns                          - Undefined Weak Reference
    _clock_init                               - Undefined Weak Reference
    _fp_trap_init                             - Undefined Weak Reference
    _fp_trap_shutdown                         - Undefined Weak Reference
    _get_lc_collate                           - Undefined Weak Reference
    _get_lc_ctype                             - Undefined Weak Reference
    _get_lc_monetary                          - Undefined Weak Reference
    _get_lc_numeric                           - Undefined Weak Reference
    _get_lc_time                              - Undefined Weak Reference
    _getenv_init                              - Undefined Weak Reference
    _handle_redirection                       - Undefined Weak Reference
    _init_alloc                               - Undefined Weak Reference
    _init_user_alloc                          - Undefined Weak Reference
    _initio                                   - Undefined Weak Reference
    _rand_init                                - Undefined Weak Reference
    _signal_finish                            - Undefined Weak Reference
    _signal_init                              - Undefined Weak Reference
    _terminate_alloc                          - Undefined Weak Reference
    _terminate_user_alloc                     - Undefined Weak Reference
    _terminateio                              - Undefined Weak Reference
    __Vectors_Size                           0x00000188   Number         0  startup_stm32f405xx.o ABSOLUTE
    __Vectors                                0x08000000   Data           4  startup_stm32f405xx.o(RESET)
    __Vectors_End                            0x08000188   Data           0  startup_stm32f405xx.o(RESET)
    __main                                   0x08000189   Thumb Code     8  __main.o(!!!main)
    __scatterload                            0x08000191   Thumb Code     0  __scatter.o(!!!scatter)
    __scatterload_rt2                        0x08000191   Thumb Code    44  __scatter.o(!!!scatter)
    __scatterload_rt2_thumb_only             0x08000191   Thumb Code     0  __scatter.o(!!!scatter)
    __scatterload_null                       0x0800019f   Thumb Code     0  __scatter.o(!!!scatter)
    __scatterload_copy                       0x080001c5   Thumb Code    26  __scatter_copy.o(!!handler_copy)
    __scatterload_zeroinit                   0x080001e1   Thumb Code    28  __scatter_zi.o(!!handler_zi)
    __rt_lib_init                            0x080001fd   Thumb Code     0  libinit.o(.ARM.Collect$$libinit$$00000000)
    __rt_lib_init_fp_1                       0x080001ff   Thumb Code     0  libinit2.o(.ARM.Collect$$libinit$$00000001)
    __rt_lib_init_alloca_1                   0x08000203   Thumb Code     0  libinit2.o(.ARM.Collect$$libinit$$0000002E)
    __rt_lib_init_argv_1                     0x08000203   Thumb Code     0  libinit2.o(.ARM.Collect$$libinit$$0000002C)
    __rt_lib_init_atexit_1                   0x08000203   Thumb Code     0  libinit2.o(.ARM.Collect$$libinit$$0000001B)
    __rt_lib_init_clock_1                    0x08000203   Thumb Code     0  libinit2.o(.ARM.Collect$$libinit$$00000021)
    __rt_lib_init_cpp_1                      0x08000203   Thumb Code     0  libinit2.o(.ARM.Collect$$libinit$$00000032)
    __rt_lib_init_exceptions_1               0x08000203   Thumb Code     0  libinit2.o(.ARM.Collect$$libinit$$00000030)
    __rt_lib_init_fp_trap_1                  0x08000203   Thumb Code     0  libinit2.o(.ARM.Collect$$libinit$$0000001F)
    __rt_lib_init_getenv_1                   0x08000203   Thumb Code     0  libinit2.o(.ARM.Collect$$libinit$$00000023)
    __rt_lib_init_heap_1                     0x08000203   Thumb Code     0  libinit2.o(.ARM.Collect$$libinit$$0000000A)
    __rt_lib_init_lc_collate_1               0x08000203   Thumb Code     0  libinit2.o(.ARM.Collect$$libinit$$00000011)
    __rt_lib_init_lc_ctype_1                 0x08000203   Thumb Code     0  libinit2.o(.ARM.Collect$$libinit$$00000013)
    __rt_lib_init_lc_monetary_1              0x08000203   Thumb Code     0  libinit2.o(.ARM.Collect$$libinit$$00000015)
    __rt_lib_init_lc_numeric_1               0x08000203   Thumb Code     0  libinit2.o(.ARM.Collect$$libinit$$00000017)
    __rt_lib_init_lc_time_1                  0x08000203   Thumb Code     0  libinit2.o(.ARM.Collect$$libinit$$00000019)
    __rt_lib_init_preinit_1                  0x08000203   Thumb Code     0  libinit2.o(.ARM.Collect$$libinit$$00000004)
    __rt_lib_init_rand_1                     0x08000203   Thumb Code     0  libinit2.o(.ARM.Collect$$libinit$$0000000E)
    __rt_lib_init_return                     0x08000203   Thumb Code     0  libinit2.o(.ARM.Collect$$libinit$$00000033)
    __rt_lib_init_signal_1                   0x08000203   Thumb Code     0  libinit2.o(.ARM.Collect$$libinit$$0000001D)
    __rt_lib_init_stdio_1                    0x08000203   Thumb Code     0  libinit2.o(.ARM.Collect$$libinit$$00000025)
    __rt_lib_init_user_alloc_1               0x08000203   Thumb Code     0  libinit2.o(.ARM.Collect$$libinit$$0000000C)
    __rt_lib_shutdown                        0x08000205   Thumb Code     0  libshutdown.o(.ARM.Collect$$libshutdown$$00000000)
    __rt_lib_shutdown_cpp_1                  0x08000207   Thumb Code     0  libshutdown2.o(.ARM.Collect$$libshutdown$$00000002)
    __rt_lib_shutdown_fp_trap_1              0x08000207   Thumb Code     0  libshutdown2.o(.ARM.Collect$$libshutdown$$00000007)
    __rt_lib_shutdown_heap_1                 0x08000207   Thumb Code     0  libshutdown2.o(.ARM.Collect$$libshutdown$$0000000F)
    __rt_lib_shutdown_return                 0x08000207   Thumb Code     0  libshutdown2.o(.ARM.Collect$$libshutdown$$00000010)
    __rt_lib_shutdown_signal_1               0x08000207   Thumb Code     0  libshutdown2.o(.ARM.Collect$$libshutdown$$0000000A)
    __rt_lib_shutdown_stdio_1                0x08000207   Thumb Code     0  libshutdown2.o(.ARM.Collect$$libshutdown$$00000004)
    __rt_lib_shutdown_user_alloc_1           0x08000207   Thumb Code     0  libshutdown2.o(.ARM.Collect$$libshutdown$$0000000C)
    __rt_entry                               0x08000209   Thumb Code     0  __rtentry.o(.ARM.Collect$$rtentry$$00000000)
    __rt_entry_presh_1                       0x08000209   Thumb Code     0  __rtentry2.o(.ARM.Collect$$rtentry$$00000002)
    __rt_entry_sh                            0x08000209   Thumb Code     0  __rtentry4.o(.ARM.Collect$$rtentry$$00000004)
    __rt_entry_li                            0x0800020f   Thumb Code     0  __rtentry2.o(.ARM.Collect$$rtentry$$0000000A)
    __rt_entry_postsh_1                      0x0800020f   Thumb Code     0  __rtentry2.o(.ARM.Collect$$rtentry$$00000009)
    __rt_entry_main                          0x08000213   Thumb Code     0  __rtentry2.o(.ARM.Collect$$rtentry$$0000000D)
    __rt_entry_postli_1                      0x08000213   Thumb Code     0  __rtentry2.o(.ARM.Collect$$rtentry$$0000000C)
    __rt_exit                                0x0800021b   Thumb Code     0  rtexit.o(.ARM.Collect$$rtexit$$00000000)
    __rt_exit_ls                             0x0800021d   Thumb Code     0  rtexit2.o(.ARM.Collect$$rtexit$$00000003)
    __rt_exit_prels_1                        0x0800021d   Thumb Code     0  rtexit2.o(.ARM.Collect$$rtexit$$00000002)
    __rt_exit_exit                           0x08000221   Thumb Code     0  rtexit2.o(.ARM.Collect$$rtexit$$00000004)
    Reset_Handler                            0x08000229   Thumb Code     8  startup_stm32f405xx.o(.text)
    ADC_IRQHandler                           0x08000243   Thumb Code     0  startup_stm32f405xx.o(.text)
    CAN1_RX0_IRQHandler                      0x08000243   Thumb Code     0  startup_stm32f405xx.o(.text)
    CAN1_RX1_IRQHandler                      0x08000243   Thumb Code     0  startup_stm32f405xx.o(.text)
    CAN1_SCE_IRQHandler                      0x08000243   Thumb Code     0  startup_stm32f405xx.o(.text)
    CAN1_TX_IRQHandler                       0x08000243   Thumb Code     0  startup_stm32f405xx.o(.text)
    CAN2_RX0_IRQHandler                      0x08000243   Thumb Code     0  startup_stm32f405xx.o(.text)
    CAN2_RX1_IRQHandler                      0x08000243   Thumb Code     0  startup_stm32f405xx.o(.text)
    CAN2_SCE_IRQHandler                      0x08000243   Thumb Code     0  startup_stm32f405xx.o(.text)
    CAN2_TX_IRQHandler                       0x08000243   Thumb Code     0  startup_stm32f405xx.o(.text)
    DMA1_Stream0_IRQHandler                  0x08000243   Thumb Code     0  startup_stm32f405xx.o(.text)
    DMA1_Stream1_IRQHandler                  0x08000243   Thumb Code     0  startup_stm32f405xx.o(.text)
    DMA1_Stream2_IRQHandler                  0x08000243   Thumb Code     0  startup_stm32f405xx.o(.text)
    DMA1_Stream3_IRQHandler                  0x08000243   Thumb Code     0  startup_stm32f405xx.o(.text)
    DMA1_Stream4_IRQHandler                  0x08000243   Thumb Code     0  startup_stm32f405xx.o(.text)
    DMA1_Stream5_IRQHandler                  0x08000243   Thumb Code     0  startup_stm32f405xx.o(.text)
    DMA1_Stream6_IRQHandler                  0x08000243   Thumb Code     0  startup_stm32f405xx.o(.text)
    DMA1_Stream7_IRQHandler                  0x08000243   Thumb Code     0  startup_stm32f405xx.o(.text)
    DMA2_Stream0_IRQHandler                  0x08000243   Thumb Code     0  startup_stm32f405xx.o(.text)
    DMA2_Stream1_IRQHandler                  0x08000243   Thumb Code     0  startup_stm32f405xx.o(.text)
    DMA2_Stream2_IRQHandler                  0x08000243   Thumb Code     0  startup_stm32f405xx.o(.text)
    DMA2_Stream3_IRQHandler                  0x08000243   Thumb Code     0  startup_stm32f405xx.o(.text)
    DMA2_Stream4_IRQHandler                  0x08000243   Thumb Code     0  startup_stm32f405xx.o(.text)
    DMA2_Stream5_IRQHandler                  0x08000243   Thumb Code     0  startup_stm32f405xx.o(.text)
    DMA2_Stream6_IRQHandler                  0x08000243   Thumb Code     0  startup_stm32f405xx.o(.text)
    DMA2_Stream7_IRQHandler                  0x08000243   Thumb Code     0  startup_stm32f405xx.o(.text)
    EXTI0_IRQHandler                         0x08000243   Thumb Code     0  startup_stm32f405xx.o(.text)
    EXTI15_10_IRQHandler                     0x08000243   Thumb Code     0  startup_stm32f405xx.o(.text)
    EXTI1_IRQHandler                         0x08000243   Thumb Code     0  startup_stm32f405xx.o(.text)
    EXTI2_IRQHandler                         0x08000243   Thumb Code     0  startup_stm32f405xx.o(.text)
    EXTI3_IRQHandler                         0x08000243   Thumb Code     0  startup_stm32f405xx.o(.text)
    EXTI4_IRQHandler                         0x08000243   Thumb Code     0  startup_stm32f405xx.o(.text)
    EXTI9_5_IRQHandler                       0x08000243   Thumb Code     0  startup_stm32f405xx.o(.text)
    FLASH_IRQHandler                         0x08000243   Thumb Code     0  startup_stm32f405xx.o(.text)
    FMC_IRQHandler                           0x08000243   Thumb Code     0  startup_stm32f405xx.o(.text)
    FPU_IRQHandler                           0x08000243   Thumb Code     0  startup_stm32f405xx.o(.text)
    HASH_RNG_IRQHandler                      0x08000243   Thumb Code     0  startup_stm32f405xx.o(.text)
    I2C1_ER_IRQHandler                       0x08000243   Thumb Code     0  startup_stm32f405xx.o(.text)
    I2C1_EV_IRQHandler                       0x08000243   Thumb Code     0  startup_stm32f405xx.o(.text)
    I2C2_ER_IRQHandler                       0x08000243   Thumb Code     0  startup_stm32f405xx.o(.text)
    I2C2_EV_IRQHandler                       0x08000243   Thumb Code     0  startup_stm32f405xx.o(.text)
    I2C3_ER_IRQHandler                       0x08000243   Thumb Code     0  startup_stm32f405xx.o(.text)
    I2C3_EV_IRQHandler                       0x08000243   Thumb Code     0  startup_stm32f405xx.o(.text)
    OTG_FS_IRQHandler                        0x08000243   Thumb Code     0  startup_stm32f405xx.o(.text)
    OTG_FS_WKUP_IRQHandler                   0x08000243   Thumb Code     0  startup_stm32f405xx.o(.text)
    OTG_HS_EP1_IN_IRQHandler                 0x08000243   Thumb Code     0  startup_stm32f405xx.o(.text)
    OTG_HS_EP1_OUT_IRQHandler                0x08000243   Thumb Code     0  startup_stm32f405xx.o(.text)
    OTG_HS_IRQHandler                        0x08000243   Thumb Code     0  startup_stm32f405xx.o(.text)
    OTG_HS_WKUP_IRQHandler                   0x08000243   Thumb Code     0  startup_stm32f405xx.o(.text)
    PVD_IRQHandler                           0x08000243   Thumb Code     0  startup_stm32f405xx.o(.text)
    RCC_IRQHandler                           0x08000243   Thumb Code     0  startup_stm32f405xx.o(.text)
    RTC_Alarm_IRQHandler                     0x08000243   Thumb Code     0  startup_stm32f405xx.o(.text)
    RTC_WKUP_IRQHandler                      0x08000243   Thumb Code     0  startup_stm32f405xx.o(.text)
    SDIO_IRQHandler                          0x08000243   Thumb Code     0  startup_stm32f405xx.o(.text)
    SPI1_IRQHandler                          0x08000243   Thumb Code     0  startup_stm32f405xx.o(.text)
    SPI2_IRQHandler                          0x08000243   Thumb Code     0  startup_stm32f405xx.o(.text)
    SPI3_IRQHandler                          0x08000243   Thumb Code     0  startup_stm32f405xx.o(.text)
    TAMP_STAMP_IRQHandler                    0x08000243   Thumb Code     0  startup_stm32f405xx.o(.text)
    TIM1_BRK_TIM9_IRQHandler                 0x08000243   Thumb Code     0  startup_stm32f405xx.o(.text)
    TIM1_CC_IRQHandler                       0x08000243   Thumb Code     0  startup_stm32f405xx.o(.text)
    TIM1_TRG_COM_TIM11_IRQHandler            0x08000243   Thumb Code     0  startup_stm32f405xx.o(.text)
    TIM1_UP_TIM10_IRQHandler                 0x08000243   Thumb Code     0  startup_stm32f405xx.o(.text)
    TIM2_IRQHandler                          0x08000243   Thumb Code     0  startup_stm32f405xx.o(.text)
    TIM3_IRQHandler                          0x08000243   Thumb Code     0  startup_stm32f405xx.o(.text)
    TIM4_IRQHandler                          0x08000243   Thumb Code     0  startup_stm32f405xx.o(.text)
    TIM5_IRQHandler                          0x08000243   Thumb Code     0  startup_stm32f405xx.o(.text)
    TIM6_DAC_IRQHandler                      0x08000243   Thumb Code     0  startup_stm32f405xx.o(.text)
    TIM7_IRQHandler                          0x08000243   Thumb Code     0  startup_stm32f405xx.o(.text)
    TIM8_BRK_TIM12_IRQHandler                0x08000243   Thumb Code     0  startup_stm32f405xx.o(.text)
    TIM8_CC_IRQHandler                       0x08000243   Thumb Code     0  startup_stm32f405xx.o(.text)
    TIM8_TRG_COM_TIM14_IRQHandler            0x08000243   Thumb Code     0  startup_stm32f405xx.o(.text)
    TIM8_UP_TIM13_IRQHandler                 0x08000243   Thumb Code     0  startup_stm32f405xx.o(.text)
    UART4_IRQHandler                         0x08000243   Thumb Code     0  startup_stm32f405xx.o(.text)
    UART5_IRQHandler                         0x08000243   Thumb Code     0  startup_stm32f405xx.o(.text)
    USART1_IRQHandler                        0x08000243   Thumb Code     0  startup_stm32f405xx.o(.text)
    USART2_IRQHandler                        0x08000243   Thumb Code     0  startup_stm32f405xx.o(.text)
    USART3_IRQHandler                        0x08000243   Thumb Code     0  startup_stm32f405xx.o(.text)
    USART6_IRQHandler                        0x08000243   Thumb Code     0  startup_stm32f405xx.o(.text)
    WWDG_IRQHandler                          0x08000243   Thumb Code     0  startup_stm32f405xx.o(.text)
    __user_initial_stackheap                 0x08000245   Thumb Code     0  startup_stm32f405xx.o(.text)
    __aeabi_uldivmod                         0x08000269   Thumb Code     0  lludivv7m.o(.text)
    _ll_udiv                                 0x08000269   Thumb Code   238  lludivv7m.o(.text)
    __aeabi_memclr4                          0x08000357   Thumb Code     0  rt_memclr_w.o(.text)
    __aeabi_memclr8                          0x08000357   Thumb Code     0  rt_memclr_w.o(.text)
    __rt_memclr_w                            0x08000357   Thumb Code    78  rt_memclr_w.o(.text)
    _memset_w                                0x0800035b   Thumb Code     0  rt_memclr_w.o(.text)
    __use_two_region_memory                  0x080003a5   Thumb Code     2  heapauxi.o(.text)
    __rt_heap_escrow$2region                 0x080003a7   Thumb Code     2  heapauxi.o(.text)
    __rt_heap_expand$2region                 0x080003a9   Thumb Code     2  heapauxi.o(.text)
    _sys_exit                                0x080003ad   Thumb Code     8  sys_exit.o(.text)
    __I$use$semihosting                      0x080003b9   Thumb Code     0  use_no_semi.o(.text)
    __use_no_semihosting_swi                 0x080003b9   Thumb Code     2  use_no_semi.o(.text)
    __semihosting_library_function           0x080003bb   Thumb Code     0  indicate_semi.o(.text)
    __user_setup_stackheap                   0x080003bb   Thumb Code    74  sys_stackheap_outer.o(.text)
    exit                                     0x08000405   Thumb Code    18  exit.o(.text)
    __user_libspace                          0x08000419   Thumb Code     8  libspace.o(.text)
    __user_perproc_libspace                  0x08000419   Thumb Code     0  libspace.o(.text)
    __user_perthread_libspace                0x08000419   Thumb Code     0  libspace.o(.text)
    BusFault_Handler                         0x08000421   Thumb Code     2  stm32f4xx_it.o(.text.BusFault_Handler)
    DebugMon_Handler                         0x08000423   Thumb Code     2  stm32f4xx_it.o(.text.DebugMon_Handler)
    Error_Handler                            0x08000425   Thumb Code     4  main.o(.text.Error_Handler)
    HAL_GPIO_Init                            0x08000429   Thumb Code   400  stm32f4xx_hal_gpio.o(.text.HAL_GPIO_Init)
    HAL_GPIO_WritePin                        0x080005b9   Thumb Code    10  stm32f4xx_hal_gpio.o(.text.HAL_GPIO_WritePin)
    HAL_GetTick                              0x080005c5   Thumb Code    12  stm32f4xx_hal.o(.text.HAL_GetTick)
    HAL_IncTick                              0x080005cd   Thumb Code    16  stm32f4xx_hal.o(.text.HAL_IncTick)
    HAL_Init                                 0x080005d9   Thumb Code    52  stm32f4xx_hal.o(.text.HAL_Init)
    HAL_InitTick                             0x0800060d   Thumb Code    64  stm32f4xx_hal.o(.text.HAL_InitTick)
    HAL_MspInit                              0x08000649   Thumb Code    56  stm32f4xx_hal_msp.o(.text.HAL_MspInit)
    HAL_NVIC_SetPriority                     0x08000681   Thumb Code    92  stm32f4xx_hal_cortex.o(.text.HAL_NVIC_SetPriority)
    HAL_NVIC_SetPriorityGrouping             0x080006d9   Thumb Code    32  stm32f4xx_hal_cortex.o(.text.HAL_NVIC_SetPriorityGrouping)
    HAL_RCC_ClockConfig                      0x080006f9   Thumb Code   304  stm32f4xx_hal_rcc.o(.text.HAL_RCC_ClockConfig)
    HAL_RCC_GetSysClockFreq                  0x08000829   Thumb Code    96  stm32f4xx_hal_rcc.o(.text.HAL_RCC_GetSysClockFreq)
    HAL_RCC_OscConfig                        0x08000885   Thumb Code   884  stm32f4xx_hal_rcc.o(.text.HAL_RCC_OscConfig)
    HAL_SYSTICK_Config                       0x08000bf9   Thumb Code    40  stm32f4xx_hal_cortex.o(.text.HAL_SYSTICK_Config)
    HAL_TIMEx_ConfigBreakDeadTime            0x08000c21   Thumb Code    80  stm32f4xx_hal_tim_ex.o(.text.HAL_TIMEx_ConfigBreakDeadTime)
    HAL_TIMEx_MasterConfigSynchronization    0x08000c71   Thumb Code   152  stm32f4xx_hal_tim_ex.o(.text.HAL_TIMEx_MasterConfigSynchronization)
    HAL_TIM_Base_Init                        0x08000d01   Thumb Code    88  stm32f4xx_hal_tim.o(.text.HAL_TIM_Base_Init)
    HAL_TIM_Base_MspInit                     0x08000d59   Thumb Code    48  tim.o(.text.HAL_TIM_Base_MspInit)
    HAL_TIM_ConfigClockSource                0x08000d85   Thumb Code   248  stm32f4xx_hal_tim.o(.text.HAL_TIM_ConfigClockSource)
    HAL_TIM_Encoder_Init                     0x08000e7d   Thumb Code   176  stm32f4xx_hal_tim.o(.text.HAL_TIM_Encoder_Init)
    HAL_TIM_Encoder_MspInit                  0x08000f2d   Thumb Code   108  tim.o(.text.HAL_TIM_Encoder_MspInit)
    HAL_TIM_Encoder_Start                    0x08000f95   Thumb Code   172  stm32f4xx_hal_tim.o(.text.HAL_TIM_Encoder_Start)
    HAL_TIM_MspPostInit                      0x08001041   Thumb Code    84  tim.o(.text.HAL_TIM_MspPostInit)
    HAL_TIM_PWM_ConfigChannel                0x08001091   Thumb Code   154  stm32f4xx_hal_tim.o(.text.HAL_TIM_PWM_ConfigChannel)
    HAL_TIM_PWM_Init                         0x0800112b   Thumb Code    88  stm32f4xx_hal_tim.o(.text.HAL_TIM_PWM_Init)
    HAL_TIM_PWM_MspInit                      0x08001183   Thumb Code     2  stm32f4xx_hal_tim.o(.text.HAL_TIM_PWM_MspInit)
    HAL_TIM_PWM_Start                        0x08001185   Thumb Code   248  stm32f4xx_hal_tim.o(.text.HAL_TIM_PWM_Start)
    HardFault_Handler                        0x08001265   Thumb Code     2  stm32f4xx_it.o(.text.HardFault_Handler)
    MX_GPIO_Init                             0x08001269   Thumb Code   124  gpio.o(.text.MX_GPIO_Init)
    MX_TIM1_Init                             0x080012e5   Thumb Code    96  tim.o(.text.MX_TIM1_Init)
    MX_TIM8_Init                             0x08001341   Thumb Code   216  tim.o(.text.MX_TIM8_Init)
    MemManage_Handler                        0x08001419   Thumb Code     2  stm32f4xx_it.o(.text.MemManage_Handler)
    NMI_Handler                              0x0800141b   Thumb Code     2  stm32f4xx_it.o(.text.NMI_Handler)
    PendSV_Handler                           0x0800141d   Thumb Code     2  stm32f4xx_it.o(.text.PendSV_Handler)
    SVC_Handler                              0x0800141f   Thumb Code     2  stm32f4xx_it.o(.text.SVC_Handler)
    SysTick_Handler                          0x08001421   Thumb Code     4  stm32f4xx_it.o(.text.SysTick_Handler)
    SystemClock_Config                       0x08001425   Thumb Code   156  main.o(.text.SystemClock_Config)
    SystemInit                               0x080014c1   Thumb Code    16  system_stm32f4xx.o(.text.SystemInit)
    TIM_Base_SetConfig                       0x080014d1   Thumb Code   224  stm32f4xx_hal_tim.o(.text.TIM_Base_SetConfig)
    TIM_OC2_SetConfig                        0x08001615   Thumb Code   108  stm32f4xx_hal_tim.o(.text.TIM_OC2_SetConfig)
    UsageFault_Handler                       0x0800177b   Thumb Code     2  stm32f4xx_it.o(.text.UsageFault_Handler)
    Motor::MotorInterface_t::Motor_start()   0x0800177d   Thumb Code    54  maincpp.o(.text._ZN5Motor16MotorInterface_t11Motor_startEv)
    main                                     0x080017b5   Thumb Code    56  main.o(.text.main)
    main_cpp                                 0x080017ed   Thumb Code    60  maincpp.o(.text.main_cpp)
    _fp_init                                 0x08001829   Thumb Code    10  fpinit.o(x$fpl$fpinit)
    __fplib_config_fpu_vfp                   0x08001831   Thumb Code     0  fpinit.o(x$fpl$fpinit)
    __fplib_config_pureend_doubles           0x08001831   Thumb Code     0  fpinit.o(x$fpl$fpinit)
    AHBPrescTable                            0x08001832   Data          16  system_stm32f4xx.o(.rodata.AHBPrescTable)
    Region$$Table$$Base                      0x08001844   Number         0  anon$$obj.o(Region$$Table)
    Region$$Table$$Limit                     0x08001864   Number         0  anon$$obj.o(Region$$Table)
    uwTickFreq                               0x20000000   Data           1  stm32f4xx_hal.o(.data..L_MergedGlobals)
    uwTickPrio                               0x20000004   Data           4  stm32f4xx_hal.o(.data..L_MergedGlobals)
    uwTick                                   0x20000008   Data           4  stm32f4xx_hal.o(.data..L_MergedGlobals)
    SystemCoreClock                          0x2000000c   Data           4  system_stm32f4xx.o(.data.SystemCoreClock)
    __libspace_start                         0x20000010   Data          96  libspace.o(.bss)
    __temporary_stack_top$libspace           0x20000070   Data           0  libspace.o(.bss)
    encoder_count                            0x20000070   Data           2  main.o(.bss.encoder_count)
    htim1                                    0x20000074   Data          72  tim.o(.bss.htim1)
    htim8                                    0x200000bc   Data          72  tim.o(.bss.htim8)



==============================================================================

Memory Map of the image

  Image Entry point : 0x08000189

  Load Region LR_IROM1 (Base: 0x08000000, Size: 0x00001878, Max: 0x00100000, ABSOLUTE)

    Execution Region ER_IROM1 (Exec base: 0x08000000, Load base: 0x08000000, Size: 0x00001864, Max: 0x00100000, ABSOLUTE)

    Exec Addr    Load Addr    Size         Type   Attr      Idx    E Section Name        Object

    0x08000000   0x08000000   0x00000188   Data   RO            3    RESET               startup_stm32f405xx.o
    0x08000188   0x08000188   0x00000008   Code   RO          932  * !!!main             c_w.l(__main.o)
    0x08000190   0x08000190   0x00000034   Code   RO         1225    !!!scatter          c_w.l(__scatter.o)
    0x080001c4   0x080001c4   0x0000001a   Code   RO         1227    !!handler_copy      c_w.l(__scatter_copy.o)
    0x080001de   0x080001de   0x00000002   PAD
    0x080001e0   0x080001e0   0x0000001c   Code   RO         1229    !!handler_zi        c_w.l(__scatter_zi.o)
    0x080001fc   0x080001fc   0x00000002   Code   RO         1102    .ARM.Collect$$libinit$$00000000  c_w.l(libinit.o)
    0x080001fe   0x080001fe   0x00000004   Code   RO         1114    .ARM.Collect$$libinit$$00000001  c_w.l(libinit2.o)
    0x08000202   0x08000202   0x00000000   Code   RO         1117    .ARM.Collect$$libinit$$00000004  c_w.l(libinit2.o)
    0x08000202   0x08000202   0x00000000   Code   RO         1120    .ARM.Collect$$libinit$$0000000A  c_w.l(libinit2.o)
    0x08000202   0x08000202   0x00000000   Code   RO         1122    .ARM.Collect$$libinit$$0000000C  c_w.l(libinit2.o)
    0x08000202   0x08000202   0x00000000   Code   RO         1124    .ARM.Collect$$libinit$$0000000E  c_w.l(libinit2.o)
    0x08000202   0x08000202   0x00000000   Code   RO         1127    .ARM.Collect$$libinit$$00000011  c_w.l(libinit2.o)
    0x08000202   0x08000202   0x00000000   Code   RO         1129    .ARM.Collect$$libinit$$00000013  c_w.l(libinit2.o)
    0x08000202   0x08000202   0x00000000   Code   RO         1131    .ARM.Collect$$libinit$$00000015  c_w.l(libinit2.o)
    0x08000202   0x08000202   0x00000000   Code   RO         1133    .ARM.Collect$$libinit$$00000017  c_w.l(libinit2.o)
    0x08000202   0x08000202   0x00000000   Code   RO         1135    .ARM.Collect$$libinit$$00000019  c_w.l(libinit2.o)
    0x08000202   0x08000202   0x00000000   Code   RO         1137    .ARM.Collect$$libinit$$0000001B  c_w.l(libinit2.o)
    0x08000202   0x08000202   0x00000000   Code   RO         1139    .ARM.Collect$$libinit$$0000001D  c_w.l(libinit2.o)
    0x08000202   0x08000202   0x00000000   Code   RO         1141    .ARM.Collect$$libinit$$0000001F  c_w.l(libinit2.o)
    0x08000202   0x08000202   0x00000000   Code   RO         1143    .ARM.Collect$$libinit$$00000021  c_w.l(libinit2.o)
    0x08000202   0x08000202   0x00000000   Code   RO         1145    .ARM.Collect$$libinit$$00000023  c_w.l(libinit2.o)
    0x08000202   0x08000202   0x00000000   Code   RO         1147    .ARM.Collect$$libinit$$00000025  c_w.l(libinit2.o)
    0x08000202   0x08000202   0x00000000   Code   RO         1151    .ARM.Collect$$libinit$$0000002C  c_w.l(libinit2.o)
    0x08000202   0x08000202   0x00000000   Code   RO         1153    .ARM.Collect$$libinit$$0000002E  c_w.l(libinit2.o)
    0x08000202   0x08000202   0x00000000   Code   RO         1155    .ARM.Collect$$libinit$$00000030  c_w.l(libinit2.o)
    0x08000202   0x08000202   0x00000000   Code   RO         1157    .ARM.Collect$$libinit$$00000032  c_w.l(libinit2.o)
    0x08000202   0x08000202   0x00000002   Code   RO         1158    .ARM.Collect$$libinit$$00000033  c_w.l(libinit2.o)
    0x08000204   0x08000204   0x00000002   Code   RO         1196    .ARM.Collect$$libshutdown$$00000000  c_w.l(libshutdown.o)
    0x08000206   0x08000206   0x00000000   Code   RO         1208    .ARM.Collect$$libshutdown$$00000002  c_w.l(libshutdown2.o)
    0x08000206   0x08000206   0x00000000   Code   RO         1210    .ARM.Collect$$libshutdown$$00000004  c_w.l(libshutdown2.o)
    0x08000206   0x08000206   0x00000000   Code   RO         1213    .ARM.Collect$$libshutdown$$00000007  c_w.l(libshutdown2.o)
    0x08000206   0x08000206   0x00000000   Code   RO         1216    .ARM.Collect$$libshutdown$$0000000A  c_w.l(libshutdown2.o)
    0x08000206   0x08000206   0x00000000   Code   RO         1218    .ARM.Collect$$libshutdown$$0000000C  c_w.l(libshutdown2.o)
    0x08000206   0x08000206   0x00000000   Code   RO         1221    .ARM.Collect$$libshutdown$$0000000F  c_w.l(libshutdown2.o)
    0x08000206   0x08000206   0x00000002   Code   RO         1222    .ARM.Collect$$libshutdown$$00000010  c_w.l(libshutdown2.o)
    0x08000208   0x08000208   0x00000000   Code   RO          970    .ARM.Collect$$rtentry$$00000000  c_w.l(__rtentry.o)
    0x08000208   0x08000208   0x00000000   Code   RO         1055    .ARM.Collect$$rtentry$$00000002  c_w.l(__rtentry2.o)
    0x08000208   0x08000208   0x00000006   Code   RO         1067    .ARM.Collect$$rtentry$$00000004  c_w.l(__rtentry4.o)
    0x0800020e   0x0800020e   0x00000000   Code   RO         1057    .ARM.Collect$$rtentry$$00000009  c_w.l(__rtentry2.o)
    0x0800020e   0x0800020e   0x00000004   Code   RO         1058    .ARM.Collect$$rtentry$$0000000A  c_w.l(__rtentry2.o)
    0x08000212   0x08000212   0x00000000   Code   RO         1060    .ARM.Collect$$rtentry$$0000000C  c_w.l(__rtentry2.o)
    0x08000212   0x08000212   0x00000008   Code   RO         1061    .ARM.Collect$$rtentry$$0000000D  c_w.l(__rtentry2.o)
    0x0800021a   0x0800021a   0x00000002   Code   RO         1106    .ARM.Collect$$rtexit$$00000000  c_w.l(rtexit.o)
    0x0800021c   0x0800021c   0x00000000   Code   RO         1164    .ARM.Collect$$rtexit$$00000002  c_w.l(rtexit2.o)
    0x0800021c   0x0800021c   0x00000004   Code   RO         1165    .ARM.Collect$$rtexit$$00000003  c_w.l(rtexit2.o)
    0x08000220   0x08000220   0x00000006   Code   RO         1166    .ARM.Collect$$rtexit$$00000004  c_w.l(rtexit2.o)
    0x08000226   0x08000226   0x00000002   PAD
    0x08000228   0x08000228   0x00000040   Code   RO            4    .text               startup_stm32f405xx.o
    0x08000268   0x08000268   0x000000ee   Code   RO          926    .text               c_w.l(lludivv7m.o)
    0x08000356   0x08000356   0x0000004e   Code   RO          928    .text               c_w.l(rt_memclr_w.o)
    0x080003a4   0x080003a4   0x00000006   Code   RO          930    .text               c_w.l(heapauxi.o)
    0x080003aa   0x080003aa   0x00000002   PAD
    0x080003ac   0x080003ac   0x0000000c   Code   RO         1050    .text               c_w.l(sys_exit.o)
    0x080003b8   0x080003b8   0x00000002   Code   RO         1078    .text               c_w.l(use_no_semi.o)
    0x080003ba   0x080003ba   0x00000000   Code   RO         1080    .text               c_w.l(indicate_semi.o)
    0x080003ba   0x080003ba   0x0000004a   Code   RO         1081    .text               c_w.l(sys_stackheap_outer.o)
    0x08000404   0x08000404   0x00000012   Code   RO         1085    .text               c_w.l(exit.o)
    0x08000416   0x08000416   0x00000002   PAD
    0x08000418   0x08000418   0x00000008   Code   RO         1103    .text               c_w.l(libspace.o)
    0x08000420   0x08000420   0x00000002   Code   RO           91    .text.BusFault_Handler  stm32f4xx_it.o
    0x08000422   0x08000422   0x00000002   Code   RO           97    .text.DebugMon_Handler  stm32f4xx_it.o
    0x08000424   0x08000424   0x00000004   Code   RO           30    .text.Error_Handler  main.o
    0x08000428   0x08000428   0x00000190   Code   RO          602    .text.HAL_GPIO_Init  stm32f4xx_hal_gpio.o
    0x080005b8   0x080005b8   0x0000000a   Code   RO          608    .text.HAL_GPIO_WritePin  stm32f4xx_hal_gpio.o
    0x080005c2   0x080005c2   0x00000002   PAD
    0x080005c4   0x080005c4   0x00000008   Code   RO          816    .text.HAL_GetTick   stm32f4xx_hal.o
    0x080005cc   0x080005cc   0x0000000c   Code   RO          814    .text.HAL_IncTick   stm32f4xx_hal.o
    0x080005d8   0x080005d8   0x00000034   Code   RO          804    .text.HAL_Init      stm32f4xx_hal.o
    0x0800060c   0x0800060c   0x0000003c   Code   RO          806    .text.HAL_InitTick  stm32f4xx_hal.o
    0x08000648   0x08000648   0x00000038   Code   RO          113    .text.HAL_MspInit   stm32f4xx_hal_msp.o
    0x08000680   0x08000680   0x00000058   Code   RO          753    .text.HAL_NVIC_SetPriority  stm32f4xx_hal_cortex.o
    0x080006d8   0x080006d8   0x00000020   Code   RO          751    .text.HAL_NVIC_SetPriorityGrouping  stm32f4xx_hal_cortex.o
    0x080006f8   0x080006f8   0x00000130   Code   RO          467    .text.HAL_RCC_ClockConfig  stm32f4xx_hal_rcc.o
    0x08000828   0x08000828   0x0000005c   Code   RO          469    .text.HAL_RCC_GetSysClockFreq  stm32f4xx_hal_rcc.o
    0x08000884   0x08000884   0x00000374   Code   RO          465    .text.HAL_RCC_OscConfig  stm32f4xx_hal_rcc.o
    0x08000bf8   0x08000bf8   0x00000028   Code   RO          761    .text.HAL_SYSTICK_Config  stm32f4xx_hal_cortex.o
    0x08000c20   0x08000c20   0x00000050   Code   RO          438    .text.HAL_TIMEx_ConfigBreakDeadTime  stm32f4xx_hal_tim_ex.o
    0x08000c70   0x08000c70   0x00000090   Code   RO          436    .text.HAL_TIMEx_MasterConfigSynchronization  stm32f4xx_hal_tim_ex.o
    0x08000d00   0x08000d00   0x00000058   Code   RO          126    .text.HAL_TIM_Base_Init  stm32f4xx_hal_tim.o
    0x08000d58   0x08000d58   0x0000002c   Code   RO           66    .text.HAL_TIM_Base_MspInit  tim.o
    0x08000d84   0x08000d84   0x000000f8   Code   RO          314    .text.HAL_TIM_ConfigClockSource  stm32f4xx_hal_tim.o
    0x08000e7c   0x08000e7c   0x000000b0   Code   RO          240    .text.HAL_TIM_Encoder_Init  stm32f4xx_hal_tim.o
    0x08000f2c   0x08000f2c   0x00000068   Code   RO           64    .text.HAL_TIM_Encoder_MspInit  tim.o
    0x08000f94   0x08000f94   0x000000ac   Code   RO          248    .text.HAL_TIM_Encoder_Start  stm32f4xx_hal_tim.o
    0x08001040   0x08001040   0x00000050   Code   RO           62    .text.HAL_TIM_MspPostInit  tim.o
    0x08001090   0x08001090   0x0000009a   Code   RO          288    .text.HAL_TIM_PWM_ConfigChannel  stm32f4xx_hal_tim.o
    0x0800112a   0x0800112a   0x00000058   Code   RO          180    .text.HAL_TIM_PWM_Init  stm32f4xx_hal_tim.o
    0x08001182   0x08001182   0x00000002   Code   RO          182    .text.HAL_TIM_PWM_MspInit  stm32f4xx_hal_tim.o
    0x08001184   0x08001184   0x000000e0   Code   RO          188    .text.HAL_TIM_PWM_Start  stm32f4xx_hal_tim.o
    0x08001264   0x08001264   0x00000002   Code   RO           87    .text.HardFault_Handler  stm32f4xx_it.o
    0x08001266   0x08001266   0x00000002   PAD
    0x08001268   0x08001268   0x0000007c   Code   RO           45    .text.MX_GPIO_Init  gpio.o
    0x080012e4   0x080012e4   0x0000005c   Code   RO           58    .text.MX_TIM1_Init  tim.o
    0x08001340   0x08001340   0x000000d8   Code   RO           60    .text.MX_TIM8_Init  tim.o
    0x08001418   0x08001418   0x00000002   Code   RO           89    .text.MemManage_Handler  stm32f4xx_it.o
    0x0800141a   0x0800141a   0x00000002   Code   RO           85    .text.NMI_Handler   stm32f4xx_it.o
    0x0800141c   0x0800141c   0x00000002   Code   RO           99    .text.PendSV_Handler  stm32f4xx_it.o
    0x0800141e   0x0800141e   0x00000002   Code   RO           95    .text.SVC_Handler   stm32f4xx_it.o
    0x08001420   0x08001420   0x00000004   Code   RO          101    .text.SysTick_Handler  stm32f4xx_it.o
    0x08001424   0x08001424   0x0000009c   Code   RO           28    .text.SystemClock_Config  main.o
    0x080014c0   0x080014c0   0x00000010   Code   RO          899    .text.SystemInit    system_stm32f4xx.o
    0x080014d0   0x080014d0   0x000000e0   Code   RO          130    .text.TIM_Base_SetConfig  stm32f4xx_hal_tim.o
    0x080015b0   0x080015b0   0x00000064   Code   RO          274    .text.TIM_OC1_SetConfig  stm32f4xx_hal_tim.o
    0x08001614   0x08001614   0x00000068   Code   RO          276    .text.TIM_OC2_SetConfig  stm32f4xx_hal_tim.o
    0x0800167c   0x0800167c   0x00000068   Code   RO          278    .text.TIM_OC3_SetConfig  stm32f4xx_hal_tim.o
    0x080016e4   0x080016e4   0x00000050   Code   RO          280    .text.TIM_OC4_SetConfig  stm32f4xx_hal_tim.o
    0x08001734   0x08001734   0x00000022   Code   RO          316    .text.TIM_TI1_ConfigInputStage  stm32f4xx_hal_tim.o
    0x08001756   0x08001756   0x00000024   Code   RO          318    .text.TIM_TI2_ConfigInputStage  stm32f4xx_hal_tim.o
    0x0800177a   0x0800177a   0x00000002   Code   RO           93    .text.UsageFault_Handler  stm32f4xx_it.o
    0x0800177c   0x0800177c   0x00000036   Code   RO           23    .text._ZN5Motor16MotorInterface_t11Motor_startEv  maincpp.o
    0x080017b2   0x080017b2   0x00000002   PAD
    0x080017b4   0x080017b4   0x00000038   Code   RO           26    .text.main          main.o
    0x080017ec   0x080017ec   0x0000003c   Code   RO           11    .text.main_cpp      maincpp.o
    0x08001828   0x08001828   0x0000000a   Code   RO         1174    x$fpl$fpinit        fz_wm.l(fpinit.o)
    0x08001832   0x08001832   0x00000010   Data   RO          904    .rodata.AHBPrescTable  system_stm32f4xx.o
    0x08001842   0x08001842   0x00000002   PAD
    0x08001844   0x08001844   0x00000020   Data   RO         1223    Region$$Table       anon$$obj.o


    Execution Region RW_IRAM1 (Exec base: 0x20000000, Load base: 0x08001868, Size: 0x00000708, Max: 0x0001c000, ABSOLUTE)

    Exec Addr    Load Addr    Size         Type   Attr      Idx    E Section Name        Object

    0x20000000   0x08001868   0x0000000c   Data   RW          858    .data..L_MergedGlobals  stm32f4xx_hal.o
    0x2000000c   0x08001874   0x00000004   Data   RW          903    .data.SystemCoreClock  system_stm32f4xx.o
    0x20000010        -       0x00000060   Zero   RW         1104    .bss                c_w.l(libspace.o)
    0x20000070        -       0x00000002   Zero   RW           32    .bss.encoder_count  main.o
    0x20000072   0x08001878   0x00000002   PAD
    0x20000074        -       0x00000048   Zero   RW           72    .bss.htim1          tim.o
    0x200000bc        -       0x00000048   Zero   RW           73    .bss.htim8          tim.o
    0x20000104   0x08001878   0x00000004   PAD
    0x20000108        -       0x00000200   Zero   RW            2    HEAP                startup_stm32f405xx.o
    0x20000308        -       0x00000400   Zero   RW            1    STACK               startup_stm32f405xx.o


    Execution Region RW_IRAM2 (Exec base: 0x2001c000, Load base: 0x08001878, Size: 0x00000000, Max: 0x00004000, ABSOLUTE)

    **** No section assigned to this execution region ****


==============================================================================

Image component sizes


      Code (inc. data)   RO Data    RW Data    ZI Data      Debug   Object Name

       124          8          0          0          0       2338   gpio.o
       216         16          0          0          2       3420   main.o
       114          4          0          0          0       6062   maincpp.o
        64         26        392          0       1536        820   startup_stm32f405xx.o
       132          8          0         12          0       8030   stm32f4xx_hal.o
       160         20          0          0          0      10765   stm32f4xx_hal_cortex.o
       410         28          0          0          0       5377   stm32f4xx_hal_gpio.o
        56          4          0          0          0       1583   stm32f4xx_hal_msp.o
      1280         40          0          0          0       7767   stm32f4xx_hal_rcc.o
      1834         60          0          0          0      46487   stm32f4xx_hal_tim.o
       224         20          0          0          0      20103   stm32f4xx_hal_tim_ex.o
        20          0          0          0          0       1195   stm32f4xx_it.o
        16          4         16          4          0       2752   system_stm32f4xx.o
       536         24          0          0        144       8503   tim.o

    ----------------------------------------------------------------------
      5192        262        442         16       1688     125202   Object Totals
         0          0         32          0          0          0   (incl. Generated)
         6          0          2          0          6          0   (incl. Padding)

    ----------------------------------------------------------------------

      Code (inc. data)   RO Data    RW Data    ZI Data      Debug   Library Member Name

         8          0          0          0          0         68   __main.o
         0          0          0          0          0          0   __rtentry.o
        12          0          0          0          0          0   __rtentry2.o
         6          0          0          0          0          0   __rtentry4.o
        52          8          0          0          0          0   __scatter.o
        26          0          0          0          0          0   __scatter_copy.o
        28          0          0          0          0          0   __scatter_zi.o
        18          0          0          0          0         80   exit.o
         6          0          0          0          0        152   heapauxi.o
         0          0          0          0          0          0   indicate_semi.o
         2          0          0          0          0          0   libinit.o
         6          0          0          0          0          0   libinit2.o
         2          0          0          0          0          0   libshutdown.o
         2          0          0          0          0          0   libshutdown2.o
         8          4          0          0         96         68   libspace.o
       238          0          0          0          0        100   lludivv7m.o
        78          0          0          0          0         80   rt_memclr_w.o
         2          0          0          0          0          0   rtexit.o
        10          0          0          0          0          0   rtexit2.o
        12          4          0          0          0         68   sys_exit.o
        74          0          0          0          0         80   sys_stackheap_outer.o
         2          0          0          0          0         68   use_no_semi.o
        10          0          0          0          0        116   fpinit.o

    ----------------------------------------------------------------------
       610         16          0          0         96        880   Library Totals
         8          0          0          0          0          0   (incl. Padding)

    ----------------------------------------------------------------------

      Code (inc. data)   RO Data    RW Data    ZI Data      Debug   Library Name

       592         16          0          0         96        764   c_w.l
        10          0          0          0          0        116   fz_wm.l

    ----------------------------------------------------------------------
       610         16          0          0         96        880   Library Totals

    ----------------------------------------------------------------------

==============================================================================


      Code (inc. data)   RO Data    RW Data    ZI Data      Debug   

      5802        278        442         16       1784     125630   Grand Totals
      5802        278        442         16       1784     125630   ELF Image Totals
      5802        278        442         16          0          0   ROM Totals

==============================================================================

    Total RO  Size (Code + RO Data)                 6244 (   6.10kB)
    Total RW  Size (RW Data + ZI Data)              1800 (   1.76kB)
    Total ROM Size (Code + RO Data + RW Data)       6260 (   6.11kB)

==============================================================================

