Component: ARM Compiler 6.7 Tool: armlink [5c9ef700]

==============================================================================

Section Cross References

    startup_stm32f405xx.o(STACK) refers (Special) to heapauxi.o(.text) for __use_two_region_memory
    startup_stm32f405xx.o(HEAP) refers (Special) to heapauxi.o(.text) for __use_two_region_memory
    startup_stm32f405xx.o(RESET) refers (Special) to heapauxi.o(.text) for __use_two_region_memory
    startup_stm32f405xx.o(RESET) refers to startup_stm32f405xx.o(STACK) for __initial_sp
    startup_stm32f405xx.o(RESET) refers to startup_stm32f405xx.o(.text) for Reset_Handler
    startup_stm32f405xx.o(RESET) refers to stm32f4xx_it.o(.text.NMI_Handler) for NMI_Handler
    startup_stm32f405xx.o(RESET) refers to stm32f4xx_it.o(.text.HardFault_Handler) for HardFault_Handler
    startup_stm32f405xx.o(RESET) refers to stm32f4xx_it.o(.text.MemManage_Handler) for MemManage_Handler
    startup_stm32f405xx.o(RESET) refers to stm32f4xx_it.o(.text.BusFault_Handler) for BusFault_Handler
    startup_stm32f405xx.o(RESET) refers to stm32f4xx_it.o(.text.UsageFault_Handler) for UsageFault_Handler
    startup_stm32f405xx.o(RESET) refers to stm32f4xx_it.o(.text.SVC_Handler) for SVC_Handler
    startup_stm32f405xx.o(RESET) refers to stm32f4xx_it.o(.text.DebugMon_Handler) for DebugMon_Handler
    startup_stm32f405xx.o(RESET) refers to stm32f4xx_it.o(.text.PendSV_Handler) for PendSV_Handler
    startup_stm32f405xx.o(RESET) refers to stm32f4xx_it.o(.text.SysTick_Handler) for SysTick_Handler
    startup_stm32f405xx.o(RESET) refers to stm32f4xx_it.o(.text.TIM2_IRQHandler) for TIM2_IRQHandler
    startup_stm32f405xx.o(.text) refers (Special) to heapauxi.o(.text) for __use_two_region_memory
    startup_stm32f405xx.o(.text) refers to system_stm32f4xx.o(.text.SystemInit) for SystemInit
    startup_stm32f405xx.o(.text) refers to __main.o(!!!main) for __main
    startup_stm32f405xx.o(.text) refers to startup_stm32f405xx.o(HEAP) for Heap_Mem
    startup_stm32f405xx.o(.text) refers to startup_stm32f405xx.o(STACK) for Stack_Mem
    maincpp.o(.text.__cxx_global_var_init) refers to maincpp.o(.bss.control) for control
    maincpp.o(.text.__cxx_global_var_init) refers to maincpp.o(.text._ZN7Control9Control_tC2ENS_14Control_Mode_tE) for Control::Control_t::Control_t__sub_object(Control::Control_Mode_t)
    maincpp.o(.text.__cxx_global_var_init) refers to maincpp.o(.text._ZN7Control9Control_tD2Ev) for Control::Control_t::~Control_t__sub_object()
    maincpp.o(.text.__cxx_global_var_init) refers to cxa_atexit.o(.text) for __cxa_atexit
    maincpp.o(.ARM.exidx.text.__cxx_global_var_init) refers to Unwind-EHABI.cpp.o(.text.__aeabi_unwind_cpp_pr0) for __aeabi_unwind_cpp_pr0
    maincpp.o(.ARM.exidx.text.__cxx_global_var_init) refers to maincpp.o(.text.__cxx_global_var_init) for [Anonymous Symbol]
    maincpp.o(.text.main_cpp) refers to maincpp.o(.bss.control) for control
    maincpp.o(.text.main_cpp) refers to control.o(.text._ZN7Control9Control_t9initMotorEv) for Control::Control_t::initMotor()
    maincpp.o(.text.main_cpp) refers to control.o(.text._ZN7Control9Control_t9setTargetE5vel_t) for Control::Control_t::setTarget(vel_t)
    maincpp.o(.ARM.exidx.text.main_cpp) refers to Unwind-EHABI.cpp.o(.text.__aeabi_unwind_cpp_pr0) for __aeabi_unwind_cpp_pr0
    maincpp.o(.ARM.exidx.text.main_cpp) refers to maincpp.o(.text.main_cpp) for [Anonymous Symbol]
    maincpp.o(.text.OnceMain) refers to maincpp.o(.bss.control) for control
    maincpp.o(.text.OnceMain) refers to control.o(.text._ZN7Control9Control_t11controlLoopEv) for Control::Control_t::controlLoop()
    maincpp.o(.ARM.exidx.text.OnceMain) refers to Unwind-EHABI.cpp.o(.text.__aeabi_unwind_cpp_pr0) for __aeabi_unwind_cpp_pr0
    maincpp.o(.ARM.exidx.text.OnceMain) refers to maincpp.o(.text.OnceMain) for [Anonymous Symbol]
    maincpp.o(.text.Serial_Printf) refers to vsprintf.o(.text) for vsprintf
    maincpp.o(.text.Serial_Printf) refers to strlen.o(.text) for strlen
    maincpp.o(.text.Serial_Printf) refers to main.o(.bss.huart4) for huart4
    maincpp.o(.text.Serial_Printf) refers to stm32f4xx_hal_uart.o(.text.HAL_UART_Transmit) for HAL_UART_Transmit
    maincpp.o(.ARM.exidx.text.Serial_Printf) refers to Unwind-EHABI.cpp.o(.text.__aeabi_unwind_cpp_pr0) for __aeabi_unwind_cpp_pr0
    maincpp.o(.ARM.exidx.text.Serial_Printf) refers to maincpp.o(.text.Serial_Printf) for [Anonymous Symbol]
    maincpp.o(.text._GLOBAL__sub_I_maincpp.cpp) refers to maincpp.o(.text.__cxx_global_var_init) for __cxx_global_var_init
    maincpp.o(.ARM.exidx.text._GLOBAL__sub_I_maincpp.cpp) refers to Unwind-EHABI.cpp.o(.text.__aeabi_unwind_cpp_pr0) for __aeabi_unwind_cpp_pr0
    maincpp.o(.ARM.exidx.text._GLOBAL__sub_I_maincpp.cpp) refers to maincpp.o(.text._GLOBAL__sub_I_maincpp.cpp) for [Anonymous Symbol]
    maincpp.o(.init_array) refers to maincpp.o(.text._GLOBAL__sub_I_maincpp.cpp) for _GLOBAL__sub_I_maincpp.cpp
[...]
    0x0800282a   0x0800282a   0x00000002   PAD
    0x0800282c   0x0800282c   0x00000060   Code   RO          492    .text.HAL_TIMEx_ConfigBreakDeadTime  stm32f4xx_hal_tim_ex.o
    0x0800288c   0x0800288c   0x0000009a   Code   RO          484    .text.HAL_TIMEx_ConfigCommutEvent_DMA  stm32f4xx_hal_tim_ex.o
    0x08002926   0x08002926   0x00000002   PAD
    0x08002928   0x08002928   0x000000be   Code   RO          490    .text.HAL_TIMEx_MasterConfigSynchronization  stm32f4xx_hal_tim_ex.o
    0x080029e6   0x080029e6   0x00000002   PAD
    0x080029e8   0x080029e8   0x0000005a   Code   RO          173    .text.HAL_TIM_Base_Init  stm32f4xx_hal_tim.o
    0x08002a42   0x08002a42   0x00000002   PAD
    0x08002a44   0x08002a44   0x00000066   Code   RO          150    .text.HAL_TIM_Base_MspInit  stm32f4xx_hal_msp.o
    0x08002aaa   0x08002aaa   0x00000002   PAD
    0x08002aac   0x08002aac   0x00000102   Code   RO          191    .text.HAL_TIM_Base_Start_DMA  stm32f4xx_hal_tim.o
    0x08002bae   0x08002bae   0x00000002   PAD
    0x08002bb0   0x08002bb0   0x000000b8   Code   RO          187    .text.HAL_TIM_Base_Start_IT  stm32f4xx_hal_tim.o
    0x08002c68   0x08002c68   0x000000e8   Code   RO          365    .text.HAL_TIM_ConfigClockSource  stm32f4xx_hal_tim.o
    0x08002d50   0x08002d50   0x000000be   Code   RO          361    .text.HAL_TIM_ConfigOCrefClear  stm32f4xx_hal_tim.o
    0x08002e0e   0x08002e0e   0x00000002   PAD
    0x08002e10   0x08002e10   0x00000218   Code   RO          355    .text.HAL_TIM_DMABurst_MultiReadStart  stm32f4xx_hal_tim.o
    0x08003028   0x08003028   0x00000228   Code   RO          345    .text.HAL_TIM_DMABurst_MultiWriteStart  stm32f4xx_hal_tim.o
    0x08003250   0x08003250   0x0000001c   Code   RO          353    .text.HAL_TIM_DMABurst_ReadStart  stm32f4xx_hal_tim.o
    0x0800326c   0x0800326c   0x0000001c   Code   RO          343    .text.HAL_TIM_DMABurst_WriteStart  stm32f4xx_hal_tim.o
    0x08003288   0x08003288   0x000000be   Code   RO          287    .text.HAL_TIM_Encoder_Init  stm32f4xx_hal_tim.o
    0x08003346   0x08003346   0x00000002   PAD
    0x08003348   0x08003348   0x00000070   Code   RO          148    .text.HAL_TIM_Encoder_MspInit  stm32f4xx_hal_msp.o
    0x080033b8   0x080033b8   0x00000098   Code   RO          295    .text.HAL_TIM_Encoder_Start  stm32f4xx_hal_tim.o
    0x08003450   0x08003450   0x000001f6   Code   RO          303    .text.HAL_TIM_Encoder_Start_DMA  stm32f4xx_hal_tim.o
    0x08003646   0x08003646   0x00000002   PAD
    0x08003648   0x08003648   0x000000bc   Code   RO          299    .text.HAL_TIM_Encoder_Start_IT  stm32f4xx_hal_tim.o
    0x08003704   0x08003704   0x00000098   Code   RO          297    .text.HAL_TIM_Encoder_Stop  stm32f4xx_hal_tim.o
    0x0800379c   0x0800379c   0x000000e0   Code   RO          305    .text.HAL_TIM_Encoder_Stop_DMA  stm32f4xx_hal_tim.o
    0x0800387c   0x0800387c   0x000000c4   Code   RO          301    .text.HAL_TIM_Encoder_Stop_IT  stm32f4xx_hal_tim.o
    0x08003940   0x08003940   0x00000002   Code   RO          391    .text.HAL_TIM_ErrorCallback  stm32f4xx_hal_tim.o
    0x08003942   0x08003942   0x00000002   PAD
    0x08003944   0x08003944   0x00000002   Code   RO          309    .text.HAL_TIM_IC_CaptureCallback  stm32f4xx_hal_tim.o
    0x08003946   0x08003946   0x00000002   PAD
    0x08003948   0x08003948   0x00000002   Code   RO          385    .text.HAL_TIM_IC_CaptureHalfCpltCallback  stm32f4xx_hal_tim.o
    0x0800394a   0x0800394a   0x00000002   PAD
    0x0800394c   0x0800394c   0x000000b4   Code   RO          329    .text.HAL_TIM_IC_ConfigChannel  stm32f4xx_hal_tim.o
    0x08003a00   0x08003a00   0x0000005a   Code   RO          247    .text.HAL_TIM_IC_Init  stm32f4xx_hal_tim.o
    0x08003a5a   0x08003a5a   0x00000002   PAD
    0x08003a5c   0x08003a5c   0x00000002   Code   RO          249    .text.HAL_TIM_IC_MspInit  stm32f4xx_hal_tim.o
    0x08003a5e   0x08003a5e   0x00000002   PAD
    0x08003a60   0x08003a60   0x000000fe   Code   RO          255    .text.HAL_TIM_IC_Start  stm32f4xx_hal_tim.o
    0x08003b5e   0x08003b5e   0x00000002   PAD
    0x08003b60   0x08003b60   0x00000230   Code   RO          263    .text.HAL_TIM_IC_Start_DMA  stm32f4xx_hal_tim.o
    0x08003d90   0x08003d90   0x0000012c   Code   RO          259    .text.HAL_TIM_IC_Start_IT  stm32f4xx_hal_tim.o
    0x08003ebc   0x08003ebc   0x00000068   Code   RO          257    .text.HAL_TIM_IC_Stop  stm32f4xx_hal_tim.o
    0x08003f24   0x08003f24   0x000000b4   Code   RO          269    .text.HAL_TIM_IC_Stop_DMA  stm32f4xx_hal_tim.o
    0x08003fd8   0x08003fd8   0x00000098   Code   RO          261    .text.HAL_TIM_IC_Stop_IT  stm32f4xx_hal_tim.o
    0x08004070   0x08004070   0x00000122   Code   RO          307    .text.HAL_TIM_IRQHandler  stm32f4xx_hal_tim.o
    0x08004192   0x08004192   0x00000002   PAD
    0x08004194   0x08004194   0x0000005c   Code   RO          152    .text.HAL_TIM_MspPostInit  stm32f4xx_hal_msp.o
    0x080041f0   0x080041f0   0x00000054   Code   RO          319    .text.HAL_TIM_OC_ConfigChannel  stm32f4xx_hal_tim.o
    0x08004244   0x08004244   0x00000002   Code   RO          311    .text.HAL_TIM_OC_DelayElapsedCallback  stm32f4xx_hal_tim.o
    0x08004246   0x08004246   0x00000002   PAD
    0x08004248   0x08004248   0x0000005a   Code   RO          201    .text.HAL_TIM_OC_Init  stm32f4xx_hal_tim.o
    0x080042a2   0x080042a2   0x00000002   PAD
    0x080042a4   0x080042a4   0x00000002   Code   RO          203    .text.HAL_TIM_OC_MspInit  stm32f4xx_hal_tim.o
    0x080042a6   0x080042a6   0x00000002   PAD
    0x080042a8   0x080042a8   0x00000104   Code   RO          209    .text.HAL_TIM_OC_Start  stm32f4xx_hal_tim.o
    0x080043ac   0x080043ac   0x00000242   Code   RO          219    .text.HAL_TIM_OC_Start_DMA  stm32f4xx_hal_tim.o
    0x080045ee   0x080045ee   0x00000002   PAD
    0x080045f0   0x080045f0   0x00000128   Code   RO          215    .text.HAL_TIM_OC_Start_IT  stm32f4xx_hal_tim.o
    0x08004718   0x08004718   0x00000086   Code   RO          213    .text.HAL_TIM_OC_Stop  stm32f4xx_hal_tim.o
    0x0800479e   0x0800479e   0x00000002   PAD
    0x080047a0   0x080047a0   0x000000d6   Code   RO          225    .text.HAL_TIM_OC_Stop_DMA  stm32f4xx_hal_tim.o
    0x08004876   0x08004876   0x00000002   PAD
    0x08004878   0x08004878   0x000000b8   Code   RO          217    .text.HAL_TIM_OC_Stop_IT  stm32f4xx_hal_tim.o
    0x08004930   0x08004930   0x000000e4   Code   RO          341    .text.HAL_TIM_OnePulse_ConfigChannel  stm32f4xx_hal_tim.o
    0x08004a14   0x08004a14   0x0000005e   Code   RO          271    .text.HAL_TIM_OnePulse_Init  stm32f4xx_hal_tim.o
    0x08004a72   0x08004a72   0x00000002   PAD
    0x08004a74   0x08004a74   0x00000002   Code   RO          273    .text.HAL_TIM_OnePulse_MspInit  stm32f4xx_hal_tim.o
    0x08004a76   0x08004a76   0x00000002   PAD
    0x08004a78   0x08004a78   0x0000006e   Code   RO          279    .text.HAL_TIM_OnePulse_Start  stm32f4xx_hal_tim.o
    0x08004ae6   0x08004ae6   0x00000002   PAD
    0x08004ae8   0x08004ae8   0x00000082   Code   RO          283    .text.HAL_TIM_OnePulse_Start_IT  stm32f4xx_hal_tim.o
    0x08004b6a   0x08004b6a   0x00000002   PAD
    0x08004b6c   0x08004b6c   0x0000007a   Code   RO          281    .text.HAL_TIM_OnePulse_Stop  stm32f4xx_hal_tim.o
    0x08004be6   0x08004be6   0x00000002   PAD
    0x08004be8   0x08004be8   0x0000008e   Code   RO          285    .text.HAL_TIM_OnePulse_Stop_IT  stm32f4xx_hal_tim.o
    0x08004c76   0x08004c76   0x00000002   PAD
    0x08004c78   0x08004c78   0x000000cc   Code   RO          339    .text.HAL_TIM_PWM_ConfigChannel  stm32f4xx_hal_tim.o
    0x08004d44   0x08004d44   0x0000005a   Code   RO          227    .text.HAL_TIM_PWM_Init  stm32f4xx_hal_tim.o
    0x08004d9e   0x08004d9e   0x00000002   PAD
    0x08004da0   0x08004da0   0x00000002   Code   RO          229    .text.HAL_TIM_PWM_MspInit  stm32f4xx_hal_tim.o
    0x08004da2   0x08004da2   0x00000002   PAD
    0x08004da4   0x08004da4   0x00000002   Code   RO          313    .text.HAL_TIM_PWM_PulseFinishedCallback  stm32f4xx_hal_tim.o
    0x08004da6   0x08004da6   0x00000002   PAD
    0x08004da8   0x08004da8   0x00000002   Code   RO          387    .text.HAL_TIM_PWM_PulseFinishedHalfCpltCallback  stm32f4xx_hal_tim.o
    0x08004daa   0x08004daa   0x00000002   PAD
    0x08004dac   0x08004dac   0x00000104   Code   RO          235    .text.HAL_TIM_PWM_Start  stm32f4xx_hal_tim.o
    0x08004eb0   0x08004eb0   0x00000242   Code   RO          243    .text.HAL_TIM_PWM_Start_DMA  stm32f4xx_hal_tim.o
    0x080050f2   0x080050f2   0x00000002   PAD
    0x080050f4   0x080050f4   0x00000128   Code   RO          239    .text.HAL_TIM_PWM_Start_IT  stm32f4xx_hal_tim.o
    0x0800521c   0x0800521c   0x00000086   Code   RO          237    .text.HAL_TIM_PWM_Stop  stm32f4xx_hal_tim.o
    0x080052a2   0x080052a2   0x00000002   PAD
    0x080052a4   0x080052a4   0x000000d6   Code   RO          245    .text.HAL_TIM_PWM_Stop_DMA  stm32f4xx_hal_tim.o
    0x0800537a   0x0800537a   0x00000002   PAD
    0x0800537c   0x0800537c   0x000000b8   Code   RO          241    .text.HAL_TIM_PWM_Stop_IT  stm32f4xx_hal_tim.o
    0x08005434   0x08005434   0x00000002   Code   RO          315    .text.HAL_TIM_PeriodElapsedCallback  stm32f4xx_hal_tim.o
    0x08005436   0x08005436   0x00000002   PAD
    0x08005438   0x08005438   0x00000002   Code   RO          383    .text.HAL_TIM_PeriodElapsedHalfCpltCallback  stm32f4xx_hal_tim.o
    0x0800543a   0x0800543a   0x00000002   PAD
    0x0800543c   0x0800543c   0x0000004a   Code   RO          375    .text.HAL_TIM_SlaveConfigSynchro  stm32f4xx_hal_tim.o
    0x08005486   0x08005486   0x00000002   PAD
    0x08005488   0x08005488   0x0000004a   Code   RO          379    .text.HAL_TIM_SlaveConfigSynchro_IT  stm32f4xx_hal_tim.o
    0x080054d2   0x080054d2   0x00000002   PAD
    0x080054d4   0x080054d4   0x00000002   Code   RO          317    .text.HAL_TIM_TriggerCallback  stm32f4xx_hal_tim.o
    0x080054d6   0x080054d6   0x00000002   PAD
    0x080054d8   0x080054d8   0x00000002   Code   RO          389    .text.HAL_TIM_TriggerHalfCpltCallback  stm32f4xx_hal_tim.o
    0x080054da   0x080054da   0x00000002   PAD
    0x080054dc   0x080054dc   0x0000005c   Code   RO         1063    .text.HAL_UARTEx_ReceiveToIdle_DMA  stm32f4xx_hal_uart.o
    0x08005538   0x08005538   0x00000002   Code   RO         1101    .text.HAL_UARTEx_RxEventCallback  stm32f4xx_hal_uart.o
    0x0800553a   0x0800553a   0x00000002   PAD
    0x0800553c   0x0800553c   0x00000078   Code   RO         1053    .text.HAL_UART_DMAStop  stm32f4xx_hal_uart.o
    0x080055b4   0x080055b4   0x00000002   Code   RO         1099    .text.HAL_UART_ErrorCallback  stm32f4xx_hal_uart.o
    0x080055b6   0x080055b6   0x00000002   PAD
    0x080055b8   0x080055b8   0x0000026c   Code   RO         1093    .text.HAL_UART_IRQHandler  stm32f4xx_hal_uart.o
    0x08005824   0x08005824   0x00000064   Code   RO         1009    .text.HAL_UART_Init  stm32f4xx_hal_uart.o
    0x08005888   0x08005888   0x00000070   Code   RO          158    .text.HAL_UART_MspInit  stm32f4xx_hal_msp.o
    0x080058f8   0x080058f8   0x000000bc   Code   RO         1029    .text.HAL_UART_Receive  stm32f4xx_hal_uart.o
    0x080059b4   0x080059b4   0x00000028   Code   RO         1045    .text.HAL_UART_Receive_DMA  stm32f4xx_hal_uart.o
    0x080059dc   0x080059dc   0x00000002   Code   RO         1111    .text.HAL_UART_RxCpltCallback  stm32f4xx_hal_uart.o
    0x080059de   0x080059de   0x00000002   PAD
    0x080059e0   0x080059e0   0x00000002   Code   RO         1113    .text.HAL_UART_RxHalfCpltCallback  stm32f4xx_hal_uart.o
    0x080059e2   0x080059e2   0x00000002   PAD
    0x080059e4   0x080059e4   0x000000ba   Code   RO         1025    .text.HAL_UART_Transmit  stm32f4xx_hal_uart.o
    0x08005a9e   0x08005a9e   0x00000002   PAD
    0x08005aa0   0x08005aa0   0x0000007e   Code   RO         1037    .text.HAL_UART_Transmit_DMA  stm32f4xx_hal_uart.o
    0x08005b1e   0x08005b1e   0x00000002   PAD
    0x08005b20   0x08005b20   0x00000002   Code   RO         1107    .text.HAL_UART_TxCpltCallback  stm32f4xx_hal_uart.o
    0x08005b22   0x08005b22   0x00000002   PAD
    0x08005b24   0x08005b24   0x00000002   Code   RO         1109    .text.HAL_UART_TxHalfCpltCallback  stm32f4xx_hal_uart.o
    0x08005b26   0x08005b26   0x00000002   PAD
    0x08005b28   0x08005b28   0x00000002   Code   RO          118    .text.HardFault_Handler  stm32f4xx_it.o
    0x08005b2a   0x08005b2a   0x00000002   PAD
    0x08005b2c   0x08005b2c   0x00000080   Code   RO           88    .text.MX_GPIO_Init  main.o
    0x08005bac   0x08005bac   0x00000068   Code   RO           92    .text.MX_TIM1_Init  main.o
    0x08005c14   0x08005c14   0x0000006e   Code   RO           96    .text.MX_TIM2_Init  main.o
    0x08005c82   0x08005c82   0x00000002   PAD
    0x08005c84   0x08005c84   0x000000f0   Code   RO           90    .text.MX_TIM8_Init  main.o
    0x08005d74   0x08005d74   0x00000038   Code   RO           94    .text.MX_UART4_Init  main.o
    0x08005dac   0x08005dac   0x00000002   Code   RO          120    .text.MemManage_Handler  stm32f4xx_it.o
    0x08005dae   0x08005dae   0x00000002   PAD
    0x08005db0   0x08005db0   0x00000002   Code   RO          116    .text.NMI_Handler   stm32f4xx_it.o
    0x08005db2   0x08005db2   0x00000002   PAD
    0x08005db4   0x08005db4   0x00000036   Code   RO          841    .text.NVIC_EncodePriority  stm32f4xx_hal_cortex.o
    0x08005dea   0x08005dea   0x00000002   PAD
    0x08005dec   0x08005dec   0x0000000c   Code   RO           15    .text.OnceMain      maincpp.o
    0x08005df8   0x08005df8   0x00000002   Code   RO          130    .text.PendSV_Handler  stm32f4xx_it.o
    0x08005dfa   0x08005dfa   0x00000002   PAD
    0x08005dfc   0x08005dfc   0x00000002   Code   RO          126    .text.SVC_Handler   stm32f4xx_it.o
    0x08005dfe   0x08005dfe   0x00000002   PAD
    0x08005e00   0x08005e00   0x0000003e   Code   RO           17    .text.Serial_Printf  maincpp.o
    0x08005e3e   0x08005e3e   0x00000002   PAD
    0x08005e40   0x08005e40   0x00000034   Code   RO          857    .text.SysTick_Config  stm32f4xx_hal_cortex.o
    0x08005e74   0x08005e74   0x00000004   Code   RO          132    .text.SysTick_Handler  stm32f4xx_it.o
    0x08005e78   0x08005e78   0x000000a0   Code   RO           86    .text.SystemClock_Config  main.o
    0x08005f18   0x08005f18   0x0000007c   Code   RO         1146    .text.SystemCoreClockUpdate  system_stm32f4xx.o
    0x08005f94   0x08005f94   0x00000012   Code   RO         1144    .text.SystemInit    system_stm32f4xx.o
    0x08005fa6   0x08005fa6   0x00000002   PAD
    0x08005fa8   0x08005fa8   0x0000000c   Code   RO          134    .text.TIM2_IRQHandler  stm32f4xx_it.o
    0x08005fb4   0x08005fb4   0x0000000c   Code   RO          486    .text.TIMEx_DMACommutationCplt  stm32f4xx_hal_tim_ex.o
    0x08005fc0   0x08005fc0   0x0000000c   Code   RO          488    .text.TIMEx_DMACommutationHalfCplt  stm32f4xx_hal_tim_ex.o
    0x08005fcc   0x08005fcc   0x00000138   Code   RO          177    .text.TIM_Base_SetConfig  stm32f4xx_hal_tim.o
    0x08006104   0x08006104   0x0000001e   Code   RO          211    .text.TIM_CCxChannelCmd  stm32f4xx_hal_tim.o
    0x08006122   0x08006122   0x00000002   PAD
    0x08006124   0x08006124   0x00000078   Code   RO          265    .text.TIM_DMACaptureCplt  stm32f4xx_hal_tim.o
    0x0800619c   0x0800619c   0x00000038   Code   RO          267    .text.TIM_DMACaptureHalfCplt  stm32f4xx_hal_tim.o
    0x080061d4   0x080061d4   0x0000006c   Code   RO          221    .text.TIM_DMADelayPulseCplt  stm32f4xx_hal_tim.o
    0x08006240   0x08006240   0x00000038   Code   RO          223    .text.TIM_DMADelayPulseHalfCplt  stm32f4xx_hal_tim.o
    0x08006278   0x08006278   0x0000005c   Code   RO          197    .text.TIM_DMAError  stm32f4xx_hal_tim.o
    0x080062d4   0x080062d4   0x00000014   Code   RO          193    .text.TIM_DMAPeriodElapsedCplt  stm32f4xx_hal_tim.o
    0x080062e8   0x080062e8   0x00000006   Code   RO          195    .text.TIM_DMAPeriodElapsedHalfCplt  stm32f4xx_hal_tim.o
    0x080062ee   0x080062ee   0x00000002   PAD
    0x080062f0   0x080062f0   0x00000014   Code   RO          347    .text.TIM_DMATriggerCplt  stm32f4xx_hal_tim.o
    0x08006304   0x08006304   0x00000006   Code   RO          349    .text.TIM_DMATriggerHalfCplt  stm32f4xx_hal_tim.o
    0x0800630a   0x0800630a   0x00000002   PAD
    0x0800630c   0x0800630c   0x00000012   Code   RO          363    .text.TIM_ETR_SetConfig  stm32f4xx_hal_tim.o
    0x0800631e   0x0800631e   0x00000002   PAD
    0x08006320   0x08006320   0x00000010   Code   RO          369    .text.TIM_ITRx_SetConfig  stm32f4xx_hal_tim.o
    0x08006330   0x08006330   0x00000062   Code   RO          321    .text.TIM_OC1_SetConfig  stm32f4xx_hal_tim.o
    0x08006392   0x08006392   0x00000002   PAD
    0x08006394   0x08006394   0x0000006c   Code   RO          323    .text.TIM_OC2_SetConfig  stm32f4xx_hal_tim.o
    0x08006400   0x08006400   0x0000006a   Code   RO          325    .text.TIM_OC3_SetConfig  stm32f4xx_hal_tim.o
    0x0800646a   0x0800646a   0x00000002   PAD
    0x0800646c   0x0800646c   0x00000050   Code   RO          327    .text.TIM_OC4_SetConfig  stm32f4xx_hal_tim.o
    0x080064bc   0x080064bc   0x000000a8   Code   RO          377    .text.TIM_SlaveTimer_SetConfig  stm32f4xx_hal_tim.o
    0x08006564   0x08006564   0x00000022   Code   RO          367    .text.TIM_TI1_ConfigInputStage  stm32f4xx_hal_tim.o
    0x08006586   0x08006586   0x00000002   PAD
    0x08006588   0x08006588   0x000000a8   Code   RO          331    .text.TIM_TI1_SetConfig  stm32f4xx_hal_tim.o
    0x08006630   0x08006630   0x00000024   Code   RO          371    .text.TIM_TI2_ConfigInputStage  stm32f4xx_hal_tim.o
    0x08006654   0x08006654   0x0000003c   Code   RO          333    .text.TIM_TI2_SetConfig  stm32f4xx_hal_tim.o
    0x08006690   0x08006690   0x00000032   Code   RO          335    .text.TIM_TI3_SetConfig  stm32f4xx_hal_tim.o
    0x080066c2   0x080066c2   0x00000002   PAD
    0x080066c4   0x080066c4   0x0000003e   Code   RO          337    .text.TIM_TI4_SetConfig  stm32f4xx_hal_tim.o
    0x08006702   0x08006702   0x00000002   PAD
    0x08006704   0x08006704   0x0000000c   Code   RO         1097    .text.UART_DMAAbortOnError  stm32f4xx_hal_uart.o
    0x08006710   0x08006710   0x0000004e   Code   RO         1043    .text.UART_DMAError  stm32f4xx_hal_uart.o
    0x0800675e   0x0800675e   0x00000002   PAD
    0x08006760   0x08006760   0x00000080   Code   RO         1129    .text.UART_DMAReceiveCplt  stm32f4xx_hal_uart.o
    0x080067e0   0x080067e0   0x0000001a   Code   RO         1131    .text.UART_DMARxHalfCplt  stm32f4xx_hal_uart.o
    0x080067fa   0x080067fa   0x00000002   PAD
    0x080067fc   0x080067fc   0x00000042   Code   RO         1039    .text.UART_DMATransmitCplt  stm32f4xx_hal_uart.o
    0x0800683e   0x0800683e   0x00000002   PAD
    0x08006840   0x08006840   0x00000006   Code   RO         1041    .text.UART_DMATxHalfCplt  stm32f4xx_hal_uart.o
    0x08006846   0x08006846   0x00000002   PAD
    0x08006848   0x08006848   0x00000050   Code   RO         1057    .text.UART_EndRxTransfer  stm32f4xx_hal_uart.o
    0x08006898   0x08006898   0x00000014   Code   RO         1105    .text.UART_EndTransmit_IT  stm32f4xx_hal_uart.o
    0x080068ac   0x080068ac   0x0000001c   Code   RO         1055    .text.UART_EndTxTransfer  stm32f4xx_hal_uart.o
    0x080068c8   0x080068c8   0x000000c6   Code   RO         1095    .text.UART_Receive_IT  stm32f4xx_hal_uart.o
    0x0800698e   0x0800698e   0x00000002   PAD
    0x08006990   0x08006990   0x000000e0   Code   RO         1013    .text.UART_SetConfig  stm32f4xx_hal_uart.o
    0x08006a70   0x08006a70   0x0000009a   Code   RO         1047    .text.UART_Start_Receive_DMA  stm32f4xx_hal_uart.o
    0x08006b0a   0x08006b0a   0x00000002   PAD
    0x08006b0c   0x08006b0c   0x0000005c   Code   RO         1103    .text.UART_Transmit_IT  stm32f4xx_hal_uart.o
    0x08006b68   0x08006b68   0x00000084   Code   RO         1027    .text.UART_WaitOnFlagUntilTimeout  stm32f4xx_hal_uart.o
    0x08006bec   0x08006bec   0x00000002   Code   RO          124    .text.UsageFault_Handler  stm32f4xx_it.o
    0x08006bee   0x08006bee   0x00000002   PAD
    0x08006bf0   0x08006bf0   0x00000004   Code   RO           19    .text._GLOBAL__sub_I_maincpp.cpp  maincpp.o
    0x08006bf4   0x08006bf4   0x00000002   Code   RO         1316    .text._Unwind_Complete  libunwind_wx.l(Unwind-EHABI.cpp.o)
    0x08006bf6   0x08006bf6   0x0000000c   Code   RO         1325    .text._Unwind_DeleteException  libunwind_wx.l(Unwind-EHABI.cpp.o)
    0x08006c02   0x08006c02   0x00000018   Code   RO         1321    .text._Unwind_GetLanguageSpecificData  libunwind_wx.l(Unwind-EHABI.cpp.o)
    0x08006c1a   0x08006c1a   0x00000018   Code   RO         1323    .text._Unwind_GetRegionStart  libunwind_wx.l(Unwind-EHABI.cpp.o)
    0x08006c32   0x08006c32   0x0000007a   Code   RO         1312    .text._Unwind_RaiseException  libunwind_wx.l(Unwind-EHABI.cpp.o)
    0x08006cac   0x08006cac   0x00000020   Code   RO         1318    .text._Unwind_Resume  libunwind_wx.l(Unwind-EHABI.cpp.o)
    0x08006ccc   0x08006ccc   0x00000058   Code   RO         1298    .text._Unwind_VRS_Get  libunwind_wx.l(Unwind-EHABI.cpp.o)
    0x08006d24   0x08006d24   0x00000232   Code   RO         1296    .text._Unwind_VRS_Interpret  libunwind_wx.l(Unwind-EHABI.cpp.o)
    0x08006f56   0x08006f56   0x000000e8   Code   RO         1302    .text._Unwind_VRS_Pop  libunwind_wx.l(Unwind-EHABI.cpp.o)
    0x0800703e   0x0800703e   0x0000005a   Code   RO         1300    .text._Unwind_VRS_Set  libunwind_wx.l(Unwind-EHABI.cpp.o)
    0x08007098   0x08007098   0x000000a6   Code   RO         1314    .text._ZL13unwind_phase2P13unw_context_tP12unw_cursor_tP21_Unwind_Control_Blockb  libunwind_wx.l(Unwind-EHABI.cpp.o)
    0x0800713e   0x0800713e   0x00000004   Code   RO         1874    .text._ZN10__cxxabiv116__shim_type_infoD2Ev  libcppabi_wx.l(private_typeinfo.cpp.o)
    0x08007142   0x08007142   0x0000000e   Code   RO         1890    .text._ZN10__cxxabiv117__class_type_infoD0Ev  libcppabi_wx.l(private_typeinfo.cpp.o)
    0x08007150   0x08007150   0x0000009e   Code   RO         1869    .text._ZN10__cxxabiv120__free_with_fallbackEPv  libcppabi_wx.l(fallback_malloc.cpp.o)
    0x080071ee   0x080071ee   0x0000000e   Code   RO         1892    .text._ZN10__cxxabiv120__si_class_type_infoD0Ev  libcppabi_wx.l(private_typeinfo.cpp.o)
    0x080071fc   0x080071fc   0x0000002a   Code   RO         1867    .text._ZN10__cxxabiv122__calloc_with_fallbackEjj  libcppabi_wx.l(fallback_malloc.cpp.o)
    0x08007226   0x08007226   0x00000016   Code   RO         1863    .text._ZN10__cxxabiv122__malloc_with_fallbackEj  libcppabi_wx.l(fallback_malloc.cpp.o)
    0x0800723c   0x0800723c   0x0000000e   Code   RO         1882    .text._ZN10__cxxabiv123__fundamental_type_infoD0Ev  libcppabi_wx.l(private_typeinfo.cpp.o)
    0x0800724a   0x0800724a   0x000003a0   Code   RO         1278    .text._ZN10__cxxabiv1L11scan_eh_tabERNS_12_GLOBAL__N_112scan_resultsE14_Unwind_ActionbP21_Unwind_Control_BlockP15_Unwind_Context  libcppabi_wx.l(cxa_personality.cpp.o)
    0x080075ea   0x080075ea   0x0000005c   Code   RO         1282    .text._ZN10__cxxabiv1L13set_registersEP21_Unwind_Control_BlockP15_Unwind_ContextRKNS_12_GLOBAL__N_112scan_resultsE  libcppabi_wx.l(cxa_personality.cpp.o)
    0x08007646   0x08007646   0x0000001c   Code   RO         1280    .text._ZN10__cxxabiv1L14call_terminateEbP21_Unwind_Control_Block  libcppabi_wx.l(cxa_personality.cpp.o)
    0x08007662   0x08007662   0x00000002   PAD
    0x08007664   0x08007664   0x00000142   Code   RO         1287    .text._ZN10__cxxabiv1L18readEncodedPointerEPPKhh  libcppabi_wx.l(cxa_personality.cpp.o)
    0x080077a6   0x080077a6   0x00000014   Code   RO         1581    .text._ZN10__cxxabiv1L22exception_cleanup_funcE19_Unwind_Reason_CodeP21_Unwind_Control_Block  libcppabi_wx.l(cxa_exception.cpp.o)
    0x080077ba   0x080077ba   0x0000003e   Code   RO         1289    .text._ZN10__cxxabiv1L24exception_spec_can_catchExPKhhPKNS_16__shim_type_infoEPvP21_Unwind_Control_Block  libcppabi_wx.l(cxa_personality.cpp.o)
    0x080077f8   0x080077f8   0x00000022   Code   RO         1609    .text._ZN10__cxxabiv1L27dependent_exception_cleanupE19_Unwind_Reason_CodeP21_Unwind_Control_Block  libcppabi_wx.l(cxa_exception.cpp.o)
    0x0800781a   0x0800781a   0x00000092   Code   RO         1865    .text._ZN12_GLOBAL__N_115fallback_mallocEj  libcppabi_wx.l(fallback_malloc.cpp.o)
    0x080078ac   0x080078ac   0x00000036   Code   RO         1306    .text._ZN12_GLOBAL__N_1L14unwindOneFrameEjP21_Unwind_Control_BlockP15_Unwind_Context  libunwind_wx.l(Unwind-EHABI.cpp.o)
    0x080078e2   0x080078e2   0x00000002   PAD
    0x080078e4   0x080078e4   0x0000000e   Code   RO         1182    .text._ZN18Pid_basetemplate_tIffE12targetUpdateEfb  motor.o
    0x080078f2   0x080078f2   0x00000002   PAD
    0x080078f4   0x080078f4   0x0000007c   Code   RO         1186    .text._ZN18Pid_basetemplate_tIffE7pidCalcEf  motor.o
    0x08007970   0x08007970   0x0000002a   Code   RO           54    .text._ZN18Pid_basetemplate_tIffEC2E10Pidparam_tIffE  maincpp.o
    0x0800799a   0x0800799a   0x00000002   PAD
    0x0800799c   0x0800799c   0x0000000e   Code   RO           58    .text._ZN18Pid_basetemplate_tIffEC2Efffff  maincpp.o
    0x080079aa   0x080079aa   0x00000002   PAD
    0x080079ac   0x080079ac   0x00000002   Code   RO           60    .text._ZN18Pid_basetemplate_tIffED2Ev  maincpp.o
    0x080079ae   0x080079ae   0x00000002   PAD
    0x080079b0   0x080079b0   0x00000004   Code   RO           71    .text._ZN5Motor11MotorBase_tC2Eh  maincpp.o
    0x080079b4   0x080079b4   0x00000002   Code   RO           50    .text._ZN5Motor11MotorBase_tC2Ev  maincpp.o
    0x080079b6   0x080079b6   0x00000002   PAD
    0x080079b8   0x080079b8   0x00000026   Code   RO         1164    .text._ZN5Motor13Motorcommon_t14getLinearspeedEv  motor.o
    0x080079de   0x080079de   0x00000002   PAD
    0x080079e0   0x080079e0   0x00000054   Code   RO         1166    .text._ZN5Motor13Motorcommon_t6updateEv  motor.o
    0x08007a34   0x08007a34   0x0000007c   Code   RO         1168    .text._ZN5Motor13Motorcommon_t7pwm_outEi  motor.o
    0x08007ab0   0x08007ab0   0x0000002c   Code   RO         1162    .text._ZN5Motor13Motorcommon_t8setSpeedEf  motor.o
    0x08007adc   0x08007adc   0x00000028   Code   RO         1215    .text._ZN5Motor13Motorcommon_t9initMotorEv  control.o
    0x08007b04   0x08007b04   0x00000096   Code   RO           68    .text._ZN5Motor13Motorcommon_tC2EP17TIM_HandleTypeDefS2_jP12GPIO_TypeDeftth  maincpp.o
    0x08007b9a   0x08007b9a   0x00000002   PAD
    0x08007b9c   0x08007b9c   0x0000006a   Code   RO           43    .text._ZN5Motor13Motorcommon_tC2Ev  maincpp.o
    0x08007c06   0x08007c06   0x00000002   PAD
    0x08007c08   0x08007c08   0x00000018   Code   RO           46    .text._ZN5Motor13Motorcommon_tD2Ev  maincpp.o
    0x08007c20   0x08007c20   0x00000004   Code   RO           73    .text._ZN5Motor16MotorInterface_tC2Eh  maincpp.o
    0x08007c24   0x08007c24   0x0000000e   Code   RO         1184    .text._ZN5Motor9Encoder_t11clockCntGetEv  motor.o
    0x08007c32   0x08007c32   0x00000002   PAD
    0x08007c34   0x08007c34   0x00000002   Code   RO           52    .text._ZN5Motor9Encoder_tC2Ev  maincpp.o
    0x08007c36   0x08007c36   0x00000002   PAD
    0x08007c38   0x08007c38   0x00000002   Code   RO           56    .text._ZN5Motor9Encoder_tD2Ev  maincpp.o
    0x08007c3a   0x08007c3a   0x00000002   PAD
    0x08007c3c   0x08007c3c   0x00000020   Code   RO           48    .text._ZN6Static8Static_tIN5Motor13Motorcommon_tELj4EE15_construct_implILj0ENSt3__15tupleIJP17TIM_HandleTypeDefS8_jP12GPIO_TypeDefttEEEJSB_SB_SB_EEEvOT0_DpOT1_  maincpp.o
    0x08007c5c   0x08007c5c   0x0000001e   Code   RO           64    .text._ZN6Static8Static_tIN5Motor13Motorcommon_tELj4EE15_construct_implILj1ENSt3__15tupleIJP17TIM_HandleTypeDefS8_jP12GPIO_TypeDefttEEEJSB_SB_EEEvOT0_DpOT1_  maincpp.o
    0x08007c7a   0x08007c7a   0x00000002   PAD
    0x08007c7c   0x08007c7c   0x0000001a   Code   RO           75    .text._ZN6Static8Static_tIN5Motor13Motorcommon_tELj4EE15_construct_implILj2ENSt3__15tupleIJP17TIM_HandleTypeDefS8_jP12GPIO_TypeDefttEEEJSB_EEEvOT0_DpOT1_  maincpp.o
    0x08007c96   0x08007c96   0x00000002   PAD
    0x08007c98   0x08007c98   0x00000016   Code   RO           77    .text._ZN6Static8Static_tIN5Motor13Motorcommon_tELj4EE15_construct_implILj3ENSt3__15tupleIJP17TIM_HandleTypeDefS8_jP12GPIO_TypeDefttEEEJEEEvOT0_DpOT1_  maincpp.o
    0x08007cae   0x08007cae   0x00000002   PAD
    0x08007cb0   0x08007cb0   0x00000002   Code   RO           79    .text._ZN6Static8Static_tIN5Motor13Motorcommon_tELj4EE15_construct_implILj4EEEvv  maincpp.o
    0x08007cb2   0x08007cb2   0x00000002   PAD
    0x08007cb4   0x08007cb4   0x00000004   Code   RO           62    .text._ZN6Static8Static_tIN5Motor13Motorcommon_tELj4EE18_construct_elementINSt3__15tupleIJP17TIM_HandleTypeDefS8_jP12GPIO_TypeDefttEEEEEvjOT_  maincpp.o
    0x08007cb8   0x08007cb8   0x0000002c   Code   RO           66    .text._ZN6Static8Static_tIN5Motor13Motorcommon_tELj4EE21_construct_from_tupleINSt3__15tupleIJP17TIM_HandleTypeDefS8_jP12GPIO_TypeDefttEEEJLj0ELj1ELj2ELj3ELj4ELj5EEEEvjOT_NS5_16integer_sequenceIjJXspT0_EEEE  maincpp.o
    0x08007ce4   0x08007ce4   0x00000070   Code   RO           40    .text._ZN6Static8Static_tIN5Motor13Motorcommon_tELj4EEC2IJNSt3__15tupleIJP17TIM_HandleTypeDefS8_jP12GPIO_TypeDefttEEESB_SB_SB_EEEDpOT_  maincpp.o
    0x08007d54   0x08007d54   0x0000001a   Code   RO           81    .text._ZN6Static8Static_tIN5Motor13Motorcommon_tELj4EED2Ev  maincpp.o
    0x08007d6e   0x08007d6e   0x00000002   PAD
    0x08007d70   0x08007d70   0x00000056   Code   RO         1201    .text._ZN7Control9Control_t11controlLoopEv  control.o
    0x08007dc6   0x08007dc6   0x00000002   PAD
    0x08007dc8   0x08007dc8   0x00000028   Code   RO         1199    .text._ZN7Control9Control_t9initMotorEv  control.o
    0x08007df0   0x08007df0   0x00000050   Code   RO         1197    .text._ZN7Control9Control_t9setTargetE5vel_t  control.o
    0x08007e40   0x08007e40   0x00000088   Code   RO           34    .text._ZN7Control9Control_tC2ENS_14Control_Mode_tE  maincpp.o
    0x08007ec8   0x08007ec8   0x00000010   Code   RO           36    .text._ZN7Control9Control_tD2Ev  maincpp.o
    0x08007ed8   0x08007ed8   0x000000c8   Code   RO         1219    .text._ZN9Kinematic11Kinematic_tILj4EE14forwardCalbodyEv  control.o
    0x08007fa0   0x08007fa0   0x0000008a   Code   RO         1213    .text._ZN9Kinematic11Kinematic_tILj4EE14inverseCalbodyEv  control.o
    0x0800802a   0x0800802a   0x00000002   PAD
    0x0800802c   0x0800802c   0x0000002a   Code   RO         1217    .text._ZN9Kinematic11Kinematic_tILj4EE16updateCurrentvelIfJRfS3_S3_S3_EEEvDpOT0_  control.o
    0x08008056   0x08008056   0x00000002   PAD
    0x08008058   0x08008058   0x0000001c   Code   RO           38    .text._ZN9Kinematic11Kinematic_tILj4EEC2ENS_12wheelclass_tEff  maincpp.o
    0x08008074   0x08008074   0x00000008   Code   RO         1675    .text._ZN9libunwind12UnwindCursorINS_17LocalAddressSpaceENS_13Registers_armEE10saveVFPAsXEv  libunwind_wx.l(libunwind.cpp.o)
    0x0800807c   0x0800807c   0x00000064   Code   RO         1657    .text._ZN9libunwind12UnwindCursorINS_17LocalAddressSpaceENS_13Registers_armEE11getFloatRegEi  libunwind_wx.l(libunwind.cpp.o)
    0x080080e0   0x080080e0   0x0000006e   Code   RO         1659    .text._ZN9libunwind12UnwindCursorINS_17LocalAddressSpaceENS_13Registers_armEE11setFloatRegEiy  libunwind_wx.l(libunwind.cpp.o)
    0x0800814e   0x0800814e   0x00000006   Code   RO         1667    .text._ZN9libunwind12UnwindCursorINS_17LocalAddressSpaceENS_13Registers_armEE13isSignalFrameEv  libunwind_wx.l(libunwind.cpp.o)
    0x08008154   0x08008154   0x00000030   Code   RO         1677    .text._ZN9libunwind12UnwindCursorINS_17LocalAddressSpaceENS_13Registers_armEE13stepWithEHABIEv  libunwind_wx.l(libunwind.cpp.o)
    0x08008184   0x08008184   0x00000010   Code   RO         1655    .text._ZN9libunwind12UnwindCursorINS_17LocalAddressSpaceENS_13Registers_armEE13validFloatRegEi  libunwind_wx.l(libunwind.cpp.o)
    0x08008194   0x08008194   0x00000010   Code   RO         1669    .text._ZN9libunwind12UnwindCursorINS_17LocalAddressSpaceENS_13Registers_armEE15getFunctionNameEPcjPj  libunwind_wx.l(libunwind.cpp.o)
    0x080081a4   0x080081a4   0x00000006   Code   RO         1673    .text._ZN9libunwind12UnwindCursorINS_17LocalAddressSpaceENS_13Registers_armEE15getRegisterNameEi  libunwind_wx.l(libunwind.cpp.o)
    0x080081aa   0x080081aa   0x000001c4   Code   RO         1681    .text._ZN9libunwind12UnwindCursorINS_17LocalAddressSpaceENS_13Registers_armEE23getInfoFromEHABISectionEjRKNS_18UnwindInfoSectionsE  libunwind_wx.l(libunwind.cpp.o)
    0x0800836e   0x0800836e   0x00000054   Code   RO         1671    .text._ZN9libunwind12UnwindCursorINS_17LocalAddressSpaceENS_13Registers_armEE24setInfoBasedOnIPRegisterEb  libunwind_wx.l(libunwind.cpp.o)
    0x080083c2   0x080083c2   0x00000050   Code   RO         1661    .text._ZN9libunwind12UnwindCursorINS_17LocalAddressSpaceENS_13Registers_armEE4stepEv  libunwind_wx.l(libunwind.cpp.o)
    0x08008412   0x08008412   0x0000003a   Code   RO         1651    .text._ZN9libunwind12UnwindCursorINS_17LocalAddressSpaceENS_13Registers_armEE6getRegEi  libunwind_wx.l(libunwind.cpp.o)
    0x0800844c   0x0800844c   0x00000016   Code   RO         1665    .text._ZN9libunwind12UnwindCursorINS_17LocalAddressSpaceENS_13Registers_armEE6jumptoEv  libunwind_wx.l(libunwind.cpp.o)
    0x08008462   0x08008462   0x00000038   Code   RO         1653    .text._ZN9libunwind12UnwindCursorINS_17LocalAddressSpaceENS_13Registers_armEE6setRegEij  libunwind_wx.l(libunwind.cpp.o)
    0x0800849a   0x0800849a   0x0000002a   Code   RO         1663    .text._ZN9libunwind12UnwindCursorINS_17LocalAddressSpaceENS_13Registers_armEE7getInfoEP15unw_proc_info_t  libunwind_wx.l(libunwind.cpp.o)
    0x080084c4   0x080084c4   0x0000000e   Code   RO         1649    .text._ZN9libunwind12UnwindCursorINS_17LocalAddressSpaceENS_13Registers_armEE8validRegEi  libunwind_wx.l(libunwind.cpp.o)
    0x080084d2   0x080084d2   0x00000002   Code   RO         1647    .text._ZN9libunwind12UnwindCursorINS_17LocalAddressSpaceENS_13Registers_armEED0Ev  libunwind_wx.l(libunwind.cpp.o)
    0x080084d4   0x080084d4   0x00000394   Code   RO         1685    .text._ZN9libunwind13Registers_arm15getRegisterNameEi  libunwind_wx.l(libunwind.cpp.o)
    0x08008868   0x08008868   0x00000032   Code   RO         1679    .text._ZN9libunwind13Registers_arm26restoreSavedFloatRegistersEv  libunwind_wx.l(libunwind.cpp.o)
    0x0800889a   0x0800889a   0x00000002   Code   RO         1645    .text._ZN9libunwind20AbstractUnwindCursorD2Ev  libunwind_wx.l(libunwind.cpp.o)
    0x0800889c   0x0800889c   0x00000002   Code   RO         1878    .text._ZNK10__cxxabiv116__shim_type_info5noop1Ev  libcppabi_wx.l(private_typeinfo.cpp.o)
    0x0800889e   0x0800889e   0x00000002   Code   RO         1880    .text._ZNK10__cxxabiv116__shim_type_info5noop2Ev  libcppabi_wx.l(private_typeinfo.cpp.o)
    0x080088a0   0x080088a0   0x00000034   Code   RO         1952    .text._ZNK10__cxxabiv117__class_type_info16search_above_dstEPNS_19__dynamic_cast_infoEPKvS4_ib  libcppabi_wx.l(private_typeinfo.cpp.o)
    0x080088d4   0x080088d4   0x00000080   Code   RO         1946    .text._ZNK10__cxxabiv117__class_type_info16search_below_dstEPNS_19__dynamic_cast_infoEPKvib  libcppabi_wx.l(private_typeinfo.cpp.o)
    0x08008954   0x08008954   0x0000003a   Code   RO         1914    .text._ZNK10__cxxabiv117__class_type_info27has_unambiguous_public_baseEPNS_19__dynamic_cast_infoEPvi  libcppabi_wx.l(private_typeinfo.cpp.o)
    0x0800898e   0x0800898e   0x00000056   Code   RO         1934    .text._ZNK10__cxxabiv117__class_type_info29process_static_type_above_dstEPNS_19__dynamic_cast_infoEPKvS4_i  libcppabi_wx.l(private_typeinfo.cpp.o)
    0x080089e4   0x080089e4   0x0000006a   Code   RO         1910    .text._ZNK10__cxxabiv117__class_type_info9can_catchEPKNS_16__shim_type_infoERPv  libcppabi_wx.l(private_typeinfo.cpp.o)
    0x08008a4e   0x08008a4e   0x00000050   Code   RO         1922    .text._ZNK10__cxxabiv117__pbase_type_info9can_catchEPKNS_16__shim_type_infoERPv  libcppabi_wx.l(private_typeinfo.cpp.o)
    0x08008a9e   0x08008a9e   0x00000094   Code   RO         1926    .text._ZNK10__cxxabiv119__pointer_type_info16can_catch_nestedEPKNS_16__shim_type_infoE  libcppabi_wx.l(private_typeinfo.cpp.o)
    0x08008b32   0x08008b32   0x00000190   Code   RO         1924    .text._ZNK10__cxxabiv119__pointer_type_info9can_catchEPKNS_16__shim_type_infoERPv  libcppabi_wx.l(private_typeinfo.cpp.o)
    0x08008cc2   0x08008cc2   0x0000004e   Code   RO         1950    .text._ZNK10__cxxabiv120__si_class_type_info16search_above_dstEPNS_19__dynamic_cast_infoEPKvS4_ib  libcppabi_wx.l(private_typeinfo.cpp.o)
    0x08008d10   0x08008d10   0x000000d0   Code   RO         1944    .text._ZNK10__cxxabiv120__si_class_type_info16search_below_dstEPNS_19__dynamic_cast_infoEPKvib  libcppabi_wx.l(private_typeinfo.cpp.o)
    0x08008de0   0x08008de0   0x00000044   Code   RO         1916    .text._ZNK10__cxxabiv120__si_class_type_info27has_unambiguous_public_baseEPNS_19__dynamic_cast_infoEPvi  libcppabi_wx.l(private_typeinfo.cpp.o)
    0x08008e24   0x08008e24   0x00000100   Code   RO         1948    .text._ZNK10__cxxabiv121__vmi_class_type_info16search_above_dstEPNS_19__dynamic_cast_infoEPKvS4_ib  libcppabi_wx.l(private_typeinfo.cpp.o)
    0x08008f24   0x08008f24   0x0000000a   Code   RO         1902    .text._ZNK10__cxxabiv123__fundamental_type_info9can_catchEPKNS_16__shim_type_infoERPv  libcppabi_wx.l(private_typeinfo.cpp.o)
    0x08008f2e   0x08008f2e   0x0000004a   Code   RO         1928    .text._ZNK10__cxxabiv129__pointer_to_member_type_info16can_catch_nestedEPKNS_16__shim_type_infoE  libcppabi_wx.l(private_typeinfo.cpp.o)
    0x08008f78   0x08008f78   0x000000a2   Code   RO         1930    .text._ZNK10__cxxabiv129__pointer_to_member_type_info9can_catchEPKNS_16__shim_type_infoERPv  libcppabi_wx.l(private_typeinfo.cpp.o)
    0x0800901a   0x0800901a   0x00000002   PAD
    0x0800901c   0x0800901c   0x00000018   Code   RO         1532    .text._ZNKSt13bad_exception4whatEv  libcppabi_wx.l(stdlib_exception.cpp.o)
    0x08009034   0x08009034   0x00000018   Code   RO         1550    .text._ZNKSt16bad_array_length4whatEv  libcppabi_wx.l(stdlib_exception.cpp.o)
    0x0800904c   0x0800904c   0x0000001c   Code   RO         1544    .text._ZNKSt20bad_array_new_length4whatEv  libcppabi_wx.l(stdlib_exception.cpp.o)
    0x08009068   0x08009068   0x00000014   Code   RO         1538    .text._ZNKSt9bad_alloc4whatEv  libcppabi_wx.l(stdlib_exception.cpp.o)
    0x0800907c   0x0800907c   0x00000004   Code   RO         1530    .text._ZNSt13bad_exceptionD0Ev  libcppabi_wx.l(stdlib_exception.cpp.o)
    0x08009080   0x08009080   0x0000000e   Code   RO         1546    .text._ZNSt16bad_array_lengthC2Ev  libcppabi_wx.l(stdlib_exception.cpp.o)
    0x0800908e   0x0800908e   0x00000004   Code   RO         1548    .text._ZNSt16bad_array_lengthD0Ev  libcppabi_wx.l(stdlib_exception.cpp.o)
    0x08009092   0x08009092   0x0000000e   Code   RO         1540    .text._ZNSt20bad_array_new_lengthC2Ev  libcppabi_wx.l(stdlib_exception.cpp.o)
    0x080090a0   0x080090a0   0x00000004   Code   RO         1542    .text._ZNSt20bad_array_new_lengthD0Ev  libcppabi_wx.l(stdlib_exception.cpp.o)
    0x080090a4   0x080090a4   0x0000005a   Code   RO         1683    .text._ZNSt3__113__upper_boundIRNS_6__lessIjjEEN9libunwind20EHABISectionIteratorINS4_17LocalAddressSpaceEEEjEET0_S8_S8_RKT1_T_  libunwind_wx.l(libunwind.cpp.o)
    0x080090fe   0x080090fe   0x0000000e   Code   RO         1534    .text._ZNSt9bad_allocC2Ev  libcppabi_wx.l(stdlib_exception.cpp.o)
    0x0800910c   0x0800910c   0x00000004   Code   RO         1536    .text._ZNSt9bad_allocD0Ev  libcppabi_wx.l(stdlib_exception.cpp.o)
    0x08009110   0x08009110   0x00000002   Code   RO         1524    .text._ZNSt9exceptionD2Ev  libcppabi_wx.l(stdlib_exception.cpp.o)
    0x08009112   0x08009112   0x00000002   Code   RO         2270    .text._ZNSt9type_infoD2Ev  libcppabi_wx.l(stdlib_typeinfo.cpp.o)
    0x08009114   0x08009114   0x00000022   Code   RO         1508    .text._ZSt10unexpectedv  libcppabi_wx.l(cxa_handlers.cpp.o)
    0x08009136   0x08009136   0x00000002   PAD
    0x08009138   0x08009138   0x00000080   Code   RO         1512    .text._ZSt11__terminatePFvvE  libcppabi_wx.l(cxa_handlers.cpp.o)
    0x080091b8   0x080091b8   0x00000038   Code   RO         1506    .text._ZSt12__unexpectedPFvvE  libcppabi_wx.l(cxa_handlers.cpp.o)
    0x080091f0   0x080091f0   0x0000001e   Code   RO         1510    .text._ZSt13get_terminatev  libcppabi_wx.l(cxa_handlers.cpp.o)
    0x0800920e   0x0800920e   0x0000002c   Code   RO         1855    .text._ZSt13set_terminatePFvvE  libcppabi_wx.l(cxa_default_handlers.cpp.o)
    0x0800923a   0x0800923a   0x0000001e   Code   RO         1504    .text._ZSt14get_unexpectedv  libcppabi_wx.l(cxa_handlers.cpp.o)
    0x08009258   0x08009258   0x0000002c   Code   RO         1853    .text._ZSt14set_unexpectedPFvvE  libcppabi_wx.l(cxa_default_handlers.cpp.o)
    0x08009284   0x08009284   0x00000046   Code   RO         1515    .text._ZSt9terminatev  libcppabi_wx.l(cxa_handlers.cpp.o)
    0x080092ca   0x080092ca   0x00000004   Code   RO         1823    .text._ZdaPv        libcpp_wx.l(new.cpp.o)
    0x080092ce   0x080092ce   0x00000004   Code   RO         1825    .text._ZdaPvRKSt9nothrow_t  libcpp_wx.l(new.cpp.o)
    0x080092d2   0x080092d2   0x00000004   Code   RO         1827    .text._ZdaPvj       libcpp_wx.l(new.cpp.o)
    0x080092d6   0x080092d6   0x0000000a   Code   RO         1817    .text._ZdlPv        libcpp_wx.l(new.cpp.o)
    0x080092e0   0x080092e0   0x00000004   Code   RO         1819    .text._ZdlPvRKSt9nothrow_t  libcpp_wx.l(new.cpp.o)
    0x080092e4   0x080092e4   0x00000004   Code   RO         1821    .text._ZdlPvj       libcpp_wx.l(new.cpp.o)
    0x080092e8   0x080092e8   0x00000024   Code   RO          845    .text.__NVIC_EnableIRQ  stm32f4xx_hal_cortex.o
    0x0800930c   0x0800930c   0x00000010   Code   RO          837    .text.__NVIC_GetPriorityGrouping  stm32f4xx_hal_cortex.o
    0x0800931c   0x0800931c   0x00000022   Code   RO          839    .text.__NVIC_SetPriority  stm32f4xx_hal_cortex.o
    0x0800933e   0x0800933e   0x00000002   PAD
    0x08009340   0x08009340   0x00000020   Code   RO          833    .text.__NVIC_SetPriorityGrouping  stm32f4xx_hal_cortex.o
    0x08009360   0x08009360   0x00000008   Code   RO         1304    .text.__aeabi_unwind_cpp_pr0  libunwind_wx.l(Unwind-EHABI.cpp.o)
    0x08009368   0x08009368   0x00000008   Code   RO         1308    .text.__aeabi_unwind_cpp_pr1  libunwind_wx.l(Unwind-EHABI.cpp.o)
    0x08009370   0x08009370   0x00000008   Code   RO         1310    .text.__aeabi_unwind_cpp_pr2  libunwind_wx.l(Unwind-EHABI.cpp.o)
    0x08009378   0x08009378   0x0000000a   Code   RO         1291    .text.__clang_call_terminate  libcppabi_wx.l(cxa_personality.cpp.o)
    0x08009382   0x08009382   0x0000001c   Code   RO         1575    .text.__cxa_allocate_dependent_exception  libcppabi_wx.l(cxa_exception.cpp.o)
    0x0800939e   0x0800939e   0x00000026   Code   RO         1569    .text.__cxa_allocate_exception  libcppabi_wx.l(cxa_exception.cpp.o)
    0x080093c4   0x080093c4   0x00000068   Code   RO         1590    .text.__cxa_begin_catch  libcppabi_wx.l(cxa_exception.cpp.o)
    0x0800942c   0x0800942c   0x00000058   Code   RO         1585    .text.__cxa_begin_cleanup  libcppabi_wx.l(cxa_exception.cpp.o)
    0x08009484   0x08009484   0x000001a4   Code   RO         1284    .text.__cxa_call_unexpected  libcppabi_wx.l(cxa_personality.cpp.o)
    0x08009628   0x08009628   0x0000003a   Code   RO         1595    .text.__cxa_decrement_exception_refcount  libcppabi_wx.l(cxa_exception.cpp.o)
    0x08009662   0x08009662   0x0000007c   Code   RO         1593    .text.__cxa_end_catch  libcppabi_wx.l(cxa_exception.cpp.o)
    0x080096de   0x080096de   0x0000000a   Code   RO         1498    .text.__cxa_get_globals  libcppabi_wx.l(cxa_exception_storage.cpp.o)
    0x080096e8   0x080096e8   0x0000000a   Code   RO         1500    .text.__cxa_get_globals_fast  libcppabi_wx.l(cxa_exception_storage.cpp.o)
    0x080096f2   0x080096f2   0x0000005a   Code   RO         1600    .text.__cxa_rethrow  libcppabi_wx.l(cxa_exception.cpp.o)
    0x0800974c   0x0800974c   0x00000076   Code   RO         1607    .text.__cxa_rethrow_primary_exception  libcppabi_wx.l(cxa_exception.cpp.o)
    0x080097c2   0x080097c2   0x00000066   Code   RO         1579    .text.__cxa_throw   libcppabi_wx.l(cxa_exception.cpp.o)
    0x08009828   0x08009828   0x0000002c   Code   RO           11    .text.__cxx_global_var_init  maincpp.o
    0x08009854   0x08009854   0x000000a2   Code   RO         1932    .text.__dynamic_cast  libcppabi_wx.l(private_typeinfo.cpp.o)
    0x080098f6   0x080098f6   0x00000014   Code   RO         1327    .text.__gnu_unwind_frame  libunwind_wx.l(Unwind-EHABI.cpp.o)
    0x0800990a   0x0800990a   0x00000180   Code   RO         1276    .text.__gxx_personality_v0  libcppabi_wx.l(cxa_personality.cpp.o)
    0x08009a8a   0x08009a8a   0x00000004   Code   RO         1860    .text.abort_message  libcppabi_wx.l(abort_message.cpp.o)
    0x08009a8e   0x08009a8e   0x00000052   Code   RO         1294    .text.decode_eht_entry  libunwind_wx.l(Unwind-EHABI.cpp.o)
    0x08009ae0   0x08009ae0   0x00000060   Code   RO           84    .text.main          main.o
    0x08009b40   0x08009b40   0x00000026   Code   RO           13    .text.main_cpp      maincpp.o
    0x08009b66   0x08009b66   0x00000030   Code   RO         1623    .text.unw_get_fpreg  libunwind_wx.l(libunwind.cpp.o)
    0x08009b96   0x08009b96   0x0000001e   Code   RO         1629    .text.unw_get_proc_info  libunwind_wx.l(libunwind.cpp.o)
    0x08009bb4   0x08009bb4   0x0000002e   Code   RO         1619    .text.unw_get_reg   libunwind_wx.l(libunwind.cpp.o)
    0x08009be2   0x08009be2   0x00000046   Code   RO         1617    .text.unw_init_local  libunwind_wx.l(libunwind.cpp.o)
    0x08009c28   0x08009c28   0x00000012   Code   RO         1631    .text.unw_resume    libunwind_wx.l(libunwind.cpp.o)
    0x08009c3a   0x08009c3a   0x00000006   Code   RO         1641    .text.unw_save_vfp_as_X  libunwind_wx.l(libunwind.cpp.o)
    0x08009c40   0x08009c40   0x00000038   Code   RO         1625    .text.unw_set_fpreg  libunwind_wx.l(libunwind.cpp.o)
    0x08009c78   0x08009c78   0x00000042   Code   RO         1621    .text.unw_set_reg   libunwind_wx.l(libunwind.cpp.o)
    0x08009cba   0x08009cba   0x00000006   Code   RO         1627    .text.unw_step      libunwind_wx.l(libunwind.cpp.o)
    0x08009cc0   0x08009cc0   0x0000003e   Code   RO         2195    CL$$btod_d2e        c_w.l(btod.o)
    0x08009cfe   0x08009cfe   0x00000046   Code   RO         2197    CL$$btod_d2e_denorm_low  c_w.l(btod.o)
    0x08009d44   0x08009d44   0x00000060   Code   RO         2196    CL$$btod_d2e_norm_op1  c_w.l(btod.o)
    0x08009da4   0x08009da4   0x00000338   Code   RO         2205    CL$$btod_div_common  c_w.l(btod.o)
    0x0800a0dc   0x0800a0dc   0x000000dc   Code   RO         2202    CL$$btod_e2e        c_w.l(btod.o)
    0x0800a1b8   0x0800a1b8   0x0000002a   Code   RO         2199    CL$$btod_ediv       c_w.l(btod.o)
    0x0800a1e2   0x0800a1e2   0x0000002a   Code   RO         2198    CL$$btod_emul       c_w.l(btod.o)
    0x0800a20c   0x0800a20c   0x00000244   Code   RO         2204    CL$$btod_mult_common  c_w.l(btod.o)
    0x0800a450   0x0800a450   0x00000030   Code   RO         2299    i.__ARM_fpclassify  m_wm.l(fpclassify.o)
    0x0800a480   0x0800a480   0x0000000e   Code   RO         1392    i._is_digit         c_w.l(__printf_wp.o)
    0x0800a48e   0x0800a48e   0x00000002   PAD
    0x0800a490   0x0800a490   0x0000002c   Code   RO         2218    locale$$code        c_w.l(lc_numeric_c.o)
    0x0800a4bc   0x0800a4bc   0x0000002c   Code   RO         2316    locale$$code        c_w.l(lc_ctype_c.o)
    0x0800a4e8   0x0800a4e8   0x00000062   Code   RO         1265    x$fpl$d2f           fz_wm.l(d2f.o)
    0x0800a54a   0x0800a54a   0x00000002   PAD
    0x0800a54c   0x0800a54c   0x000002b0   Code   RO         1268    x$fpl$ddiv          fz_wm.l(ddiv.o)
    0x0800a7fc   0x0800a7fc   0x00000154   Code   RO         1271    x$fpl$dmul          fz_wm.l(dmul.o)
    0x0800a950   0x0800a950   0x0000009c   Code   RO         1480    x$fpl$dnaninf       fz_wm.l(dnaninf.o)
    0x0800a9ec   0x0800a9ec   0x0000000c   Code   RO         1482    x$fpl$dretinf       fz_wm.l(dretinf.o)
    0x0800a9f8   0x0800a9f8   0x00000056   Code   RO         1273    x$fpl$f2d           fz_wm.l(f2d.o)
    0x0800aa4e   0x0800aa4e   0x0000008c   Code   RO         1484    x$fpl$fnaninf       fz_wm.l(fnaninf.o)
    0x0800aada   0x0800aada   0x0000000a   Code   RO         1802    x$fpl$fpinit        fz_wm.l(fpinit.o)
    0x0800aae4   0x0800aae4   0x0000000a   Code   RO         1486    x$fpl$fretinf       fz_wm.l(fretinf.o)
    0x0800aaee   0x0800aaee   0x00000004   Code   RO         1488    x$fpl$printf1       fz_wm.l(printf1.o)
    0x0800aaf2   0x0800aaf2   0x00000004   Code   RO         1490    x$fpl$printf2       fz_wm.l(printf2.o)
    0x0800aaf6   0x0800aaf6   0x00000000   Code   RO         1496    x$fpl$usenofp       fz_wm.l(usenofp.o)
    0x0800aaf6   0x0800aaf6   0x00000002   PAD
    0x0800aaf8   0x0800aaf8   0x0000000c   Data   RO         1319    .ARM.extab.text._Unwind_Resume  libunwind_wx.l(Unwind-EHABI.cpp.o)
    0x0800ab04   0x0800ab04   0x00000028   Data   RO           69    .ARM.extab.text._ZN5Motor13Motorcommon_tC2EP17TIM_HandleTypeDefS2_jP12GPIO_TypeDeftth  maincpp.o
    0x0800ab2c   0x0800ab2c   0x00000028   Data   RO           44    .ARM.extab.text._ZN5Motor13Motorcommon_tC2Ev  maincpp.o
    0x0800ab54   0x0800ab54   0x00000034   Data   RO           41    .ARM.extab.text._ZN6Static8Static_tIN5Motor13Motorcommon_tELj4EEC2IJNSt3__15tupleIJP17TIM_HandleTypeDefS8_jP12GPIO_TypeDefttEEESB_SB_SB_EEEDpOT_  maincpp.o
    0x0800ab88   0x0800ab88   0x00000048   Data   RO         1513    .ARM.extab.text._ZSt11__terminatePFvvE  libcppabi_wx.l(cxa_handlers.cpp.o)
    0x0800abd0   0x0800abd0   0x00000020   Data   RO         1516    .ARM.extab.text._ZSt9terminatev  libcppabi_wx.l(cxa_handlers.cpp.o)
    0x0800abf0   0x0800abf0   0x00000030   Data   RO         1570    .ARM.extab.text.__cxa_allocate_exception  libcppabi_wx.l(cxa_exception.cpp.o)
    0x0800ac20   0x0800ac20   0x00000030   Data   RO         1591    .ARM.extab.text.__cxa_begin_catch  libcppabi_wx.l(cxa_exception.cpp.o)
    0x0800ac50   0x0800ac50   0x00000030   Data   RO         1586    .ARM.extab.text.__cxa_begin_cleanup  libcppabi_wx.l(cxa_exception.cpp.o)
    0x0800ac80   0x0800ac80   0x000000a4   Data   RO         1285    .ARM.extab.text.__cxa_call_unexpected  libcppabi_wx.l(cxa_personality.cpp.o)
    0x0800ad24   0x0800ad24   0x0000003c   Data   RO         1596    .ARM.extab.text.__cxa_decrement_exception_refcount  libcppabi_wx.l(cxa_exception.cpp.o)
    0x0800ad60   0x0800ad60   0x00000008   Data   RO         1351    .constdata          c_w.l(_printf_wctomb.o)
    0x0800ad68   0x0800ad68   0x00000028   Data   RO         1380    .constdata          c_w.l(_printf_hex_int_ll_ptr.o)
    0x0800ad90   0x0800ad90   0x00000011   Data   RO         1400    .constdata          c_w.l(__printf_flags_ss_wp.o)
    0x0800ada1   0x0800ada1   0x00000026   Data   RO         1778    .constdata          c_w.l(_printf_fp_hex.o)
    0x0800adc7   0x0800adc7   0x00000001   PAD
    0x0800adc8   0x0800adc8   0x00000094   Data   RO         2193    .constdata          c_w.l(bigflt0.o)
    0x0800ae5c   0x0800ae5c   0x00000010   Data   RO         1149    .rodata.AHBPrescTable  system_stm32f4xx.o
    0x0800ae6c   0x0800ae6c   0x00000008   Data   RO         1150    .rodata.APBPrescTable  system_stm32f4xx.o
    0x0800ae74   0x0800ae74   0x00000008   Data   RO         1979    .rodata._ZTIDn      libcppabi_wx.l(private_typeinfo.cpp.o)
    0x0800ae7c   0x0800ae7c   0x0000000c   Data   RO         1955    .rodata._ZTIN10__cxxabiv116__shim_type_infoE  libcppabi_wx.l(private_typeinfo.cpp.o)
    0x0800ae88   0x0800ae88   0x0000000c   Data   RO         1957    .rodata._ZTIN10__cxxabiv117__class_type_infoE  libcppabi_wx.l(private_typeinfo.cpp.o)
    0x0800ae94   0x0800ae94   0x0000000c   Data   RO         1959    .rodata._ZTIN10__cxxabiv117__pbase_type_infoE  libcppabi_wx.l(private_typeinfo.cpp.o)
    0x0800aea0   0x0800aea0   0x0000000c   Data   RO         1961    .rodata._ZTIN10__cxxabiv119__pointer_type_infoE  libcppabi_wx.l(private_typeinfo.cpp.o)
    0x0800aeac   0x0800aeac   0x0000000c   Data   RO         1963    .rodata._ZTIN10__cxxabiv120__function_type_infoE  libcppabi_wx.l(private_typeinfo.cpp.o)
    0x0800aeb8   0x0800aeb8   0x0000000c   Data   RO         2126    .rodata._ZTIN10__cxxabiv120__si_class_type_infoE  libcppabi_wx.l(private_typeinfo.cpp.o)
    0x0800aec4   0x0800aec4   0x0000000c   Data   RO         1971    .rodata._ZTIN10__cxxabiv123__fundamental_type_infoE  libcppabi_wx.l(private_typeinfo.cpp.o)
    0x0800aed0   0x0800aed0   0x0000000c   Data   RO         1965    .rodata._ZTIN10__cxxabiv129__pointer_to_member_type_infoE  libcppabi_wx.l(private_typeinfo.cpp.o)
    0x0800aedc   0x0800aedc   0x0000000c   Data   RO         1560    .rodata._ZTISt13bad_exception  libcppabi_wx.l(stdlib_exception.cpp.o)
    0x0800aee8   0x0800aee8   0x0000000c   Data   RO         1564    .rodata._ZTISt16bad_array_length  libcppabi_wx.l(stdlib_exception.cpp.o)
    0x0800aef4   0x0800aef4   0x0000000c   Data   RO         1566    .rodata._ZTISt20bad_array_new_length  libcppabi_wx.l(stdlib_exception.cpp.o)
    0x0800af00   0x0800af00   0x0000000c   Data   RO         1563    .rodata._ZTISt9bad_alloc  libcppabi_wx.l(stdlib_exception.cpp.o)
    0x0800af0c   0x0800af0c   0x00000008   Data   RO         1557    .rodata._ZTISt9exception  libcppabi_wx.l(stdlib_exception.cpp.o)
    0x0800af14   0x0800af14   0x00000008   Data   RO         2294    .rodata._ZTISt9type_info  libcppabi_wx.l(stdlib_typeinfo.cpp.o)
    0x0800af1c   0x0800af1c   0x00000008   Data   RO         1973    .rodata._ZTIv       libcppabi_wx.l(private_typeinfo.cpp.o)
    0x0800af24   0x0800af24   0x00000003   Data   RO         1978    .rodata._ZTSDn      libcppabi_wx.l(private_typeinfo.cpp.o)
    0x0800af27   0x0800af27   0x00000009   PAD
    0x0800af30   0x0800af30   0x00000021   Data   RO         1954    .rodata._ZTSN10__cxxabiv116__shim_type_infoE  libcppabi_wx.l(private_typeinfo.cpp.o)
    0x0800af51   0x0800af51   0x0000000f   PAD
    0x0800af60   0x0800af60   0x00000022   Data   RO         1956    .rodata._ZTSN10__cxxabiv117__class_type_infoE  libcppabi_wx.l(private_typeinfo.cpp.o)
    0x0800af82   0x0800af82   0x0000000e   PAD
    0x0800af90   0x0800af90   0x00000022   Data   RO         1958    .rodata._ZTSN10__cxxabiv117__pbase_type_infoE  libcppabi_wx.l(private_typeinfo.cpp.o)
    0x0800afb2   0x0800afb2   0x0000000e   PAD
    0x0800afc0   0x0800afc0   0x00000024   Data   RO         1960    .rodata._ZTSN10__cxxabiv119__pointer_type_infoE  libcppabi_wx.l(private_typeinfo.cpp.o)
    0x0800afe4   0x0800afe4   0x0000000c   PAD
    0x0800aff0   0x0800aff0   0x00000025   Data   RO         1962    .rodata._ZTSN10__cxxabiv120__function_type_infoE  libcppabi_wx.l(private_typeinfo.cpp.o)
    0x0800b015   0x0800b015   0x0000000b   PAD
    0x0800b020   0x0800b020   0x00000025   Data   RO         2125    .rodata._ZTSN10__cxxabiv120__si_class_type_infoE  libcppabi_wx.l(private_typeinfo.cpp.o)
    0x0800b045   0x0800b045   0x0000000b   PAD
    0x0800b050   0x0800b050   0x00000028   Data   RO         1970    .rodata._ZTSN10__cxxabiv123__fundamental_type_infoE  libcppabi_wx.l(private_typeinfo.cpp.o)
    0x0800b078   0x0800b078   0x00000008   PAD
    0x0800b080   0x0800b080   0x0000002e   Data   RO         1964    .rodata._ZTSN10__cxxabiv129__pointer_to_member_type_infoE  libcppabi_wx.l(private_typeinfo.cpp.o)
    0x0800b0ae   0x0800b0ae   0x00000002   PAD
    0x0800b0b0   0x0800b0b0   0x00000012   Data   RO         1559    .rodata._ZTSSt13bad_exception  libcppabi_wx.l(stdlib_exception.cpp.o)
    0x0800b0c2   0x0800b0c2   0x0000000e   PAD
    0x0800b0d0   0x0800b0d0   0x00000015   Data   RO         1561    .rodata._ZTSSt16bad_array_length  libcppabi_wx.l(stdlib_exception.cpp.o)
    0x0800b0e5   0x0800b0e5   0x0000000b   PAD
    0x0800b0f0   0x0800b0f0   0x00000019   Data   RO         1565    .rodata._ZTSSt20bad_array_new_length  libcppabi_wx.l(stdlib_exception.cpp.o)
    0x0800b109   0x0800b109   0x0000000d   Data   RO         1562    .rodata._ZTSSt9bad_alloc  libcppabi_wx.l(stdlib_exception.cpp.o)
    0x0800b116   0x0800b116   0x0000000d   Data   RO         1556    .rodata._ZTSSt9exception  libcppabi_wx.l(stdlib_exception.cpp.o)
    0x0800b123   0x0800b123   0x0000000d   Data   RO         2293    .rodata._ZTSSt9type_info  libcppabi_wx.l(stdlib_typeinfo.cpp.o)
    0x0800b130   0x0800b130   0x00000002   Data   RO         1972    .rodata._ZTSv       libcppabi_wx.l(private_typeinfo.cpp.o)
    0x0800b132   0x0800b132   0x00000002   PAD
    0x0800b134   0x0800b134   0x00000028   Data   RO         2123    .rodata._ZTVN10__cxxabiv117__class_type_infoE  libcppabi_wx.l(private_typeinfo.cpp.o)
    0x0800b15c   0x0800b15c   0x00000028   Data   RO         2124    .rodata._ZTVN10__cxxabiv120__si_class_type_infoE  libcppabi_wx.l(private_typeinfo.cpp.o)
    0x0800b184   0x0800b184   0x0000001c   Data   RO         1969    .rodata._ZTVN10__cxxabiv123__fundamental_type_infoE  libcppabi_wx.l(private_typeinfo.cpp.o)
    0x0800b1a0   0x0800b1a0   0x00000048   Data   RO         1687    .rodata._ZTVN9libunwind12UnwindCursorINS_17LocalAddressSpaceENS_13Registers_armEEE  libunwind_wx.l(libunwind.cpp.o)
    0x0800b1e8   0x0800b1e8   0x00000014   Data   RO         1558    .rodata._ZTVSt13bad_exception  libcppabi_wx.l(stdlib_exception.cpp.o)
    0x0800b1fc   0x0800b1fc   0x00000014   Data   RO         1554    .rodata._ZTVSt16bad_array_length  libcppabi_wx.l(stdlib_exception.cpp.o)
    0x0800b210   0x0800b210   0x00000014   Data   RO         1553    .rodata._ZTVSt20bad_array_new_length  libcppabi_wx.l(stdlib_exception.cpp.o)
    0x0800b224   0x0800b224   0x00000014   Data   RO         1552    .rodata._ZTVSt9bad_alloc  libcppabi_wx.l(stdlib_exception.cpp.o)
    0x0800b238   0x0800b238   0x00000008   Data   RO         1966    .rodata._ZZNK10__cxxabiv129__pointer_to_member_type_info9can_catchEPKNS_16__shim_type_infoERPvE12null_ptr_rep  libcppabi_wx.l(private_typeinfo.cpp.o)
    0x0800b240   0x0800b240   0x00000004   Data   RO         1967    .rodata._ZZNK10__cxxabiv129__pointer_to_member_type_info9can_catchEPKNS_16__shim_type_infoERPvE12null_ptr_rep_0  libcppabi_wx.l(private_typeinfo.cpp.o)
    0x0800b244   0x0800b244   0x00000020   Data   RO         2367    Region$$Table       anon$$obj.o
    0x0800b264   0x0800b264   0x0000001c   Data   RO         2217    locale$$data        c_w.l(lc_numeric_c.o)
    0x0800b280   0x0800b280   0x00000110   Data   RO         2315    locale$$data        c_w.l(lc_ctype_c.o)
    0x0800b390   0x0800b390   0x00000004   Data   RO           23    .init_array         maincpp.o
    0x0800b394   0x0800b390   0x00000008   Data   RO         1707    .ARM.exidx          c_w.l(__rtentry4.o)
    0x0800b39c   0x0800b390   0x00000008   Data   RO           16    .ARM.exidx.text.OnceMain  maincpp.o
    0x0800b3a4   0x0800b390   0x00000008   Data   RO          131    .ARM.exidx.text.PendSV_Handler  stm32f4xx_it.o
    0x0800b3ac   0x0800b390   0x00000008   Data   RO           18    .ARM.exidx.text.Serial_Printf  maincpp.o
    0x0800b3b4   0x0800b390   0x00000008   Data   RO          858    .ARM.exidx.text.SysTick_Config  stm32f4xx_hal_cortex.o
    0x0800b3bc   0x0800b390   0x00000008   Data   RO           20    .ARM.exidx.text._GLOBAL__sub_I_maincpp.cpp  maincpp.o
    0x0800b3c4   0x0800b390   0x00000008   Data   RO         1322    .ARM.exidx.text._Unwind_GetLanguageSpecificData  libunwind_wx.l(Unwind-EHABI.cpp.o)
    0x0800b3cc   0x0800b390   0x00000008   Data   RO         1313    .ARM.exidx.text._Unwind_RaiseException  libunwind_wx.l(Unwind-EHABI.cpp.o)
    0x0800b3d4   0x0800b390   0x00000008   Data   RO         1320    .ARM.exidx.text._Unwind_Resume  libunwind_wx.l(Unwind-EHABI.cpp.o)
    0x0800b3dc   0x0800b390   0x00000008   Data   RO         1299    .ARM.exidx.text._Unwind_VRS_Get  libunwind_wx.l(Unwind-EHABI.cpp.o)
    0x0800b3e4   0x0800b390   0x00000008   Data   RO         1297    .ARM.exidx.text._Unwind_VRS_Interpret  libunwind_wx.l(Unwind-EHABI.cpp.o)
    0x0800b3ec   0x0800b390   0x00000008   Data   RO         1303    .ARM.exidx.text._Unwind_VRS_Pop  libunwind_wx.l(Unwind-EHABI.cpp.o)
    0x0800b3f4   0x0800b390   0x00000008   Data   RO         1301    .ARM.exidx.text._Unwind_VRS_Set  libunwind_wx.l(Unwind-EHABI.cpp.o)
    0x0800b3fc   0x0800b390   0x00000008   Data   RO         1315    .ARM.exidx.text._ZL13unwind_phase2P13unw_context_tP12unw_cursor_tP21_Unwind_Control_Blockb  libunwind_wx.l(Unwind-EHABI.cpp.o)
    0x0800b404   0x0800b390   0x00000008   Data   RO         1875    .ARM.exidx.text._ZN10__cxxabiv116__shim_type_infoD2Ev  libcppabi_wx.l(private_typeinfo.cpp.o)
    0x0800b40c   0x0800b390   0x00000008   Data   RO         1279    .ARM.exidx.text._ZN10__cxxabiv1L11scan_eh_tabERNS_12_GLOBAL__N_112scan_resultsE14_Unwind_ActionbP21_Unwind_Control_BlockP15_Unwind_Context  libcppabi_wx.l(cxa_personality.cpp.o)
    0x0800b414   0x0800b390   0x00000008   Data   RO         1283    .ARM.exidx.text._ZN10__cxxabiv1L13set_registersEP21_Unwind_Control_BlockP15_Unwind_ContextRKNS_12_GLOBAL__N_112scan_resultsE  libcppabi_wx.l(cxa_personality.cpp.o)
    0x0800b41c   0x0800b390   0x00000008   Data   RO         1281    .ARM.exidx.text._ZN10__cxxabiv1L14call_terminateEbP21_Unwind_Control_Block  libcppabi_wx.l(cxa_personality.cpp.o)
    0x0800b424   0x0800b390   0x00000008   Data   RO         1290    .ARM.exidx.text._ZN10__cxxabiv1L24exception_spec_can_catchExPKhhPKNS_16__shim_type_infoEPvP21_Unwind_Control_Block  libcppabi_wx.l(cxa_personality.cpp.o)
    0x0800b42c   0x0800b390   0x00000008   Data   RO         1610    .ARM.exidx.text._ZN10__cxxabiv1L27dependent_exception_cleanupE19_Unwind_Reason_CodeP21_Unwind_Control_Block  libcppabi_wx.l(cxa_exception.cpp.o)
    0x0800b434   0x0800b390   0x00000008   Data   RO         1866    .ARM.exidx.text._ZN12_GLOBAL__N_115fallback_mallocEj  libcppabi_wx.l(fallback_malloc.cpp.o)
    0x0800b43c   0x0800b390   0x00000008   Data   RO         1307    .ARM.exidx.text._ZN12_GLOBAL__N_1L14unwindOneFrameEjP21_Unwind_Control_BlockP15_Unwind_Context  libunwind_wx.l(Unwind-EHABI.cpp.o)
    0x0800b444   0x0800b390   0x00000008   Data   RO         1183    .ARM.exidx.text._ZN18Pid_basetemplate_tIffE12targetUpdateEfb  motor.o
    0x0800b44c   0x0800b390   0x00000008   Data   RO           55    .ARM.exidx.text._ZN18Pid_basetemplate_tIffEC2E10Pidparam_tIffE  maincpp.o
    0x0800b454   0x0800b390   0x00000008   Data   RO           59    .ARM.exidx.text._ZN18Pid_basetemplate_tIffEC2Efffff  maincpp.o
    0x0800b45c   0x0800b390   0x00000008   Data   RO         1167    .ARM.exidx.text._ZN5Motor13Motorcommon_t6updateEv  motor.o
    0x0800b464   0x0800b390   0x00000008   Data   RO         1169    .ARM.exidx.text._ZN5Motor13Motorcommon_t7pwm_outEi  motor.o
    0x0800b46c   0x0800b390   0x00000008   Data   RO         1163    .ARM.exidx.text._ZN5Motor13Motorcommon_t8setSpeedEf  motor.o
    0x0800b474   0x0800b390   0x00000008   Data   RO         1216    .ARM.exidx.text._ZN5Motor13Motorcommon_t9initMotorEv  control.o
    0x0800b47c   0x0800b390   0x00000008   Data   RO           70    .ARM.exidx.text._ZN5Motor13Motorcommon_tC2EP17TIM_HandleTypeDefS2_jP12GPIO_TypeDeftth  maincpp.o
    0x0800b484   0x0800b390   0x00000008   Data   RO           45    .ARM.exidx.text._ZN5Motor13Motorcommon_tC2Ev  maincpp.o
    0x0800b48c   0x0800b390   0x00000008   Data   RO           47    .ARM.exidx.text._ZN5Motor13Motorcommon_tD2Ev  maincpp.o
    0x0800b494   0x0800b390   0x00000008   Data   RO           49    .ARM.exidx.text._ZN6Static8Static_tIN5Motor13Motorcommon_tELj4EE15_construct_implILj0ENSt3__15tupleIJP17TIM_HandleTypeDefS8_jP12GPIO_TypeDefttEEEJSB_SB_SB_EEEvOT0_DpOT1_  maincpp.o
    0x0800b49c   0x0800b390   0x00000008   Data   RO           76    .ARM.exidx.text._ZN6Static8Static_tIN5Motor13Motorcommon_tELj4EE15_construct_implILj2ENSt3__15tupleIJP17TIM_HandleTypeDefS8_jP12GPIO_TypeDefttEEEJSB_EEEvOT0_DpOT1_  maincpp.o
    0x0800b4a4   0x0800b390   0x00000008   Data   RO           78    .ARM.exidx.text._ZN6Static8Static_tIN5Motor13Motorcommon_tELj4EE15_construct_implILj3ENSt3__15tupleIJP17TIM_HandleTypeDefS8_jP12GPIO_TypeDefttEEEJEEEvOT0_DpOT1_  maincpp.o
    0x0800b4ac   0x0800b390   0x00000008   Data   RO           80    .ARM.exidx.text._ZN6Static8Static_tIN5Motor13Motorcommon_tELj4EE15_construct_implILj4EEEvv  maincpp.o
    0x0800b4b4   0x0800b390   0x00000008   Data   RO           63    .ARM.exidx.text._ZN6Static8Static_tIN5Motor13Motorcommon_tELj4EE18_construct_elementINSt3__15tupleIJP17TIM_HandleTypeDefS8_jP12GPIO_TypeDefttEEEEEvjOT_  maincpp.o
    0x0800b4bc   0x0800b390   0x00000008   Data   RO           67    .ARM.exidx.text._ZN6Static8Static_tIN5Motor13Motorcommon_tELj4EE21_construct_from_tupleINSt3__15tupleIJP17TIM_HandleTypeDefS8_jP12GPIO_TypeDefttEEEJLj0ELj1ELj2ELj3ELj4ELj5EEEEvjOT_NS5_16integer_sequenceIjJXspT0_EEEE  maincpp.o
    0x0800b4c4   0x0800b390   0x00000008   Data   RO           42    .ARM.exidx.text._ZN6Static8Static_tIN5Motor13Motorcommon_tELj4EEC2IJNSt3__15tupleIJP17TIM_HandleTypeDefS8_jP12GPIO_TypeDefttEEESB_SB_SB_EEEDpOT_  maincpp.o
    0x0800b4cc   0x0800b390   0x00000008   Data   RO           82    .ARM.exidx.text._ZN6Static8Static_tIN5Motor13Motorcommon_tELj4EED2Ev  maincpp.o
    0x0800b4d4   0x0800b390   0x00000008   Data   RO         1202    .ARM.exidx.text._ZN7Control9Control_t11controlLoopEv  control.o
    0x0800b4dc   0x0800b390   0x00000008   Data   RO         1200    .ARM.exidx.text._ZN7Control9Control_t9initMotorEv  control.o
    0x0800b4e4   0x0800b390   0x00000008   Data   RO           35    .ARM.exidx.text._ZN7Control9Control_tC2ENS_14Control_Mode_tE  maincpp.o
    0x0800b4ec   0x0800b390   0x00000008   Data   RO           37    .ARM.exidx.text._ZN7Control9Control_tD2Ev  maincpp.o
    0x0800b4f4   0x0800b390   0x00000008   Data   RO         1676    .ARM.exidx.text._ZN9libunwind12UnwindCursorINS_17LocalAddressSpaceENS_13Registers_armEE10saveVFPAsXEv  libunwind_wx.l(libunwind.cpp.o)
    0x0800b4fc   0x0800b390   0x00000008   Data   RO         1658    .ARM.exidx.text._ZN9libunwind12UnwindCursorINS_17LocalAddressSpaceENS_13Registers_armEE11getFloatRegEi  libunwind_wx.l(libunwind.cpp.o)
    0x0800b504   0x0800b390   0x00000008   Data   RO         1660    .ARM.exidx.text._ZN9libunwind12UnwindCursorINS_17LocalAddressSpaceENS_13Registers_armEE11setFloatRegEiy  libunwind_wx.l(libunwind.cpp.o)
    0x0800b50c   0x0800b390   0x00000008   Data   RO         1668    .ARM.exidx.text._ZN9libunwind12UnwindCursorINS_17LocalAddressSpaceENS_13Registers_armEE13isSignalFrameEv  libunwind_wx.l(libunwind.cpp.o)
    0x0800b514   0x0800b390   0x00000008   Data   RO         1678    .ARM.exidx.text._ZN9libunwind12UnwindCursorINS_17LocalAddressSpaceENS_13Registers_armEE13stepWithEHABIEv  libunwind_wx.l(libunwind.cpp.o)
    0x0800b51c   0x0800b390   0x00000008   Data   RO         1656    .ARM.exidx.text._ZN9libunwind12UnwindCursorINS_17LocalAddressSpaceENS_13Registers_armEE13validFloatRegEi  libunwind_wx.l(libunwind.cpp.o)
    0x0800b524   0x0800b390   0x00000008   Data   RO         1670    .ARM.exidx.text._ZN9libunwind12UnwindCursorINS_17LocalAddressSpaceENS_13Registers_armEE15getFunctionNameEPcjPj  libunwind_wx.l(libunwind.cpp.o)
    0x0800b52c   0x0800b390   0x00000008   Data   RO         1674    .ARM.exidx.text._ZN9libunwind12UnwindCursorINS_17LocalAddressSpaceENS_13Registers_armEE15getRegisterNameEi  libunwind_wx.l(libunwind.cpp.o)
    0x0800b534   0x0800b390   0x00000008   Data   RO         1682    .ARM.exidx.text._ZN9libunwind12UnwindCursorINS_17LocalAddressSpaceENS_13Registers_armEE23getInfoFromEHABISectionEjRKNS_18UnwindInfoSectionsE  libunwind_wx.l(libunwind.cpp.o)
    0x0800b53c   0x0800b390   0x00000008   Data   RO         1672    .ARM.exidx.text._ZN9libunwind12UnwindCursorINS_17LocalAddressSpaceENS_13Registers_armEE24setInfoBasedOnIPRegisterEb  libunwind_wx.l(libunwind.cpp.o)
    0x0800b544   0x0800b390   0x00000008   Data   RO         1662    .ARM.exidx.text._ZN9libunwind12UnwindCursorINS_17LocalAddressSpaceENS_13Registers_armEE4stepEv  libunwind_wx.l(libunwind.cpp.o)
    0x0800b54c   0x0800b390   0x00000008   Data   RO         1652    .ARM.exidx.text._ZN9libunwind12UnwindCursorINS_17LocalAddressSpaceENS_13Registers_armEE6getRegEi  libunwind_wx.l(libunwind.cpp.o)
    0x0800b554   0x0800b390   0x00000008   Data   RO         1666    .ARM.exidx.text._ZN9libunwind12UnwindCursorINS_17LocalAddressSpaceENS_13Registers_armEE6jumptoEv  libunwind_wx.l(libunwind.cpp.o)
    0x0800b55c   0x0800b390   0x00000008   Data   RO         1654    .ARM.exidx.text._ZN9libunwind12UnwindCursorINS_17LocalAddressSpaceENS_13Registers_armEE6setRegEij  libunwind_wx.l(libunwind.cpp.o)
    0x0800b564   0x0800b390   0x00000008   Data   RO         1664    .ARM.exidx.text._ZN9libunwind12UnwindCursorINS_17LocalAddressSpaceENS_13Registers_armEE7getInfoEP15unw_proc_info_t  libunwind_wx.l(libunwind.cpp.o)
    0x0800b56c   0x0800b390   0x00000008   Data   RO         1650    .ARM.exidx.text._ZN9libunwind12UnwindCursorINS_17LocalAddressSpaceENS_13Registers_armEE8validRegEi  libunwind_wx.l(libunwind.cpp.o)
    0x0800b574   0x0800b390   0x00000008   Data   RO         1680    .ARM.exidx.text._ZN9libunwind13Registers_arm26restoreSavedFloatRegistersEv  libunwind_wx.l(libunwind.cpp.o)
    0x0800b57c   0x0800b390   0x00000008   Data   RO         1646    .ARM.exidx.text._ZN9libunwind20AbstractUnwindCursorD2Ev  libunwind_wx.l(libunwind.cpp.o)
    0x0800b584   0x0800b390   0x00000008   Data   RO         1879    .ARM.exidx.text._ZNK10__cxxabiv116__shim_type_info5noop1Ev  libcppabi_wx.l(private_typeinfo.cpp.o)
    0x0800b58c   0x0800b390   0x00000008   Data   RO         1911    .ARM.exidx.text._ZNK10__cxxabiv117__class_type_info9can_catchEPKNS_16__shim_type_infoERPv  libcppabi_wx.l(private_typeinfo.cpp.o)
    0x0800b594   0x0800b390   0x00000008   Data   RO         1923    .ARM.exidx.text._ZNK10__cxxabiv117__pbase_type_info9can_catchEPKNS_16__shim_type_infoERPv  libcppabi_wx.l(private_typeinfo.cpp.o)
    0x0800b59c   0x0800b390   0x00000008   Data   RO         1925    .ARM.exidx.text._ZNK10__cxxabiv119__pointer_type_info9can_catchEPKNS_16__shim_type_infoERPv  libcppabi_wx.l(private_typeinfo.cpp.o)
    0x0800b5a4   0x0800b390   0x00000008   Data   RO         1951    .ARM.exidx.text._ZNK10__cxxabiv120__si_class_type_info16search_above_dstEPNS_19__dynamic_cast_infoEPKvS4_ib  libcppabi_wx.l(private_typeinfo.cpp.o)
    0x0800b5ac   0x0800b390   0x00000008   Data   RO         1917    .ARM.exidx.text._ZNK10__cxxabiv120__si_class_type_info27has_unambiguous_public_baseEPNS_19__dynamic_cast_infoEPvi  libcppabi_wx.l(private_typeinfo.cpp.o)
    0x0800b5b4   0x0800b390   0x00000008   Data   RO         1949    .ARM.exidx.text._ZNK10__cxxabiv121__vmi_class_type_info16search_above_dstEPNS_19__dynamic_cast_infoEPKvS4_ib  libcppabi_wx.l(private_typeinfo.cpp.o)
    0x0800b5bc   0x0800b390   0x00000008   Data   RO         1903    .ARM.exidx.text._ZNK10__cxxabiv123__fundamental_type_info9can_catchEPKNS_16__shim_type_infoERPv  libcppabi_wx.l(private_typeinfo.cpp.o)
    0x0800b5c4   0x0800b390   0x00000008   Data   RO         1684    .ARM.exidx.text._ZNSt3__113__upper_boundIRNS_6__lessIjjEEN9libunwind20EHABISectionIteratorINS4_17LocalAddressSpaceEEEjEET0_S8_S8_RKT1_T_  libunwind_wx.l(libunwind.cpp.o)
    0x0800b5cc   0x0800b390   0x00000008   Data   RO         1535    .ARM.exidx.text._ZNSt9bad_allocC2Ev  libcppabi_wx.l(stdlib_exception.cpp.o)
    0x0800b5d4   0x0800b390   0x00000008   Data   RO         1509    .ARM.exidx.text._ZSt10unexpectedv  libcppabi_wx.l(cxa_handlers.cpp.o)
    0x0800b5dc   0x0800b390   0x00000008   Data   RO         1514    .ARM.exidx.text._ZSt11__terminatePFvvE  libcppabi_wx.l(cxa_handlers.cpp.o)
    0x0800b5e4   0x0800b390   0x00000008   Data   RO         1507    .ARM.exidx.text._ZSt12__unexpectedPFvvE  libcppabi_wx.l(cxa_handlers.cpp.o)
    0x0800b5ec   0x0800b390   0x00000008   Data   RO         1511    .ARM.exidx.text._ZSt13get_terminatev  libcppabi_wx.l(cxa_handlers.cpp.o)
    0x0800b5f4   0x0800b390   0x00000008   Data   RO         1517    .ARM.exidx.text._ZSt9terminatev  libcppabi_wx.l(cxa_handlers.cpp.o)
    0x0800b5fc   0x0800b390   0x00000008   Data   RO         1824    .ARM.exidx.text._ZdaPv  libcpp_wx.l(new.cpp.o)
    0x0800b604   0x0800b390   0x00000008   Data   RO          846    .ARM.exidx.text.__NVIC_EnableIRQ  stm32f4xx_hal_cortex.o
    0x0800b60c   0x0800b390   0x00000008   Data   RO         1305    .ARM.exidx.text.__aeabi_unwind_cpp_pr0  libunwind_wx.l(Unwind-EHABI.cpp.o)
    0x0800b614   0x0800b390   0x00000008   Data   RO         1292    .ARM.exidx.text.__clang_call_terminate  libcppabi_wx.l(cxa_personality.cpp.o)
    0x0800b61c   0x0800b390   0x00000008   Data   RO         1576    .ARM.exidx.text.__cxa_allocate_dependent_exception  libcppabi_wx.l(cxa_exception.cpp.o)
    0x0800b624   0x0800b390   0x00000008   Data   RO         1571    .ARM.exidx.text.__cxa_allocate_exception  libcppabi_wx.l(cxa_exception.cpp.o)
    0x0800b62c   0x0800b390   0x00000008   Data   RO         1592    .ARM.exidx.text.__cxa_begin_catch  libcppabi_wx.l(cxa_exception.cpp.o)
    0x0800b634   0x0800b390   0x00000008   Data   RO         1587    .ARM.exidx.text.__cxa_begin_cleanup  libcppabi_wx.l(cxa_exception.cpp.o)
    0x0800b63c   0x0800b390   0x00000008   Data   RO         1286    .ARM.exidx.text.__cxa_call_unexpected  libcppabi_wx.l(cxa_personality.cpp.o)
    0x0800b644   0x0800b390   0x00000008   Data   RO         1597    .ARM.exidx.text.__cxa_decrement_exception_refcount  libcppabi_wx.l(cxa_exception.cpp.o)
    0x0800b64c   0x0800b390   0x00000008   Data   RO         1594    .ARM.exidx.text.__cxa_end_catch  libcppabi_wx.l(cxa_exception.cpp.o)
    0x0800b654   0x0800b390   0x00000008   Data   RO         1499    .ARM.exidx.text.__cxa_get_globals  libcppabi_wx.l(cxa_exception_storage.cpp.o)
    0x0800b65c   0x0800b390   0x00000008   Data   RO         1601    .ARM.exidx.text.__cxa_rethrow  libcppabi_wx.l(cxa_exception.cpp.o)
    0x0800b664   0x0800b390   0x00000008   Data   RO         1608    .ARM.exidx.text.__cxa_rethrow_primary_exception  libcppabi_wx.l(cxa_exception.cpp.o)
    0x0800b66c   0x0800b390   0x00000008   Data   RO         1580    .ARM.exidx.text.__cxa_throw  libcppabi_wx.l(cxa_exception.cpp.o)
    0x0800b674   0x0800b390   0x00000008   Data   RO           12    .ARM.exidx.text.__cxx_global_var_init  maincpp.o
    0x0800b67c   0x0800b390   0x00000008   Data   RO         1933    .ARM.exidx.text.__dynamic_cast  libcppabi_wx.l(private_typeinfo.cpp.o)
    0x0800b684   0x0800b390   0x00000008   Data   RO         1328    .ARM.exidx.text.__gnu_unwind_frame  libunwind_wx.l(Unwind-EHABI.cpp.o)
    0x0800b68c   0x0800b390   0x00000008   Data   RO         1277    .ARM.exidx.text.__gxx_personality_v0  libcppabi_wx.l(cxa_personality.cpp.o)
    0x0800b694   0x0800b390   0x00000008   Data   RO         1861    .ARM.exidx.text.abort_message  libcppabi_wx.l(abort_message.cpp.o)
    0x0800b69c   0x0800b390   0x00000008   Data   RO         1295    .ARM.exidx.text.decode_eht_entry  libunwind_wx.l(Unwind-EHABI.cpp.o)
    0x0800b6a4   0x0800b390   0x00000008   Data   RO           85    .ARM.exidx.text.main  main.o
    0x0800b6ac   0x0800b390   0x00000008   Data   RO           14    .ARM.exidx.text.main_cpp  maincpp.o
    0x0800b6b4   0x0800b390   0x00000008   Data   RO         1624    .ARM.exidx.text.unw_get_fpreg  libunwind_wx.l(libunwind.cpp.o)
    0x0800b6bc   0x0800b390   0x00000008   Data   RO         1630    .ARM.exidx.text.unw_get_proc_info  libunwind_wx.l(libunwind.cpp.o)
    0x0800b6c4   0x0800b390   0x00000008   Data   RO         1620    .ARM.exidx.text.unw_get_reg  libunwind_wx.l(libunwind.cpp.o)
    0x0800b6cc   0x0800b390   0x00000008   Data   RO         1618    .ARM.exidx.text.unw_init_local  libunwind_wx.l(libunwind.cpp.o)
    0x0800b6d4   0x0800b390   0x00000008   Data   RO         1632    .ARM.exidx.text.unw_resume  libunwind_wx.l(libunwind.cpp.o)
    0x0800b6dc   0x0800b390   0x00000008   Data   RO         1642    .ARM.exidx.text.unw_save_vfp_as_X  libunwind_wx.l(libunwind.cpp.o)
    0x0800b6e4   0x0800b390   0x00000008   Data   RO         1626    .ARM.exidx.text.unw_set_fpreg  libunwind_wx.l(libunwind.cpp.o)
    0x0800b6ec   0x0800b390   0x00000008   Data   RO         1622    .ARM.exidx.text.unw_set_reg  libunwind_wx.l(libunwind.cpp.o)
    0x0800b6f4   0x0800b390   0x00000008   Data   RO         1628    .ARM.exidx.text.unw_step  libunwind_wx.l(libunwind.cpp.o)


    Execution Region RW_IRAM1 (Exec base: 0x20000000, Load base: 0x0800b700, Size: 0x00000c70, Max: 0x0001c000, ABSOLUTE)

    Exec Addr    Load Addr    Size         Type   Attr      Idx    E Section Name        Object

    0x20000000   0x0800b700   0x00000004   Data   RW         1148    .data.SystemCoreClock  system_stm32f4xx.o
    0x20000004   0x0800b704   0x00000004   Data   RW         1857    .data.__cxa_terminate_handler  libcppabi_wx.l(cxa_default_handlers.cpp.o)
    0x20000008   0x0800b708   0x00000004   Data   RW         1858    .data.__cxa_unexpected_handler  libcppabi_wx.l(cxa_default_handlers.cpp.o)
    0x2000000c   0x0800b70c   0x00000001   Data   RW          967    .data.uwTickFreq    stm32f4xx_hal.o
    0x2000000d   0x0800b70d   0x00000003   PAD
    0x20000010   0x0800b710   0x00000004   Data   RW          966    .data.uwTickPrio    stm32f4xx_hal.o
    0x20000014   0x0800b714   0x00000004   PAD
    0x20000018        -       0x00000060   Zero   RW         2135    .bss                c_w.l(libspace.o)
    0x20000078        -       0x0000000c   Zero   RW         1502    .bss._ZN10__cxxabiv1L10eh_globalsE  libcppabi_wx.l(cxa_exception_storage.cpp.o)
    0x20000084        -       0x00000200   Zero   RW         1872    .bss._ZN12_GLOBAL__N_14heapE  libcppabi_wx.l(fallback_malloc.cpp.o)
    0x20000284        -       0x00000004   Zero   RW         1871    .bss._ZN12_GLOBAL__N_1L8freelistE  libcppabi_wx.l(fallback_malloc.cpp.o)
    0x20000288        -       0x00000001   Zero   RW         1643    .bss._ZN9libunwind17LocalAddressSpace17sThisAddressSpaceE  libunwind_wx.l(libunwind.cpp.o)
    0x20000289   0x0800b714   0x00000003   PAD
    0x2000028c        -       0x000002bc   Zero   RW           21    .bss.control        maincpp.o
    0x20000548        -       0x00000048   Zero   RW          101    .bss.htim1          main.o
    0x20000590        -       0x00000048   Zero   RW          100    .bss.htim2          main.o
    0x200005d8        -       0x00000048   Zero   RW          102    .bss.htim8          main.o
    0x20000620        -       0x00000048   Zero   RW          103    .bss.huart4         main.o
    0x20000668        -       0x00000004   Zero   RW          968    .bss.uwTick         stm32f4xx_hal.o
    0x2000066c        -       0x00000004   Zero   RW           22    .bss.v              maincpp.o
    0x20000670        -       0x00000200   Zero   RW            2    HEAP                startup_stm32f405xx.o
    0x20000870        -       0x00000400   Zero   RW            1    STACK               startup_stm32f405xx.o


    Execution Region RW_IRAM2 (Exec base: 0x2001c000, Load base: 0x0800b718, Size: 0x00000000, Max: 0x00004000, ABSOLUTE)

    **** No section assigned to this execution region ****


==============================================================================

Image component sizes


      Code (inc. data)   RO Data    RW Data    ZI Data      Debug   Object Name

       626          8         24          0          0      25466   control.o
       900         16          8          0        288      10773   main.o
       990          4        296          0        704      50492   maincpp.o
       442          4         32          0          0       9706   motor.o
        64         26        392          0       1536        820   startup_stm32f405xx.o
       280          0          0          5          4       7898   stm32f4xx_hal.o
       272          0         16          0          0      10986   stm32f4xx_hal_cortex.o
       734          0          0          0          0       8656   stm32f4xx_hal_dma.o
       454          0          0          0          0       5436   stm32f4xx_hal_gpio.o
       474          0          0          0          0      10303   stm32f4xx_hal_msp.o
      1514          0          0          0          0       7726   stm32f4xx_hal_rcc.o
     12444        144          0          0          0      41716   stm32f4xx_hal_tim.o
       470          0          0          0          0      18100   stm32f4xx_hal_tim_ex.o
      3108          0          0          0          0      23453   stm32f4xx_hal_uart.o
        32          0          8          0          0       1294   stm32f4xx_it.o
       142          0         24          4          0       2729   system_stm32f4xx.o

    ----------------------------------------------------------------------
     23166        202        832         12       2536     235554   Object Totals
         0          0         32          0          0          0   (incl. Generated)
       220          0          0          3          4          0   (incl. Padding)

    ----------------------------------------------------------------------

      Code (inc. data)   RO Data    RW Data    ZI Data      Debug   Library Member Name

         8          0          0          0          0         68   __main.o
       392          4         17          0          0         92   __printf_flags_ss_wp.o
        14          0          0          0          0         68   __printf_wp.o
         0          0          0          0          0          0   __rtentry.o
        12          0          0          0          0          0   __rtentry2.o
         6          0          8          0          0          0   __rtentry4.o
        52          8          0          0          0          0   __scatter.o
        26          0          0          0          0          0   __scatter_copy.o
        28          0          0          0          0          0   __scatter_zi.o
        72          0          0          0          0         96   _c16rtomb.o
         6          0          0          0          0          0   _printf_a.o
         6          0          0          0          0          0   _printf_c.o
        44          0          0          0          0        108   _printf_char.o
        48          6          0          0          0         96   _printf_char_common.o
        40          0          0          0          0         68   _printf_charcount.o
         6          0          0          0          0          0   _printf_d.o
       120         16          0          0          0         92   _printf_dec.o
         6          0          0          0          0          0   _printf_e.o
         6          0          0          0          0          0   _printf_f.o
      1054          0          0          0          0        216   _printf_fp_dec.o
       764          8         38          0          0        100   _printf_fp_hex.o
       128         16          0          0          0         84   _printf_fp_infnan.o
         6          0          0          0          0          0   _printf_g.o
       148          4         40          0          0        160   _printf_hex_int_ll_ptr.o
         6          0          0          0          0          0   _printf_i.o
       178          0          0          0          0         88   _printf_intcommon.o
        10          0          0          0          0          0   _printf_l.o
         6          0          0          0          0          0   _printf_lc.o
        10          0          0          0          0          0   _printf_ll.o
         6          0          0          0          0          0   _printf_lld.o
         6          0          0          0          0          0   _printf_lli.o
         6          0          0          0          0          0   _printf_llo.o
         6          0          0          0          0          0   _printf_llu.o
         6          0          0          0          0          0   _printf_llx.o
       124         16          0          0          0         92   _printf_longlong_dec.o
         6          0          0          0          0          0   _printf_ls.o
         6          0          0          0          0          0   _printf_n.o
         6          0          0          0          0          0   _printf_o.o
       112          8          0          0          0        124   _printf_oct_int_ll.o
         6          0          0          0          0          0   _printf_p.o
        78          0          0          0          0        108   _printf_pad.o
         0          0          0          0          0          0   _printf_percent.o
         4          0          0          0          0          0   _printf_percent_end.o
         6          0          0          0          0          0   _printf_s.o
        82          0          0          0          0         80   _printf_str.o
        36          0          0          0          0         84   _printf_truncate.o
         6          0          0          0          0          0   _printf_u.o
        44          0          0          0          0        108   _printf_wchar.o
       188          6          8          0          0         92   _printf_wctomb.o
         6          0          0          0          0          0   _printf_x.o
        10          0          0          0          0         68   _sputc.o
        22          0          0          0          0         80   abort.o
        46          0          0          0          0         84   aeabi_atexit.o
       228          4        148          0          0         96   bigflt0.o
      1936        128          0          0          0        672   btod.o
        40          0          0          0          0         80   calloc.o
        10          0          0          0          0         68   cxa_atexit.o
        66          0          0          0          0         84   cxa_finalize.o
        48         34          0          0          0         76   defsig_abrt_inner.o
        14          0          0          0          0         80   defsig_abrt_outer.o
        10          0          0          0          0         68   defsig_exit.o
        50          0          0          0          0         88   defsig_general.o
        80         58          0          0          0         76   defsig_rtmem_inner.o
        14          0          0          0          0         80   defsig_rtmem_outer.o
        18          0          0          0          0         80   exit.o
        94          0          0          0          0         80   h1_alloc.o
        52          0          0          0          0         68   h1_extend.o
        78          0          0          0          0         80   h1_free.o
        14          0          0          0          0         84   h1_init.o
         6          0          0          0          0        152   heapauxi.o
         4          0          0          0          0        136   hguard.o
         0          0          0          0          0          0   indicate_semi.o
        36         10          0          0          0         80   init_aeabi.o
       138          0          0          0          0        168   init_alloc.o
        44         10        272          0          0         76   lc_ctype_c.o
        44         10         28          0          0         76   lc_numeric_c.o
         2          0          0          0          0          0   libinit.o
        46          0          0          0          0          0   libinit2.o
         2          0          0          0          0          0   libshutdown.o
         8          0          0          0          0          0   libshutdown2.o
         8          4          0          0         96         68   libspace.o
       138          0          0          0          0         80   lludiv10.o
       238          0          0          0          0        100   lludivv7m.o
         0          0          0          0          0          0   maybetermalloc1.o
        16          4          0          0          0         76   rt_ctype_table.o
         8          4          0          0          0         68   rt_ddtor_pointer_addr_intlibspace.o
         8          4          0          0          0         68   rt_heap_descriptor_intlibspace.o
         8          4          0          0          0         68   rt_locale_intlibspace.o
        68          0          0          0          0         68   rt_memclr.o
        78          0          0          0          0         80   rt_memclr_w.o
       138          0          0          0          0         68   rt_memcpy_v6.o
       100          0          0          0          0         80   rt_memcpy_w.o
         2          0          0          0          0          0   rtexit.o
        10          0          0          0          0          0   rtexit2.o
       124          0          0          0          0         88   strcmpv7em.o
        62          0          0          0          0         76   strlen.o
        12          4          0          0          0         68   sys_exit.o
        74          0          0          0          0         80   sys_stackheap_outer.o
        14          0          0          0          0         76   sys_wrch.o
         2          0          0          0          0         68   use_no_semi.o
        36          4          0          0          0         76   vsprintf.o
        98          4          0          0          0        140   d2f.o
       688        140          0          0          0        264   ddiv.o
       340         12          0          0          0        152   dmul.o
       156          4          0          0          0        140   dnaninf.o
        12          0          0          0          0        116   dretinf.o
        86          4          0          0          0        132   f2d.o
       140          4          0          0          0        132   fnaninf.o
        10          0          0          0          0        116   fpinit.o
        10          0          0          0          0        116   fretinf.o
         4          0          0          0          0        116   printf1.o
         4          0          0          0          0        116   printf2.o
         0          0          0          0          0          0   usenofp.o
        30          0          8          0          0          0   new.cpp.o
         4          0          8          0          0          0   abort_message.cpp.o
        88          0          0          8          0          0   cxa_default_handlers.cpp.o
       804          0        284          0          0          0   cxa_exception.cpp.o
        20          0          8          0         12          0   cxa_exception_storage.cpp.o
       348        136        144          0          0          0   cxa_handlers.cpp.o
      2246         14        220          0          0          0   cxa_personality.cpp.o
       368          0          8          0        516          0   fallback_malloc.cpp.o
      2126          0        614          0          0          0   private_typeinfo.cpp.o
       156         80        234          0          0          0   stdlib_exception.cpp.o
         2          0         21          0          0          0   stdlib_typeinfo.cpp.o
      1534         14        108          0          0          0   Unwind-EHABI.cpp.o
        38          0          0          0          0          0   UnwindRegistersRestore.S.o
        46          0          0          0          0          0   UnwindRegistersSave.S.o
      2524        568        296          0          1          0   libunwind.cpp.o
        48          0          0          0          0        124   fpclassify.o

    ----------------------------------------------------------------------
     20210       1354       2636          8        628       7824   Library Totals
        34          0        124          0          3          0   (incl. Padding)

    ----------------------------------------------------------------------

      Code (inc. data)   RO Data    RW Data    ZI Data      Debug   Library Name

      8246        374        559          0         96       6160   c_w.l
      1548        168          0          0          0       1540   fz_wm.l
        30          0          8          0          0          0   libcpp_wx.l
      6162        230       1541          8        528          0   libcppabi_wx.l
      4142        582        404          0          1          0   libunwind_wx.l
        48          0          0          0          0        124   m_wm.l

    ----------------------------------------------------------------------
     20210       1354       2636          8        628       7824   Library Totals

    ----------------------------------------------------------------------

==============================================================================


      Code (inc. data)   RO Data    RW Data    ZI Data      Debug   

     43376       1556       3468         20       3164     238618   Grand Totals
     43376       1556       3468         20       3164     238618   ELF Image Totals
     43376       1556       3468         20          0          0   ROM Totals

==============================================================================

    Total RO  Size (Code + RO Data)                46844 (  45.75kB)
    Total RW  Size (RW Data + ZI Data)              3184 (   3.11kB)
    Total ROM Size (Code + RO Data + RW Data)      46864 (  45.77kB)

==============================================================================

