<html>
<body>
<pre>
<h1>µVision Build Log</h1>
<h2>Tool Versions:</h2>
IDE-Version: ¦ÌVision V5.24.2.0
Copyright (C) 2017 ARM Ltd and ARM Germany GmbH. All rights reserved.
License Information: tian Lenovo, 123, LIC=FYKYW-QTD08-30LNC-7PA2R-C6LJK-87QB5
 
Tool Versions:
Toolchain:       MDK-ARM Plus  Version: 5.24.1
Toolchain Path:  F:\tools\keil\ARM\ARMCLANG\Bin
C Compiler:      ArmClang.exe V6.7
Assembler:       Armasm.exe V6.7
Linker/Locator:  ArmLink.exe V6.7
Library Manager: ArmAr.exe V6.7
Hex Converter:   FromElf.exe V6.7
CPU DLL:         SARMCM3.DLL V5.24.1
Dialog DLL:      DCM.DLL V1.16.0.0
Target DLL:      CMSIS_AGDI.dll V1.28.3.0
Dialog DLL:      TCM.DLL V1.32.0.0
 
<h2>Project:</h2>
F:\project\git\my_chassis\chassis\MDK-ARM\chassis.uvprojx
Project File Date:  02/03/2025

<h2>Output:</h2>
*** Using Compiler 'V6.7', folder: 'F:\tools\keil\ARM\ARMCLANG\Bin'
Rebuild target 'chassis'
assembling startup_stm32f405xx.s...
compiling stm32f4xx_hal_flash_ramfunc.c...
compiling stm32f4xx_hal_msp.c...
compiling stm32f4xx_hal_tim_ex.c...
compiling stm32f4xx_hal_flash.c...
compiling main.c...
compiling stm32f4xx_it.c...
compiling stm32f4xx_hal_gpio.c...
compiling stm32f4xx_hal_rcc_ex.c...
compiling stm32f4xx_hal_flash_ex.c...
compiling stm32f4xx_hal_dma_ex.c...
compiling stm32f4xx_hal_rcc.c...
../Core/Src/maincpp.cpp(10): warning: In file included from...
../Hardware/motor.h(24): warning: In file included from...
../Hardware/Encoder.h(38): warning: comparison of constant 61439 with expression of type 'int16_t' (aka 'short') is always false [-Wtautological-constant-out-of-range-compare]
                if (_pulse_count > 0xefff)
                    ~~~~~~~~~~~~ ^ ~~~~~~
1 warning generated.
compiling maincpp.cpp...
compiling stm32f4xx_hal_dma.c...
compiling stm32f4xx_hal_tim.c...
compiling stm32f4xx_hal_pwr.c...
compiling stm32f4xx_hal_pwr_ex.c...
compiling Kinematic.cpp...
compiling stm32f4xx_hal_exti.c...
compiling stm32f4xx_hal.c...
compiling system_stm32f4xx.c...
compiling stm32f4xx_hal_cortex.c...
../Hardware/motor.cpp(9): warning: In file included from...
../Hardware/motor.h(24): warning: In file included from...
../Hardware/Encoder.h(38): warning: comparison of constant 61439 with expression of type 'int16_t' (aka 'short') is always false [-Wtautological-constant-out-of-range-compare]
                if (_pulse_count > 0xefff)
                    ~~~~~~~~~~~~ ^ ~~~~~~
1 warning generated.
compiling motor.cpp...
../Hardware/Control.cpp(9): warning: In file included from...
../Hardware/Control.h(11): warning: In file included from...
../Hardware/Kinematic.h(15): warning: In file included from...
../Hardware/motor.h(24): warning: In file included from...
../Hardware/Encoder.h(38): warning: comparison of constant 61439 with expression of type 'int16_t' (aka 'short') is always false [-Wtautological-constant-out-of-range-compare]
                if (_pulse_count > 0xefff)
                    ~~~~~~~~~~~~ ^ ~~~~~~
../Hardware/Control.cpp(16): warning: enumeration values 'OpenLoop' and 'PureCloseLoop' not handled in switch [-Wswitch]
    switch(_mode)
           ^
../Hardware/Control.cpp(40): warning: enumeration values 'OpenLoop' and 'PureCloseLoop' not handled in switch [-Wswitch]
    switch(_mode)
           ^
3 warnings generated.
compiling Control.cpp...
compiling stm32f4xx_hal_uart.c...
compiling Lib_tuple.cpp...
compiling Lib_Static.cpp...
linking...
Program Size: Code=43376 RO-data=3468 RW-data=20 ZI-data=3164  
FromELF: creating hex file...
"chassis\chassis.axf" - 0 Error(s), 5 Warning(s).

<h2>Software Packages used:</h2>

Package Vendor: ARM
                http://www.keil.com/pack/ARM.CMSIS.5.0.1.pack
                ARM.CMSIS.5.0.1
                CMSIS (Cortex Microcontroller Software Interface Standard)
   * Component: CORE Version: 5.0.1

Package Vendor: Keil
                http://www.keil.com/pack/Keil.STM32F4xx_DFP.2.5.0.pack
                Keil.STM32F4xx_DFP.2.5.0
                STMicroelectronics STM32F4 Series Device Support, Drivers and Examples

<h2>Collection of Component include folders:</h2>
  .\RTE\_chassis
  F:\tools\keil\ARM\CMSIS\5.0.1\CMSIS\Include
  F:\tools\keil\Keil\STM32F4xx_DFP\2.5.0\Drivers\CMSIS\Device\ST\STM32F4xx\Include

<h2>Collection of Component Files used:</h2>

   * Component: ARM::CMSIS:CORE:5.0.1
Build Time Elapsed:  00:00:04
</pre>
</body>
</html>
